Archive member included to satisfy reference by file (symbol)

/opt/devkitpro/devkitARM/arm-none-eabi/lib/libm.a(libm_a-s_sin.o)
                              m4-raycaster.o (sin)
/opt/devkitpro/devkitARM/arm-none-eabi/lib/libm.a(libm_a-e_rem_pio2.o)
                              /opt/devkitpro/devkitARM/arm-none-eabi/lib/libm.a(libm_a-s_sin.o) (__ieee754_rem_pio2)
/opt/devkitpro/devkitARM/arm-none-eabi/lib/libm.a(libm_a-k_rem_pio2.o)
                              /opt/devkitpro/devkitARM/arm-none-eabi/lib/libm.a(libm_a-e_rem_pio2.o) (__kernel_rem_pio2)
/opt/devkitpro/devkitARM/arm-none-eabi/lib/libm.a(libm_a-s_scalbn.o)
                              /opt/devkitpro/devkitARM/arm-none-eabi/lib/libm.a(libm_a-k_rem_pio2.o) (scalbn)
/opt/devkitpro/devkitARM/arm-none-eabi/lib/libm.a(libm_a-k_sin.o)
                              /opt/devkitpro/devkitARM/arm-none-eabi/lib/libm.a(libm_a-s_sin.o) (__kernel_sin)
/opt/devkitpro/devkitARM/arm-none-eabi/lib/libm.a(libm_a-s_cos.o)
                              m4-raycaster.o (cos)
/opt/devkitpro/devkitARM/arm-none-eabi/lib/libm.a(libm_a-s_floor.o)
                              /opt/devkitpro/devkitARM/arm-none-eabi/lib/libm.a(libm_a-k_rem_pio2.o) (floor)
/opt/devkitpro/devkitARM/arm-none-eabi/lib/libm.a(libm_a-k_cos.o)
                              /opt/devkitpro/devkitARM/arm-none-eabi/lib/libm.a(libm_a-s_sin.o) (__kernel_cos)
/opt/devkitpro/devkitARM/arm-none-eabi/lib/libm.a(libm_a-s_fabs.o)
                              /opt/devkitpro/devkitARM/arm-none-eabi/lib/libm.a(libm_a-e_rem_pio2.o) (fabs)
/opt/devkitpro/libtonc/lib/libtonc.a(tonc_core.o)
                              m4-raycaster.o (vid_page)
/opt/devkitpro/libtonc/lib/libtonc.a(tonc_video.o)
                              m4-raycaster.o (vid_flip)
/opt/devkitpro/libtonc/lib/libtonc.a(tonc_input.o)
                              m4-raycaster.o (key_poll)
/opt/devkitpro/libtonc/lib/libtonc.a(tonc_bios.o)
                              /opt/devkitpro/libtonc/lib/libtonc.a(tonc_input.o) (VBlankIntrWait)
/opt/devkitpro/devkitARM/bin/../lib/gcc/arm-none-eabi/14.2.0/thumb/libgcc.a(_arm_muldf3.o)
                              m4-raycaster.o (__aeabi_dmul)
/opt/devkitpro/devkitARM/bin/../lib/gcc/arm-none-eabi/14.2.0/thumb/libgcc.a(_arm_addsubdf3.o)
                              /opt/devkitpro/devkitARM/arm-none-eabi/lib/libm.a(libm_a-s_sin.o) (__aeabi_dsub)
/opt/devkitpro/devkitARM/bin/../lib/gcc/arm-none-eabi/14.2.0/thumb/libgcc.a(_arm_cmpdf2.o)
                              /opt/devkitpro/devkitARM/arm-none-eabi/lib/libm.a(libm_a-e_rem_pio2.o) (__aeabi_dcmpeq)
/opt/devkitpro/devkitARM/bin/../lib/gcc/arm-none-eabi/14.2.0/thumb/libgcc.a(_arm_fixdfsi.o)
                              m4-raycaster.o (__aeabi_d2iz)
/opt/devkitpro/devkitARM/bin/../lib/gcc/arm-none-eabi/14.2.0/thumb/libgcc.a(_sync_none.o)
                              (__sync_synchronize_none)
/opt/devkitpro/devkitARM/arm-none-eabi/lib/libg.a(libc_a-init.o)
                              /opt/devkitpro/devkitARM/bin/../lib/gcc/arm-none-eabi/14.2.0/../../../../arm-none-eabi/lib/thumb/gba_crt0.o (__libc_init_array)
/opt/devkitpro/devkitARM/arm-none-eabi/lib/libsysbase.a(libsysbase_libsysbase_a-malloc_vars.o)
                              /opt/devkitpro/devkitARM/bin/../lib/gcc/arm-none-eabi/14.2.0/../../../../arm-none-eabi/lib/thumb/gba_crt0.o (fake_heap_end)

Discarded input sections

 .text          0x00000000        0x0 /opt/devkitpro/devkitARM/bin/../lib/gcc/arm-none-eabi/14.2.0/../../../../arm-none-eabi/lib/thumb/gba_crt0.o
 .data          0x00000000        0x0 /opt/devkitpro/devkitARM/bin/../lib/gcc/arm-none-eabi/14.2.0/../../../../arm-none-eabi/lib/thumb/gba_crt0.o
 .bss           0x00000000        0x0 /opt/devkitpro/devkitARM/bin/../lib/gcc/arm-none-eabi/14.2.0/../../../../arm-none-eabi/lib/thumb/gba_crt0.o
 .text          0x00000000        0x0 /opt/devkitpro/devkitARM/bin/../lib/gcc/arm-none-eabi/14.2.0/thumb/crti.o
 .data          0x00000000        0x0 /opt/devkitpro/devkitARM/bin/../lib/gcc/arm-none-eabi/14.2.0/thumb/crti.o
 .bss           0x00000000        0x0 /opt/devkitpro/devkitARM/bin/../lib/gcc/arm-none-eabi/14.2.0/thumb/crti.o
 .text          0x00000000        0x0 /opt/devkitpro/devkitARM/bin/../lib/gcc/arm-none-eabi/14.2.0/thumb/crtbegin.o
 .data          0x00000000        0x0 /opt/devkitpro/devkitARM/bin/../lib/gcc/arm-none-eabi/14.2.0/thumb/crtbegin.o
 .bss           0x00000000        0x0 /opt/devkitpro/devkitARM/bin/../lib/gcc/arm-none-eabi/14.2.0/thumb/crtbegin.o
 .rodata.all_implied_fbits
                0x00000000       0x24 /opt/devkitpro/devkitARM/bin/../lib/gcc/arm-none-eabi/14.2.0/thumb/crtbegin.o
 .data.__dso_handle
                0x00000000        0x4 /opt/devkitpro/devkitARM/bin/../lib/gcc/arm-none-eabi/14.2.0/thumb/crtbegin.o
 .text          0x00000000        0x0 /opt/devkitpro/devkitARM/arm-none-eabi/lib/libm.a(libm_a-s_sin.o)
 .data          0x00000000        0x0 /opt/devkitpro/devkitARM/arm-none-eabi/lib/libm.a(libm_a-s_sin.o)
 .bss           0x00000000        0x0 /opt/devkitpro/devkitARM/arm-none-eabi/lib/libm.a(libm_a-s_sin.o)
 .text          0x00000000        0x0 /opt/devkitpro/devkitARM/arm-none-eabi/lib/libm.a(libm_a-e_rem_pio2.o)
 .data          0x00000000        0x0 /opt/devkitpro/devkitARM/arm-none-eabi/lib/libm.a(libm_a-e_rem_pio2.o)
 .bss           0x00000000        0x0 /opt/devkitpro/devkitARM/arm-none-eabi/lib/libm.a(libm_a-e_rem_pio2.o)
 .text          0x00000000        0x0 /opt/devkitpro/devkitARM/arm-none-eabi/lib/libm.a(libm_a-k_rem_pio2.o)
 .data          0x00000000        0x0 /opt/devkitpro/devkitARM/arm-none-eabi/lib/libm.a(libm_a-k_rem_pio2.o)
 .bss           0x00000000        0x0 /opt/devkitpro/devkitARM/arm-none-eabi/lib/libm.a(libm_a-k_rem_pio2.o)
 .text          0x00000000        0x0 /opt/devkitpro/devkitARM/arm-none-eabi/lib/libm.a(libm_a-s_scalbn.o)
 .data          0x00000000        0x0 /opt/devkitpro/devkitARM/arm-none-eabi/lib/libm.a(libm_a-s_scalbn.o)
 .bss           0x00000000        0x0 /opt/devkitpro/devkitARM/arm-none-eabi/lib/libm.a(libm_a-s_scalbn.o)
 .text          0x00000000        0x0 /opt/devkitpro/devkitARM/arm-none-eabi/lib/libm.a(libm_a-k_sin.o)
 .data          0x00000000        0x0 /opt/devkitpro/devkitARM/arm-none-eabi/lib/libm.a(libm_a-k_sin.o)
 .bss           0x00000000        0x0 /opt/devkitpro/devkitARM/arm-none-eabi/lib/libm.a(libm_a-k_sin.o)
 .text          0x00000000        0x0 /opt/devkitpro/devkitARM/arm-none-eabi/lib/libm.a(libm_a-s_cos.o)
 .data          0x00000000        0x0 /opt/devkitpro/devkitARM/arm-none-eabi/lib/libm.a(libm_a-s_cos.o)
 .bss           0x00000000        0x0 /opt/devkitpro/devkitARM/arm-none-eabi/lib/libm.a(libm_a-s_cos.o)
 .text          0x00000000        0x0 /opt/devkitpro/devkitARM/arm-none-eabi/lib/libm.a(libm_a-s_floor.o)
 .data          0x00000000        0x0 /opt/devkitpro/devkitARM/arm-none-eabi/lib/libm.a(libm_a-s_floor.o)
 .bss           0x00000000        0x0 /opt/devkitpro/devkitARM/arm-none-eabi/lib/libm.a(libm_a-s_floor.o)
 .text          0x00000000        0x0 /opt/devkitpro/devkitARM/arm-none-eabi/lib/libm.a(libm_a-k_cos.o)
 .data          0x00000000        0x0 /opt/devkitpro/devkitARM/arm-none-eabi/lib/libm.a(libm_a-k_cos.o)
 .bss           0x00000000        0x0 /opt/devkitpro/devkitARM/arm-none-eabi/lib/libm.a(libm_a-k_cos.o)
 .text          0x00000000        0x0 /opt/devkitpro/devkitARM/arm-none-eabi/lib/libm.a(libm_a-s_fabs.o)
 .data          0x00000000        0x0 /opt/devkitpro/devkitARM/arm-none-eabi/lib/libm.a(libm_a-s_fabs.o)
 .bss           0x00000000        0x0 /opt/devkitpro/devkitARM/arm-none-eabi/lib/libm.a(libm_a-s_fabs.o)
 .text          0x00000000      0x1c4 /opt/devkitpro/libtonc/lib/libtonc.a(tonc_core.o)
 .bss           0x00000000        0x0 /opt/devkitpro/libtonc/lib/libtonc.a(tonc_core.o)
 .rodata        0x00000000       0x58 /opt/devkitpro/libtonc/lib/libtonc.a(tonc_core.o)
 .data          0x00000000        0x0 /opt/devkitpro/libtonc/lib/libtonc.a(tonc_video.o)
 .bss           0x00000000        0x0 /opt/devkitpro/libtonc/lib/libtonc.a(tonc_video.o)
 .data          0x00000000        0x0 /opt/devkitpro/libtonc/lib/libtonc.a(tonc_bios.o)
 .bss           0x00000000        0x0 /opt/devkitpro/libtonc/lib/libtonc.a(tonc_bios.o)
 .data          0x00000000        0x0 /opt/devkitpro/devkitARM/bin/../lib/gcc/arm-none-eabi/14.2.0/thumb/libgcc.a(_arm_muldf3.o)
 .bss           0x00000000        0x0 /opt/devkitpro/devkitARM/bin/../lib/gcc/arm-none-eabi/14.2.0/thumb/libgcc.a(_arm_muldf3.o)
 .data          0x00000000        0x0 /opt/devkitpro/devkitARM/bin/../lib/gcc/arm-none-eabi/14.2.0/thumb/libgcc.a(_arm_addsubdf3.o)
 .bss           0x00000000        0x0 /opt/devkitpro/devkitARM/bin/../lib/gcc/arm-none-eabi/14.2.0/thumb/libgcc.a(_arm_addsubdf3.o)
 .data          0x00000000        0x0 /opt/devkitpro/devkitARM/bin/../lib/gcc/arm-none-eabi/14.2.0/thumb/libgcc.a(_arm_cmpdf2.o)
 .bss           0x00000000        0x0 /opt/devkitpro/devkitARM/bin/../lib/gcc/arm-none-eabi/14.2.0/thumb/libgcc.a(_arm_cmpdf2.o)
 .data          0x00000000        0x0 /opt/devkitpro/devkitARM/bin/../lib/gcc/arm-none-eabi/14.2.0/thumb/libgcc.a(_arm_fixdfsi.o)
 .bss           0x00000000        0x0 /opt/devkitpro/devkitARM/bin/../lib/gcc/arm-none-eabi/14.2.0/thumb/libgcc.a(_arm_fixdfsi.o)
 .text          0x00000000        0x4 /opt/devkitpro/devkitARM/bin/../lib/gcc/arm-none-eabi/14.2.0/thumb/libgcc.a(_sync_none.o)
 .data          0x00000000        0x0 /opt/devkitpro/devkitARM/bin/../lib/gcc/arm-none-eabi/14.2.0/thumb/libgcc.a(_sync_none.o)
 .bss           0x00000000        0x0 /opt/devkitpro/devkitARM/bin/../lib/gcc/arm-none-eabi/14.2.0/thumb/libgcc.a(_sync_none.o)
 .text          0x00000000        0x0 /opt/devkitpro/devkitARM/arm-none-eabi/lib/libg.a(libc_a-init.o)
 .data          0x00000000        0x0 /opt/devkitpro/devkitARM/arm-none-eabi/lib/libg.a(libc_a-init.o)
 .bss           0x00000000        0x0 /opt/devkitpro/devkitARM/arm-none-eabi/lib/libg.a(libc_a-init.o)
 .text          0x00000000        0x0 /opt/devkitpro/devkitARM/arm-none-eabi/lib/libsysbase.a(libsysbase_libsysbase_a-malloc_vars.o)
 .data          0x00000000        0x0 /opt/devkitpro/devkitARM/arm-none-eabi/lib/libsysbase.a(libsysbase_libsysbase_a-malloc_vars.o)
 .bss           0x00000000        0x0 /opt/devkitpro/devkitARM/arm-none-eabi/lib/libsysbase.a(libsysbase_libsysbase_a-malloc_vars.o)
 .bss.fake_heap_start
                0x00000000        0x4 /opt/devkitpro/devkitARM/arm-none-eabi/lib/libsysbase.a(libsysbase_libsysbase_a-malloc_vars.o)
 .text          0x00000000        0x0 /opt/devkitpro/devkitARM/bin/../lib/gcc/arm-none-eabi/14.2.0/thumb/crtend.o
 .data          0x00000000        0x0 /opt/devkitpro/devkitARM/bin/../lib/gcc/arm-none-eabi/14.2.0/thumb/crtend.o
 .bss           0x00000000        0x0 /opt/devkitpro/devkitARM/bin/../lib/gcc/arm-none-eabi/14.2.0/thumb/crtend.o
 .rodata.all_implied_fbits
                0x00000000       0x24 /opt/devkitpro/devkitARM/bin/../lib/gcc/arm-none-eabi/14.2.0/thumb/crtend.o
 .text          0x00000000        0x0 /opt/devkitpro/devkitARM/bin/../lib/gcc/arm-none-eabi/14.2.0/thumb/crtn.o
 .data          0x00000000        0x0 /opt/devkitpro/devkitARM/bin/../lib/gcc/arm-none-eabi/14.2.0/thumb/crtn.o
 .bss           0x00000000        0x0 /opt/devkitpro/devkitARM/bin/../lib/gcc/arm-none-eabi/14.2.0/thumb/crtn.o

Memory Configuration

Name             Origin             Length             Attributes
rom              0x08000000         0x02000000
iwram            0x03000000         0x00008000
ewram            0x02000000         0x00040000
*default*        0x00000000         0xffffffff

Linker script and memory map

                0x00000000                        __sync_synchronize = __sync_synchronize_none
                0x08000000                        __text_start = ORIGIN (rom)
                0x02040000                        __eheap_end = (ORIGIN (ewram) + LENGTH (ewram))
                0x03000000                        __iwram_start = ORIGIN (iwram)
                0x03008000                        __iwram_top = (ORIGIN (iwram) + LENGTH (iwram))
                0x03007fa0                        __sp_irq = (__iwram_top - 0x60)
                0x03007f00                        __sp_usr = (__sp_irq - 0xa0)
                0x03007ff8                        __irq_flags = 0x3007ff8
                0x08000000                        . = __text_start

.crt0           0x08000000      0x210
 *(.crt0)
 .crt0          0x08000000      0x210 /opt/devkitpro/devkitARM/bin/../lib/gcc/arm-none-eabi/14.2.0/../../../../arm-none-eabi/lib/thumb/gba_crt0.o
                0x08000000                _start
                0x080000c4                __boot_method
                0x080000c5                __slave_number
                0x080000e0                start_vector
                0x08000210                        . = ALIGN (0x4)

.init           0x08000210        0xc
 *(SORT_NONE(.init))
 .init          0x08000210        0x4 /opt/devkitpro/devkitARM/bin/../lib/gcc/arm-none-eabi/14.2.0/thumb/crti.o
                0x08000210                _init
 .init          0x08000214        0x8 /opt/devkitpro/devkitARM/bin/../lib/gcc/arm-none-eabi/14.2.0/thumb/crtn.o

.plt            0x0800021c        0x0
 *(.plt)
                0x0800021c                        . = ALIGN (0x4)

.text           0x08000220     0x2c40
 *(EXCLUDE_FILE(*.iwram*) .text*)
 .text.__do_global_dtors_aux
                0x08000220       0x2c /opt/devkitpro/devkitARM/bin/../lib/gcc/arm-none-eabi/14.2.0/thumb/crtbegin.o
 .text.frame_dummy
                0x0800024c       0x24 /opt/devkitpro/devkitARM/bin/../lib/gcc/arm-none-eabi/14.2.0/thumb/crtbegin.o
 .text          0x08000270      0x42c m4-raycaster.o
                0x08000270                draw_tile
                0x08000304                draw_map
                0x08000414                render_player
                0x08000448                render_direction
                0x080004d4                player_in_collision
                0x08000500                update_player
 .text.startup  0x0800069c       0x78 m4-raycaster.o
                0x0800069c                main
 .text.sin      0x08000714       0xf8 /opt/devkitpro/devkitARM/arm-none-eabi/lib/libm.a(libm_a-s_sin.o)
                0x08000714                sin
 *fill*         0x0800080c        0x4 ff
 .text.__ieee754_rem_pio2
                0x08000810      0x624 /opt/devkitpro/devkitARM/arm-none-eabi/lib/libm.a(libm_a-e_rem_pio2.o)
                0x08000810                __ieee754_rem_pio2
 .text.__kernel_rem_pio2
                0x08000e34      0xc64 /opt/devkitpro/devkitARM/arm-none-eabi/lib/libm.a(libm_a-k_rem_pio2.o)
                0x08000e34                __kernel_rem_pio2
 .text.scalbn   0x08001a98      0x180 /opt/devkitpro/devkitARM/arm-none-eabi/lib/libm.a(libm_a-s_scalbn.o)
                0x08001a98                scalbn
 .text.__kernel_sin
                0x08001c18      0x214 /opt/devkitpro/devkitARM/arm-none-eabi/lib/libm.a(libm_a-k_sin.o)
                0x08001c18                __kernel_sin
 .text.cos      0x08001e2c       0xcc /opt/devkitpro/devkitARM/arm-none-eabi/lib/libm.a(libm_a-s_cos.o)
                0x08001e2c                cos
 .text.floor    0x08001ef8      0x184 /opt/devkitpro/devkitARM/arm-none-eabi/lib/libm.a(libm_a-s_floor.o)
                0x08001ef8                floor
 *fill*         0x0800207c        0x4 ff
 .text.__kernel_cos
                0x08002080      0x360 /opt/devkitpro/devkitARM/arm-none-eabi/lib/libm.a(libm_a-k_cos.o)
                0x08002080                __kernel_cos
 .text.fabs     0x080023e0        0xc /opt/devkitpro/devkitARM/arm-none-eabi/lib/libm.a(libm_a-s_fabs.o)
                0x080023e0                fabs
 .text          0x080023ec       0x20 /opt/devkitpro/libtonc/lib/libtonc.a(tonc_video.o)
                0x080023ec                vid_flip
 .text          0x0800240c       0xa8 /opt/devkitpro/libtonc/lib/libtonc.a(tonc_input.o)
                0x0800240c                key_poll
                0x08002460                key_wait_till_hit
                0x08002484                key_repeat
                0x08002490                key_repeat_mask
                0x080024a0                key_repeat_limits
 .text          0x080024b4       0x8c /opt/devkitpro/libtonc/lib/libtonc.a(tonc_bios.o)
                0x080024b4                SoftReset
                0x080024b8                RegisterRamReset
                0x080024bc                Halt
                0x080024c0                Stop
                0x080024c4                IntrWait
                0x080024c8                VBlankIntrWait
                0x080024cc                Div
                0x080024d0                DivArm
                0x080024d4                Sqrt
                0x080024d8                ArcTan
                0x080024dc                ArcTan2
                0x080024e0                CpuSet
                0x080024e4                CpuFastSet
                0x080024e8                BiosCheckSum
                0x080024ec                BgAffineSet
                0x080024f0                ObjAffineSet
                0x080024f4                BitUnPack
                0x080024f8                LZ77UnCompWram
                0x080024fc                LZ77UnCompVram
                0x08002500                HuffUnComp
                0x08002504                RLUnCompWram
                0x08002508                RLUnCompVram
                0x0800250c                Diff8bitUnFilterWram
                0x08002510                Diff8bitUnFilterVram
                0x08002514                Diff16bitUnFilter
                0x08002518                SoundBias
                0x0800251c                SoundDriverInit
                0x08002520                SoundDriverMode
                0x08002524                SoundDriverMain
                0x08002528                SoundDriverVSync
                0x0800252c                SoundChannelClear
                0x08002530                MidiKey2Freq
                0x08002534                MultiBoot
                0x08002538                SoundDriverVSyncOff
                0x0800253c                SoundDriverVSyncOn
 .text          0x08002540      0x290 /opt/devkitpro/devkitARM/bin/../lib/gcc/arm-none-eabi/14.2.0/thumb/libgcc.a(_arm_muldf3.o)
                0x08002540                __aeabi_dmul
                0x08002540                __muldf3
 .text          0x080027d0      0x424 /opt/devkitpro/devkitARM/bin/../lib/gcc/arm-none-eabi/14.2.0/thumb/libgcc.a(_arm_addsubdf3.o)
                0x080027d0                __aeabi_drsub
                0x080027d8                __aeabi_dsub
                0x080027d8                __subdf3
                0x080027dc                __adddf3
                0x080027dc                __aeabi_dadd
                0x08002aec                __aeabi_ui2d
                0x08002aec                __floatunsidf
                0x08002b10                __floatsidf
                0x08002b10                __aeabi_i2d
                0x08002b38                __extendsfdf2
                0x08002b38                __aeabi_f2d
                0x08002b80                __aeabi_ul2d
                0x08002b80                __floatundidf
                0x08002b94                __floatdidf
                0x08002b94                __aeabi_l2d
 .text          0x08002bf4      0x144 /opt/devkitpro/devkitARM/bin/../lib/gcc/arm-none-eabi/14.2.0/thumb/libgcc.a(_arm_cmpdf2.o)
                0x08002bf4                __gtdf2
                0x08002bf4                __gedf2
                0x08002bfc                __ltdf2
                0x08002bfc                __ledf2
                0x08002c04                __cmpdf2
                0x08002c04                __eqdf2
                0x08002c04                __nedf2
                0x08002c8c                __aeabi_cdrcmple
                0x08002ca8                __aeabi_cdcmple
                0x08002ca8                __aeabi_cdcmpeq
                0x08002cc0                __aeabi_dcmpeq
                0x08002cd8                __aeabi_dcmplt
                0x08002cf0                __aeabi_dcmple
                0x08002d08                __aeabi_dcmpge
                0x08002d20                __aeabi_dcmpgt
 .text          0x08002d38       0x5c /opt/devkitpro/devkitARM/bin/../lib/gcc/arm-none-eabi/14.2.0/thumb/libgcc.a(_arm_fixdfsi.o)
                0x08002d38                __fixdfsi
                0x08002d38                __aeabi_d2iz
 .text.__libc_init_array
                0x08002d94       0x90 /opt/devkitpro/devkitARM/arm-none-eabi/lib/libg.a(libc_a-init.o)
                0x08002d94                __libc_init_array
 *fill*         0x08002e24        0x4 ff
 .text.__libc_init_array.__stub
                0x08002e28       0x34 linker stubs
 *(.gnu.linkonce.t.*)
 *(.text.*personality*)
 *(.gnu.warning)
 *(.glue_7t)
 .glue_7t       0x08002e60        0x0 linker stubs
 *(.glue_7)
 .glue_7        0x08002e60        0x0 linker stubs
 *(.vfp11_veneer)
 .vfp11_veneer  0x08002e60        0x0 linker stubs
                0x08002e60                        . = ALIGN (0x4)
                0x08002e60                        __text_end = .

.v4_bx          0x08002e60        0x0
 .v4_bx         0x08002e60        0x0 linker stubs

.iplt           0x08002e60        0x0
 .iplt          0x08002e60        0x0 /opt/devkitpro/devkitARM/bin/../lib/gcc/arm-none-eabi/14.2.0/../../../../arm-none-eabi/lib/thumb/gba_crt0.o

.fini           0x08002e60        0xc
 *(.fini)
 .fini          0x08002e60        0x4 /opt/devkitpro/devkitARM/bin/../lib/gcc/arm-none-eabi/14.2.0/thumb/crti.o
                0x08002e60                _fini
 .fini          0x08002e64        0x8 /opt/devkitpro/devkitARM/bin/../lib/gcc/arm-none-eabi/14.2.0/thumb/crtn.o
                0x08002e6c                        . = ALIGN (0x4)

.rodata         0x08002e70      0x240
 *(.rodata)
 .rodata        0x08002e70       0x68 m4-raycaster.o
                0x08002e70                worldMap
                0x08002eb0                PLAYER_START_THETA
                0x08002eb4                PLAYER_START_Y
                0x08002eb8                PLAYER_START_X
                0x08002ebc                MAP_Y
                0x08002ec0                MAP_X
                0x08002ec4                MAP_HEIGHT
                0x08002ec8                MAP_WIDTH
                0x08002ecc                TILE_SIZE
                0x08002ed0                ANGULAR_SPEED
                0x08002ed4                LINEAR_SPEED
 *all.rodata*(*)
 *(.roda)
 *(.rodata.*)
 .rodata.npio2_hw
                0x08002ed8       0x80 /opt/devkitpro/devkitARM/arm-none-eabi/lib/libm.a(libm_a-e_rem_pio2.o)
 .rodata.two_over_pi
                0x08002f58      0x108 /opt/devkitpro/devkitARM/arm-none-eabi/lib/libm.a(libm_a-e_rem_pio2.o)
 .rodata.PIo2   0x08003060       0x40 /opt/devkitpro/devkitARM/arm-none-eabi/lib/libm.a(libm_a-k_rem_pio2.o)
 .rodata.init_jk
                0x080030a0       0x10 /opt/devkitpro/devkitARM/arm-none-eabi/lib/libm.a(libm_a-k_rem_pio2.o)
 *(.gnu.linkonce.r*)
                0x080030b0                        . = ALIGN (0x4)

.ARM.extab
 *(.ARM.extab* .gnu.linkonce.armextab.*)
                0x080030b0                        __exidx_start = .

.ARM.exidx
 *(.ARM.exidx* .gnu.linkonce.armexidx.*)
                0x080030b0                        __exidx_end = .

.ctors          0x080030b0        0x0
 *crtbegin.o(.ctors)
 *(EXCLUDE_FILE(*crtend.o) .ctors)
 *(SORT_BY_NAME(.ctors.*))
 *(.ctors)
                0x080030b0                        . = ALIGN (0x4)

.dtors          0x080030b0        0x0
 *crtbegin.o(.dtors)
 *(EXCLUDE_FILE(*crtend.o) .dtors)
 *(SORT_BY_NAME(.dtors.*))
 *(.dtors)
                0x080030b0                        . = ALIGN (0x4)

.eh_frame       0x080030b0        0x4
 *(.eh_frame)
 .eh_frame      0x080030b0        0x0 /opt/devkitpro/devkitARM/bin/../lib/gcc/arm-none-eabi/14.2.0/thumb/crtbegin.o
 .eh_frame      0x080030b0        0x4 /opt/devkitpro/devkitARM/bin/../lib/gcc/arm-none-eabi/14.2.0/thumb/crtend.o
                0x080030b4                        . = ALIGN (0x4)

.gcc_except_table
                0x080030b4        0x0
 *(.gcc_except_table)
                0x080030b4                        . = ALIGN (0x4)
                0x080030b4                        __iwram_lma = .

.iwram          0x03000000        0x0 load address 0x080030b4
                0x03000000                        __iwram_start__ = ABSOLUTE (.)
 *(.iwram .iwram*)
 *iwram.*(.text* .data*)
                0x03000000                        . = ALIGN (0x4)
                0x03000000                        __iwram_end__ = ABSOLUTE (.)
                0x080030b4                        __data_lma = (__iwram_lma + SIZEOF (.iwram))

.bss            0x03000000       0x28
                0x03000000                        __bss_start = ABSOLUTE (.)
                0x03000000                        __bss_start__ = ABSOLUTE (.)
 *(.dynbss)
 *(.gnu.linkonce.b*)
 *(.bss*)
 .bss.completed.1
                0x03000000        0x1 /opt/devkitpro/devkitARM/bin/../lib/gcc/arm-none-eabi/14.2.0/thumb/crtbegin.o
 *fill*         0x03000001        0x3 
 .bss.object.0  0x03000004       0x18 /opt/devkitpro/devkitARM/bin/../lib/gcc/arm-none-eabi/14.2.0/thumb/crtbegin.o
 .bss           0x0300001c        0x4 m4-raycaster.o
                0x0300001c                playerTheta
 .bss           0x03000020        0x4 /opt/devkitpro/libtonc/lib/libtonc.a(tonc_input.o)
                0x03000020                __key_curr
                0x03000022                __key_prev
 .bss.fake_heap_end
                0x03000024        0x4 /opt/devkitpro/devkitARM/arm-none-eabi/lib/libsysbase.a(libsysbase_libsysbase_a-malloc_vars.o)
                0x03000024                fake_heap_end
 *(COMMON)
                0x03000028                        . = ALIGN (0x4)
                0x03000028                        __bss_end__ = ABSOLUTE (.)

.data           0x03000028       0x24 load address 0x080030b4
                0x03000028                        __data_start__ = ABSOLUTE (.)
 *(.data*)
 .data          0x03000028       0x14 m4-raycaster.o
                0x03000028                playerX
                0x0300002c                playerY
                0x03000030                playerColor
                0x03000034                playerPrevY
                0x03000038                playerPrevX
 .data          0x0300003c        0x8 /opt/devkitpro/libtonc/lib/libtonc.a(tonc_core.o)
                0x0300003c                __qran_seed
                0x03000040                vid_page
 .data          0x03000044        0x8 /opt/devkitpro/libtonc/lib/libtonc.a(tonc_input.o)
                0x03000044                __key_rpt
 *(.gnu.linkonce.d*)
                0x0300004c                        . = ALIGN (0x4)
                0x080030d8                        __preinit_lma = (__data_lma + SIZEOF (.data))

.igot.plt       0x0300004c        0x0 load address 0x080030d8
 .igot.plt      0x0300004c        0x0 /opt/devkitpro/devkitARM/bin/../lib/gcc/arm-none-eabi/14.2.0/../../../../arm-none-eabi/lib/thumb/gba_crt0.o

.preinit_array  0x0300004c        0x0 load address 0x080030d8
                0x0300004c                        __preinit_array_start = ABSOLUTE (.)
 *(.preinit_array)
                0x0300004c                        __preinit_array_end = ABSOLUTE (.)
                0x080030d8                        __init_lma = (__preinit_lma + SIZEOF (.preinit_array))

.init_array     0x0300004c        0x4 load address 0x080030d8
                0x0300004c                        __init_array_start = ABSOLUTE (.)
 *(SORT_BY_NAME(.init_array.*))
 *(.init_array)
 .init_array    0x0300004c        0x4 /opt/devkitpro/devkitARM/bin/../lib/gcc/arm-none-eabi/14.2.0/thumb/crtbegin.o
                0x03000050                        __init_array_end = ABSOLUTE (.)
                0x080030dc                        __fini_lma = (__init_lma + SIZEOF (.init_array))

.fini_array     0x03000050        0x4 load address 0x080030dc
                0x03000050                        __fini_array_start = ABSOLUTE (.)
 *(SORT_BY_NAME(.fini_array.*))
 *(.fini_array)
 .fini_array    0x03000050        0x4 /opt/devkitpro/devkitARM/bin/../lib/gcc/arm-none-eabi/14.2.0/thumb/crtbegin.o
                0x03000054                        __fini_array_end = ABSOLUTE (.)
                0x080030e0                        __jcr_lma = (__fini_lma + SIZEOF (.fini_array))

.jcr
 *(.jcr)
                0x03000054                        __data_end__ = ABSOLUTE (.)
                0x080030e0                        __iwram_overlay_lma = (__jcr_lma + SIZEOF (.jcr))
                0x03000054                        __iwram_overlay_start = .

.iwram0         0x03000054        0x0 load address 0x080030e0
 *(.iwram0)
                0x03000054                        . = ALIGN (0x4)
                0x080030e0                        PROVIDE (__load_start_iwram0 = LOADADDR (.iwram0))
                0x080030e0                        PROVIDE (__load_stop_iwram0 = (LOADADDR (.iwram0) + SIZEOF (.iwram0)))

.iwram1         0x03000054        0x0
 *(.iwram1)
                0x03000054                        . = ALIGN (0x4)
                [!provide]                        PROVIDE (__load_start_iwram1 = LOADADDR (.iwram1))
                [!provide]                        PROVIDE (__load_stop_iwram1 = (LOADADDR (.iwram1) + SIZEOF (.iwram1)))

.iwram2         0x03000054        0x0
 *(.iwram2)
                0x03000054                        . = ALIGN (0x4)
                [!provide]                        PROVIDE (__load_start_iwram2 = LOADADDR (.iwram2))
                [!provide]                        PROVIDE (__load_stop_iwram2 = (LOADADDR (.iwram2) + SIZEOF (.iwram2)))

.iwram3         0x03000054        0x0
 *(.iwram3)
                0x03000054                        . = ALIGN (0x4)
                [!provide]                        PROVIDE (__load_start_iwram3 = LOADADDR (.iwram3))
                [!provide]                        PROVIDE (__load_stop_iwram3 = (LOADADDR (.iwram3) + SIZEOF (.iwram3)))

.iwram4         0x03000054        0x0
 *(.iwram4)
                0x03000054                        . = ALIGN (0x4)
                [!provide]                        PROVIDE (__load_start_iwram4 = LOADADDR (.iwram4))
                [!provide]                        PROVIDE (__load_stop_iwram4 = (LOADADDR (.iwram4) + SIZEOF (.iwram4)))

.iwram5         0x03000054        0x0
 *(.iwram5)
                0x03000054                        . = ALIGN (0x4)
                [!provide]                        PROVIDE (__load_start_iwram5 = LOADADDR (.iwram5))
                [!provide]                        PROVIDE (__load_stop_iwram5 = (LOADADDR (.iwram5) + SIZEOF (.iwram5)))

.iwram6         0x03000054        0x0
 *(.iwram6)
                0x03000054                        . = ALIGN (0x4)
                [!provide]                        PROVIDE (__load_start_iwram6 = LOADADDR (.iwram6))
                [!provide]                        PROVIDE (__load_stop_iwram6 = (LOADADDR (.iwram6) + SIZEOF (.iwram6)))

.iwram7         0x03000054        0x0
 *(.iwram7)
                0x03000054                        . = ALIGN (0x4)
                [!provide]                        PROVIDE (__load_start_iwram7 = LOADADDR (.iwram7))
                [!provide]                        PROVIDE (__load_stop_iwram7 = (LOADADDR (.iwram7) + SIZEOF (.iwram7)))

.iwram8         0x03000054        0x0
 *(.iwram8)
                0x03000054                        . = ALIGN (0x4)
                [!provide]                        PROVIDE (__load_start_iwram8 = LOADADDR (.iwram8))
                [!provide]                        PROVIDE (__load_stop_iwram8 = (LOADADDR (.iwram8) + SIZEOF (.iwram8)))

.iwram9         0x03000054        0x0
 *(.iwram9)
                0x03000054                        . = ALIGN (0x4)
                [!provide]                        PROVIDE (__load_start_iwram9 = LOADADDR (.iwram9))
                [!provide]                        PROVIDE (__load_stop_iwram9 = (LOADADDR (.iwram9) + SIZEOF (.iwram9)))
                0x03000054                        __iwram_overlay_end = .
                0x080030e0                        __ewram_lma = (__iwram_overlay_lma + (__iwram_overlay_end - __iwram_overlay_start))
                0x03000054                        __iheap_start = .
                0x02000000                        __ewram_start = ORIGIN (ewram)

.ewram          0x02000000        0x0 load address 0x080030e0
 *(.ewram*)
                0x02000000                        . = ALIGN (0x4)
                0x02000000                        __ewram_end = ABSOLUTE (.)
                0x080030e0                        __pad_lma = (__ewram_lma + SIZEOF (.ewram))

.sbss           0x02000000        0x0
                0x02000000                        __sbss_start__ = ABSOLUTE (.)
 *(.sbss*)
                0x02000000                        . = ALIGN (0x4)
                0x02000000                        __sbss_end__ = ABSOLUTE (.)
                0x02000000                        __end__ = ABSOLUTE (.)
                0x02000000                        __eheap_start = ABSOLUTE (.)

.pad            0x02000000        0x8 load address 0x080030e0
                0x02000000        0x4 LONG 0x52416b64
                0x02000004        0x4 LONG 0x4d
                0x02000008                        . = ALIGN (0x4)
                0x080030e8                        __rom_end__ = (__pad_lma + SIZEOF (.pad))

.rel.dyn        0x02000008        0x0 load address 0x080030e8
 .rel.iplt      0x02000008        0x0 /opt/devkitpro/devkitARM/bin/../lib/gcc/arm-none-eabi/14.2.0/../../../../arm-none-eabi/lib/thumb/gba_crt0.o

.stab
 *(.stab)

.stabstr
 *(.stabstr)

.stab.excl
 *(.stab.excl)

.stab.exclstr
 *(.stab.exclstr)

.stab.index
 *(.stab.index)

.stab.indexstr
 *(.stab.indexstr)

.comment        0x00000000       0x45
 *(.comment)
 .comment       0x00000000       0x45 /opt/devkitpro/devkitARM/bin/../lib/gcc/arm-none-eabi/14.2.0/thumb/crtbegin.o
                                 0x24 (size before relaxing)
 .comment       0x00000045       0x24 m4-raycaster.o
 .comment       0x00000045       0x24 /opt/devkitpro/devkitARM/arm-none-eabi/lib/libm.a(libm_a-s_sin.o)
 .comment       0x00000045       0x24 /opt/devkitpro/devkitARM/arm-none-eabi/lib/libm.a(libm_a-e_rem_pio2.o)
 .comment       0x00000045       0x24 /opt/devkitpro/devkitARM/arm-none-eabi/lib/libm.a(libm_a-k_rem_pio2.o)
 .comment       0x00000045       0x24 /opt/devkitpro/devkitARM/arm-none-eabi/lib/libm.a(libm_a-s_scalbn.o)
 .comment       0x00000045       0x24 /opt/devkitpro/devkitARM/arm-none-eabi/lib/libm.a(libm_a-k_sin.o)
 .comment       0x00000045       0x24 /opt/devkitpro/devkitARM/arm-none-eabi/lib/libm.a(libm_a-s_cos.o)
 .comment       0x00000045       0x24 /opt/devkitpro/devkitARM/arm-none-eabi/lib/libm.a(libm_a-s_floor.o)
 .comment       0x00000045       0x24 /opt/devkitpro/devkitARM/arm-none-eabi/lib/libm.a(libm_a-k_cos.o)
 .comment       0x00000045       0x24 /opt/devkitpro/devkitARM/arm-none-eabi/lib/libm.a(libm_a-s_fabs.o)
 .comment       0x00000045       0x23 /opt/devkitpro/libtonc/lib/libtonc.a(tonc_core.o)
 .comment       0x00000045       0x23 /opt/devkitpro/libtonc/lib/libtonc.a(tonc_video.o)
 .comment       0x00000045       0x23 /opt/devkitpro/libtonc/lib/libtonc.a(tonc_input.o)
 .comment       0x00000045       0x24 /opt/devkitpro/devkitARM/arm-none-eabi/lib/libg.a(libc_a-init.o)
 .comment       0x00000045       0x24 /opt/devkitpro/devkitARM/arm-none-eabi/lib/libsysbase.a(libsysbase_libsysbase_a-malloc_vars.o)
 .comment       0x00000045       0x24 /opt/devkitpro/devkitARM/bin/../lib/gcc/arm-none-eabi/14.2.0/thumb/crtend.o

.debug
 *(.debug)

.line
 *(.line)

.debug_srcinfo
 *(.debug_srcinfo)

.debug_sfnames
 *(.debug_sfnames)

.debug_aranges  0x00000000       0x28
 *(.debug_aranges)
 .debug_aranges
                0x00000000       0x28 m4-raycaster.o

.debug_pubnames
 *(.debug_pubnames)

.debug_info     0x00000000      0xa42
 *(.debug_info)
 .debug_info    0x00000000      0xa42 m4-raycaster.o

.debug_abbrev   0x00000000      0x36b
 *(.debug_abbrev)
 .debug_abbrev  0x00000000      0x36b m4-raycaster.o

.debug_line     0x00000000      0x7f4
 *(.debug_line)
 .debug_line    0x00000000      0x7f4 m4-raycaster.o

.debug_frame    0x00000000      0x104
 *(.debug_frame)
 .debug_frame   0x00000000      0x104 m4-raycaster.o

.debug_str      0x00000000      0x3c1
 *(.debug_str)
 .debug_str     0x00000000      0x3c1 m4-raycaster.o
                                0x401 (size before relaxing)

.debug_loc
 *(.debug_loc)

.debug_macinfo
 *(.debug_macinfo)

.debug_weaknames
 *(.debug_weaknames)

.debug_funcnames
 *(.debug_funcnames)

.debug_typenames
 *(.debug_typenames)

.debug_varnames
 *(.debug_varnames)

.stack          0x00080000        0x0
                0x00080000                        _stack = .
 *(.stack)

.note.gnu.arm.ident
 *(.note.gnu.arm.ident)

.ARM.attributes
                0x00000000       0x2c
 *(.ARM.attributes)
 .ARM.attributes
                0x00000000       0x20 /opt/devkitpro/devkitARM/bin/../lib/gcc/arm-none-eabi/14.2.0/../../../../arm-none-eabi/lib/thumb/gba_crt0.o
 .ARM.attributes
                0x00000020       0x1c /opt/devkitpro/devkitARM/bin/../lib/gcc/arm-none-eabi/14.2.0/thumb/crti.o
 .ARM.attributes
                0x0000003c       0x2a /opt/devkitpro/devkitARM/bin/../lib/gcc/arm-none-eabi/14.2.0/thumb/crtbegin.o
 .ARM.attributes
                0x00000066       0x2a m4-raycaster.o
 .ARM.attributes
                0x00000090       0x2a /opt/devkitpro/devkitARM/arm-none-eabi/lib/libm.a(libm_a-s_sin.o)
 .ARM.attributes
                0x000000ba       0x2a /opt/devkitpro/devkitARM/arm-none-eabi/lib/libm.a(libm_a-e_rem_pio2.o)
 .ARM.attributes
                0x000000e4       0x2a /opt/devkitpro/devkitARM/arm-none-eabi/lib/libm.a(libm_a-k_rem_pio2.o)
 .ARM.attributes
                0x0000010e       0x2a /opt/devkitpro/devkitARM/arm-none-eabi/lib/libm.a(libm_a-s_scalbn.o)
 .ARM.attributes
                0x00000138       0x2a /opt/devkitpro/devkitARM/arm-none-eabi/lib/libm.a(libm_a-k_sin.o)
 .ARM.attributes
                0x00000162       0x2a /opt/devkitpro/devkitARM/arm-none-eabi/lib/libm.a(libm_a-s_cos.o)
 .ARM.attributes
                0x0000018c       0x2a /opt/devkitpro/devkitARM/arm-none-eabi/lib/libm.a(libm_a-s_floor.o)
 .ARM.attributes
                0x000001b6       0x2a /opt/devkitpro/devkitARM/arm-none-eabi/lib/libm.a(libm_a-k_cos.o)
 .ARM.attributes
                0x000001e0       0x2a /opt/devkitpro/devkitARM/arm-none-eabi/lib/libm.a(libm_a-s_fabs.o)
 .ARM.attributes
                0x0000020a       0x2a /opt/devkitpro/libtonc/lib/libtonc.a(tonc_core.o)
 .ARM.attributes
                0x00000234       0x2a /opt/devkitpro/libtonc/lib/libtonc.a(tonc_video.o)
 .ARM.attributes
                0x0000025e       0x2a /opt/devkitpro/libtonc/lib/libtonc.a(tonc_input.o)
 .ARM.attributes
                0x00000288       0x1a /opt/devkitpro/libtonc/lib/libtonc.a(tonc_bios.o)
 .ARM.attributes
                0x000002a2       0x1c /opt/devkitpro/devkitARM/bin/../lib/gcc/arm-none-eabi/14.2.0/thumb/libgcc.a(_arm_muldf3.o)
 .ARM.attributes
                0x000002be       0x1c /opt/devkitpro/devkitARM/bin/../lib/gcc/arm-none-eabi/14.2.0/thumb/libgcc.a(_arm_addsubdf3.o)
 .ARM.attributes
                0x000002da       0x1c /opt/devkitpro/devkitARM/bin/../lib/gcc/arm-none-eabi/14.2.0/thumb/libgcc.a(_arm_cmpdf2.o)
 .ARM.attributes
                0x000002f6       0x1c /opt/devkitpro/devkitARM/bin/../lib/gcc/arm-none-eabi/14.2.0/thumb/libgcc.a(_arm_fixdfsi.o)
 .ARM.attributes
                0x00000312       0x1c /opt/devkitpro/devkitARM/bin/../lib/gcc/arm-none-eabi/14.2.0/thumb/libgcc.a(_sync_none.o)
 .ARM.attributes
                0x0000032e       0x2a /opt/devkitpro/devkitARM/arm-none-eabi/lib/libg.a(libc_a-init.o)
 .ARM.attributes
                0x00000358       0x2a /opt/devkitpro/devkitARM/arm-none-eabi/lib/libsysbase.a(libsysbase_libsysbase_a-malloc_vars.o)
 .ARM.attributes
                0x00000382       0x2a /opt/devkitpro/devkitARM/bin/../lib/gcc/arm-none-eabi/14.2.0/thumb/crtend.o
 .ARM.attributes
                0x000003ac       0x1c /opt/devkitpro/devkitARM/bin/../lib/gcc/arm-none-eabi/14.2.0/thumb/crtn.o

/DISCARD/
 *(.note.GNU-stack)
LOAD /opt/devkitpro/devkitARM/bin/../lib/gcc/arm-none-eabi/14.2.0/../../../../arm-none-eabi/lib/thumb/gba_crt0.o
LOAD /opt/devkitpro/devkitARM/bin/../lib/gcc/arm-none-eabi/14.2.0/thumb/crti.o
LOAD /opt/devkitpro/devkitARM/bin/../lib/gcc/arm-none-eabi/14.2.0/thumb/crtbegin.o
LOAD m4-raycaster.o
LOAD /opt/devkitpro/devkitARM/arm-none-eabi/lib/libm.a
LOAD /opt/devkitpro/libtonc/lib/libtonc.a
START GROUP
LOAD /opt/devkitpro/devkitARM/bin/../lib/gcc/arm-none-eabi/14.2.0/thumb/libgcc.a
LOAD /opt/devkitpro/devkitARM/arm-none-eabi/lib/libg.a
LOAD /opt/devkitpro/devkitARM/arm-none-eabi/lib/libc.a
LOAD /opt/devkitpro/devkitARM/arm-none-eabi/lib/libsysbase.a
END GROUP
LOAD /opt/devkitpro/devkitARM/bin/../lib/gcc/arm-none-eabi/14.2.0/thumb/crtend.o
LOAD /opt/devkitpro/devkitARM/bin/../lib/gcc/arm-none-eabi/14.2.0/thumb/crtn.o
OUTPUT(/home/geconf/Nextcloud/game-dev/examples/m4-raycaster/m4-raycaster.elf elf32-littlearm)
LOAD linker stubs

.debug_loclists
                0x00000000      0x6b2
 .debug_loclists
                0x00000000      0x6b2 m4-raycaster.o

.debug_rnglists
                0x00000000      0x15d
 .debug_rnglists
                0x00000000      0x15d m4-raycaster.o
