Archive member included to satisfy reference by file (symbol)

/opt/devkitpro/libtonc/lib/libtonc.a(tonc_core.o)
                              m4-grid-rot.o (vid_page)
/opt/devkitpro/libtonc/lib/libtonc.a(tonc_video.o)
                              m4-grid-rot.o (vid_flip)
/opt/devkitpro/libtonc/lib/libtonc.a(tonc_input.o)
                              m4-grid-rot.o (key_poll)
/opt/devkitpro/libtonc/lib/libtonc.a(tte_main.o)
                              m4-grid-rot.o (tte_erase_line)
/opt/devkitpro/libtonc/lib/libtonc.a(tte_iohook.o)
                              m4-grid-rot.o (tte_init_con)
/opt/devkitpro/libtonc/lib/libtonc.a(tte_init_bmp.o)
                              m4-grid-rot.o (tte_init_bmp)
/opt/devkitpro/libtonc/lib/libtonc.a(bmp8_drawg_b1cs.o)
                              /opt/devkitpro/libtonc/lib/libtonc.a(tte_init_bmp.o) (bmp8_drawg_b1cts)
/opt/devkitpro/libtonc/lib/libtonc.a(sin_lut.o)
                              m4-grid-rot.o (sin_lut)
/opt/devkitpro/libtonc/lib/libtonc.a(tonc_bios.o)
                              /opt/devkitpro/libtonc/lib/libtonc.a(tonc_input.o) (VBlankIntrWait)
/opt/devkitpro/libtonc/lib/libtonc.a(tonc_bios_ex.o)
                              /opt/devkitpro/libtonc/lib/libtonc.a(tte_main.o) (VBlankIntrDelay)
/opt/devkitpro/libtonc/lib/libtonc.a(tonc_nocash.o)
                              /opt/devkitpro/libtonc/lib/libtonc.a(tte_iohook.o) (nocash_message)
/opt/devkitpro/libtonc/lib/libtonc.a(verdana9.o)
                              /opt/devkitpro/libtonc/lib/libtonc.a(tte_init_bmp.o) (verdana9Font)
/opt/devkitpro/libtonc/lib/libtonc.a(sys8.o)
                              /opt/devkitpro/libtonc/lib/libtonc.a(tte_main.o) (sys8Font)
/opt/devkitpro/libtonc/lib/libtonc.a(tonc_sbmp8.o)
                              /opt/devkitpro/libtonc/lib/libtonc.a(tte_init_bmp.o) (sbmp8_rect)
/opt/devkitpro/libtonc/lib/libtonc.a(tonc_sbmp16.o)
                              /opt/devkitpro/libtonc/lib/libtonc.a(tte_init_bmp.o) (sbmp16_rect)
/opt/devkitpro/libtonc/lib/libtonc.a(bmp16_drawg_b1cs.o)
                              /opt/devkitpro/libtonc/lib/libtonc.a(tte_init_bmp.o) (bmp16_drawg_b1cts)
/opt/devkitpro/libtonc/lib/libtonc.a(tonc_memcpy.o)
                              /opt/devkitpro/libtonc/lib/libtonc.a(tonc_sbmp16.o) (memcpy16)
/opt/devkitpro/libtonc/lib/libtonc.a(tonc_memset.o)
                              /opt/devkitpro/libtonc/lib/libtonc.a(tonc_sbmp16.o) (memset16)
/opt/devkitpro/devkitARM/bin/../lib/gcc/arm-none-eabi/14.2.0/thumb/libgcc.a(_divsi3.o)
                              /opt/devkitpro/libtonc/lib/libtonc.a(tte_main.o) (__aeabi_idiv)
/opt/devkitpro/devkitARM/bin/../lib/gcc/arm-none-eabi/14.2.0/thumb/libgcc.a(_dvmd_tls.o)
                              /opt/devkitpro/devkitARM/bin/../lib/gcc/arm-none-eabi/14.2.0/thumb/libgcc.a(_divsi3.o) (__aeabi_idiv0)
/opt/devkitpro/devkitARM/bin/../lib/gcc/arm-none-eabi/14.2.0/thumb/libgcc.a(_sync_none.o)
                              (__sync_synchronize_none)
/opt/devkitpro/devkitARM/arm-none-eabi/lib/libg.a(libc_a-siscanf.o)
                              /opt/devkitpro/libtonc/lib/libtonc.a(tte_iohook.o) (siscanf)
/opt/devkitpro/devkitARM/arm-none-eabi/lib/libg.a(libc_a-stdio.o)
                              /opt/devkitpro/devkitARM/arm-none-eabi/lib/libg.a(libc_a-siscanf.o) (__seofread)
/opt/devkitpro/devkitARM/arm-none-eabi/lib/libg.a(libc_a-strtol.o)
                              /opt/devkitpro/libtonc/lib/libtonc.a(tte_main.o) (strtol)
/opt/devkitpro/devkitARM/arm-none-eabi/lib/libg.a(libc_a-setvbuf.o)
                              /opt/devkitpro/libtonc/lib/libtonc.a(tte_iohook.o) (setvbuf)
/opt/devkitpro/devkitARM/arm-none-eabi/lib/libg.a(libc_a-errno.o)
                              /opt/devkitpro/devkitARM/arm-none-eabi/lib/libg.a(libc_a-strtol.o) (__errno)
/opt/devkitpro/devkitARM/arm-none-eabi/lib/libg.a(libc_a-malloc.o)
                              /opt/devkitpro/devkitARM/arm-none-eabi/lib/libg.a(libc_a-setvbuf.o) (malloc)
/opt/devkitpro/devkitARM/arm-none-eabi/lib/libg.a(libc_a-ctype_.o)
                              /opt/devkitpro/libtonc/lib/libtonc.a(tte_main.o) (_ctype_)
/opt/devkitpro/devkitARM/arm-none-eabi/lib/libg.a(libc_a-memset.o)
                              /opt/devkitpro/libtonc/lib/libtonc.a(tte_main.o) (memset)
/opt/devkitpro/devkitARM/arm-none-eabi/lib/libg.a(libc_a-strncpy.o)
                              /opt/devkitpro/libtonc/lib/libtonc.a(tte_iohook.o) (strncpy)
/opt/devkitpro/devkitARM/arm-none-eabi/lib/libg.a(libc_a-iprintf.o)
                              m4-grid-rot.o (iprintf)
/opt/devkitpro/devkitARM/arm-none-eabi/lib/libg.a(libc_a-init.o)
                              /opt/devkitpro/devkitARM/bin/../lib/gcc/arm-none-eabi/14.2.0/../../../../arm-none-eabi/lib/thumb/gba_crt0.o (__libc_init_array)
/opt/devkitpro/devkitARM/arm-none-eabi/lib/libg.a(libc_a-fflush.o)
                              /opt/devkitpro/devkitARM/arm-none-eabi/lib/libg.a(libc_a-setvbuf.o) (_fflush_r)
[...]
Memory Configuration

Name             Origin             Length             Attributes
rom              0x08000000         0x02000000
iwram            0x03000000         0x00008000
ewram            0x02000000         0x00040000
*default*        0x00000000         0xffffffff

Linker script and memory map

                0x00000000                        __sync_synchronize = __sync_synchronize_none
                0x08000000                        __text_start = ORIGIN (rom)
                0x02040000                        __eheap_end = (ORIGIN (ewram) + LENGTH (ewram))
                0x03000000                        __iwram_start = ORIGIN (iwram)
                0x03008000                        __iwram_top = (ORIGIN (iwram) + LENGTH (iwram))
                0x03007fa0                        __sp_irq = (__iwram_top - 0x60)
                0x03007f00                        __sp_usr = (__sp_irq - 0xa0)
                0x03007ff8                        __irq_flags = 0x3007ff8
                0x08000000                        . = __text_start

.crt0           0x08000000      0x210
 *(.crt0)
 .crt0          0x08000000      0x210 /opt/devkitpro/devkitARM/bin/../lib/gcc/arm-none-eabi/14.2.0/../../../../arm-none-eabi/lib/thumb/gba_crt0.o
                0x08000000                _start
                0x080000c4                __boot_method
                0x080000c5                __slave_number
                0x080000e0                start_vector
                0x08000210                        . = ALIGN (0x4)

.init           0x08000210        0xc
 *(SORT_NONE(.init))
 .init          0x08000210        0x4 /opt/devkitpro/devkitARM/bin/../lib/gcc/arm-none-eabi/14.2.0/thumb/crti.o
                0x08000210                _init
 .init          0x08000214        0x8 /opt/devkitpro/devkitARM/bin/../lib/gcc/arm-none-eabi/14.2.0/thumb/crtn.o

.plt            0x0800021c        0x0
 *(.plt)
                0x0800021c                        . = ALIGN (0x4)

.text           0x08000220     0xc460
 *(EXCLUDE_FILE(*.iwram*) .text*)
 .text.__do_global_dtors_aux
                0x08000220       0x2c /opt/devkitpro/devkitARM/bin/../lib/gcc/arm-none-eabi/14.2.0/thumb/crtbegin.o
 .text.frame_dummy
                0x0800024c       0x24 /opt/devkitpro/devkitARM/bin/../lib/gcc/arm-none-eabi/14.2.0/thumb/crtbegin.o
 .text          0x08000270      0x6f8 m4-grid-rot.o
                0x08000270                draw_tile
                0x08000304                draw_map
                0x08000414                render_player
                0x08000448                player_in_collision
                0x08000474                render_direction
                0x080006c4                update_player
 .text.startup  0x08000968       0xac m4-grid-rot.o
                0x08000968                main
 .text          0x08000a14      0x1c4 /opt/devkitpro/libtonc/lib/libtonc.a(tonc_core.o)
                0x08000a14                tonccpy
                0x08000ac4                __toncset
                0x08000b54                sqran
                0x08000b64                octant
                0x08000b84                octant_rot
 .text          0x08000bd8       0x20 /opt/devkitpro/libtonc/lib/libtonc.a(tonc_video.o)
                0x08000bd8                vid_flip
 .text          0x08000bf8       0xa8 /opt/devkitpro/libtonc/lib/libtonc.a(tonc_input.o)
                0x08000bf8                key_poll
                0x08000c4c                key_wait_till_hit
                0x08000c70                key_repeat
                0x08000c7c                key_repeat_mask
                0x08000c8c                key_repeat_limits
 .text          0x08000ca0      0x958 /opt/devkitpro/libtonc/lib/libtonc.a(tte_main.o)
                0x08000ca0                dummy_drawg
                0x08000ca4                dummy_erase
                0x08000ca8                tte_set_context
                0x08000cc0                tte_set_color_attr
                0x08000cd0                tte_set_color_attrs
                0x08000cec                tte_set_color
                0x08000d0c                tte_set_colors
                0x08000d4c                tte_init_base
                0x08000de0                utf8_decode_char
                0x08000e94                tte_cmd_skip
                0x08000ea4                tte_cmd_next
                0x08000edc                tte_putc
                0x08000f2c                tte_erase_rect
                0x08000f48                tte_erase_screen
                0x08000f6c                tte_erase_line
                0x08000f94                tte_cmd_default
                0x080013e8                tte_write
                0x080014d4                tte_write_ex
                0x08001504                tte_get_text_size
                0x080015d8                tte_set_margins
 .text          0x080015f8      0x354 /opt/devkitpro/libtonc/lib/libtonc.a(tte_iohook.o)
                0x080015f8                tte_con_nocash
                0x08001664                tte_init_con
                0x080016a8                tte_cmd_vt100
                0x08001800                tte_con_write
 .text          0x0800194c      0x134 /opt/devkitpro/libtonc/lib/libtonc.a(tte_init_bmp.o)
                0x0800194c                bmp8_erase
                0x08001974                bmp16_erase
                0x0800199c                tte_init_bmp
 .text          0x08001a80      0x21c /opt/devkitpro/libtonc/lib/libtonc.a(bmp8_drawg_b1cs.o)
                0x08001a80                bmp8_drawg_b1cts
                0x08001b7c                bmp8_drawg_b1cos
 .text          0x08001c9c       0x8c /opt/devkitpro/libtonc/lib/libtonc.a(tonc_bios.o)
                0x08001c9c                SoftReset
                0x08001ca0                RegisterRamReset
                0x08001ca4                Halt
                0x08001ca8                Stop
                0x08001cac                IntrWait
                0x08001cb0                VBlankIntrWait
                0x08001cb4                Div
                0x08001cb8                DivArm
                0x08001cbc                Sqrt
                0x08001cc0                ArcTan
                0x08001cc4                ArcTan2
                0x08001cc8                CpuSet
                0x08001ccc                CpuFastSet
                0x08001cd0                BiosCheckSum
                0x08001cd4                BgAffineSet
                0x08001cd8                ObjAffineSet
                0x08001cdc                BitUnPack
                0x08001ce0                LZ77UnCompWram
                0x08001ce4                LZ77UnCompVram
                0x08001ce8                HuffUnComp
                0x08001cec                RLUnCompWram
                0x08001cf0                RLUnCompVram
                0x08001cf4                Diff8bitUnFilterWram
                0x08001cf8                Diff8bitUnFilterVram
                0x08001cfc                Diff16bitUnFilter
                0x08001d00                SoundBias
                0x08001d04                SoundDriverInit
                0x08001d08                SoundDriverMode
                0x08001d0c                SoundDriverMain
                0x08001d10                SoundDriverVSync
                0x08001d14                SoundChannelClear
                0x08001d18                MidiKey2Freq
                0x08001d1c                MultiBoot
                0x08001d20                SoundDriverVSyncOff
                0x08001d24                SoundDriverVSyncOn
 .text          0x08001d28       0x54 /opt/devkitpro/libtonc/lib/libtonc.a(tonc_bios_ex.o)
                0x08001d28                VBlankIntrDelay
                0x08001d38                DivSafe
                0x08001d4c                Mod
                0x08001d54                DivAbs
                0x08001d5c                DivArmMod
                0x08001d64                DivArmAbs
                0x08001d6c                CpuFastFill
 .text          0x08001d7c      0x5bc /opt/devkitpro/libtonc/lib/libtonc.a(tonc_sbmp8.o)
                0x08001d7c                sbmp8_get_pixel
                0x08001d8c                sbmp8_plot
                0x08001dc8                sbmp8_vline
                0x08001e34                sbmp8_hline
                0x08001e70                sbmp8_line
                0x08001fa8                sbmp8_blit
                0x080020dc                sbmp8_rect
                0x08002144                sbmp8_frame
                0x08002208                sbmp8_floodfill_internal
                0x08002310                sbmp8_floodfill
 .text          0x08002338      0x4cc /opt/devkitpro/libtonc/lib/libtonc.a(tonc_sbmp16.o)
                0x08002338                sbmp16_get_pixel
                0x08002348                sbmp16_plot
                0x0800235c                sbmp16_vline
                0x08002394                sbmp16_line
                0x08002450                sbmp16_hline
                0x08002480                sbmp16_blit
                0x080025c8                sbmp16_rect
                0x08002634                sbmp16_frame
                0x080026c4                sbmp16_floodfill_internal
                0x080027d8                sbmp16_floodfill
 .text          0x08002804      0x170 /opt/devkitpro/libtonc/lib/libtonc.a(bmp16_drawg_b1cs.o)
                0x08002804                bmp16_drawg_b1cts
                0x080028b0                bmp16_drawg_b1cos
 .text          0x08002974       0x44 /opt/devkitpro/libtonc/lib/libtonc.a(tonc_memcpy.o)
                0x08002974                memcpy16
 .text          0x080029b8       0x3c /opt/devkitpro/libtonc/lib/libtonc.a(tonc_memset.o)
                0x080029b8                memset16
 .text          0x080029f4      0x150 /opt/devkitpro/devkitARM/bin/../lib/gcc/arm-none-eabi/14.2.0/thumb/libgcc.a(_divsi3.o)
                0x080029f4                __aeabi_idiv
                0x080029f4                __divsi3
                0x08002b24                __aeabi_idivmod
 .text          0x08002b44        0x4 /opt/devkitpro/devkitARM/bin/../lib/gcc/arm-none-eabi/14.2.0/thumb/libgcc.a(_dvmd_tls.o)
                0x08002b44                __aeabi_ldiv0
                0x08002b44                __aeabi_idiv0
 .text.siscanf  0x08002b48       0x78 /opt/devkitpro/devkitARM/arm-none-eabi/lib/libg.a(libc_a-siscanf.o)
                0x08002b48                siscanf
 .text.__sread  0x08002bc0       0x4c /opt/devkitpro/devkitARM/arm-none-eabi/lib/libg.a(libc_a-stdio.o)
                0x08002bc0                __sread
 .text.__seofread
                0x08002c0c        0x8 /opt/devkitpro/devkitARM/arm-none-eabi/lib/libg.a(libc_a-stdio.o)
                0x08002c0c                __seofread
 .text.__swrite
                0x08002c14       0x6c /opt/devkitpro/devkitARM/arm-none-eabi/lib/libg.a(libc_a-stdio.o)
                0x08002c14                __swrite
 .text.__sseek  0x08002c80       0x48 /opt/devkitpro/devkitARM/arm-none-eabi/lib/libg.a(libc_a-stdio.o)
                0x08002c80                __sseek
 .text.__sclose
                0x08002cc8       0x14 /opt/devkitpro/devkitARM/arm-none-eabi/lib/libg.a(libc_a-stdio.o)
                0x08002cc8                __sclose
 .text._strtol_l.part.0
                0x08002cdc      0x348 /opt/devkitpro/devkitARM/arm-none-eabi/lib/libg.a(libc_a-strtol.o)
 .text._strtol_r
                0x08003024       0x64 /opt/devkitpro/devkitARM/arm-none-eabi/lib/libg.a(libc_a-strtol.o)
                0x08003024                _strtol_r
 .text.strtol   0x08003088       0x68 /opt/devkitpro/devkitARM/arm-none-eabi/lib/libg.a(libc_a-strtol.o)
                0x08003088                strtol
 .text.setvbuf  0x080030f0      0x298 /opt/devkitpro/devkitARM/arm-none-eabi/lib/libg.a(libc_a-setvbuf.o)
                0x080030f0                setvbuf
 .text.__errno  0x08003388       0x10 /opt/devkitpro/devkitARM/arm-none-eabi/lib/libg.a(libc_a-errno.o)
                0x08003388                __errno
 .text.malloc   0x08003398       0x3c /opt/devkitpro/devkitARM/arm-none-eabi/lib/libg.a(libc_a-malloc.o)
                0x08003398                malloc
 .text.free     0x080033d4       0x1c /opt/devkitpro/devkitARM/arm-none-eabi/lib/libg.a(libc_a-malloc.o)
                0x080033d4                free
 .text.memset   0x080033f0      0x100 /opt/devkitpro/devkitARM/arm-none-eabi/lib/libg.a(libc_a-memset.o)
                0x080033f0                memset
 .text.strncpy  0x080034f0       0xd0 /opt/devkitpro/devkitARM/arm-none-eabi/lib/libg.a(libc_a-strncpy.o)
                0x080034f0                strncpy
 .text.iprintf  0x080035c0       0x34 /opt/devkitpro/devkitARM/arm-none-eabi/lib/libg.a(libc_a-iprintf.o)
                0x080035c0                iprintf
 .text.__libc_init_array
                0x080035f4       0x90 /opt/devkitpro/devkitARM/arm-none-eabi/lib/libg.a(libc_a-init.o)
                0x080035f4                __libc_init_array
 .text.__sflush_r
                0x08003684      0x244 /opt/devkitpro/devkitARM/arm-none-eabi/lib/libg.a(libc_a-fflush.o)
                0x08003684                __sflush_r
 .text._fflush_r
                0x080038c8       0x9c /opt/devkitpro/devkitARM/arm-none-eabi/lib/libg.a(libc_a-fflush.o)
                0x080038c8                _fflush_r
 .text.strlen   0x08003964       0x60 /opt/devkitpro/devkitARM/arm-none-eabi/lib/libg.a(libc_a-strlen-stub.o)
                0x08003964                strlen
 .text.get_arg  0x080039c4      0x5ec /opt/devkitpro/devkitARM/arm-none-eabi/lib/libg.a(libc_a-vfiprintf.o)
 .text._vfiprintf_r
                0x08003fb0     0x229c /opt/devkitpro/devkitARM/arm-none-eabi/lib/libg.a(libc_a-vfiprintf.o)
                0x08003fb0                _vfiprintf_r
 .text.__sbprintf
                0x0800624c       0xbc /opt/devkitpro/devkitARM/arm-none-eabi/lib/libg.a(libc_a-vfiprintf.o)
 .text._memalign_r
                0x08006308      0x168 /opt/devkitpro/devkitARM/arm-none-eabi/lib/libg.a(libc_a-malignr.o)
                0x08006308                _memalign_r
 .text.memchr   0x08006470       0xe4 /opt/devkitpro/devkitARM/arm-none-eabi/lib/libg.a(libc_a-memchr-stub.o)
                0x08006470                memchr
 .text.get_arg  0x08006554       0x54 /opt/devkitpro/devkitARM/arm-none-eabi/lib/libg.a(libc_a-svfiscanf.o)
 .text._sungetc_r
                0x080065a8       0xe4 /opt/devkitpro/devkitARM/arm-none-eabi/lib/libg.a(libc_a-svfiscanf.o)
                0x080065a8                _sungetc_r
 .text.__ssrefill_r
                0x0800668c       0x68 /opt/devkitpro/devkitARM/arm-none-eabi/lib/libg.a(libc_a-svfiscanf.o)
                0x0800668c                __ssrefill_r
 .text._sfread_r
                0x080066f4       0xc8 /opt/devkitpro/devkitARM/arm-none-eabi/lib/libg.a(libc_a-svfiscanf.o)
                0x080066f4                _sfread_r
 .text.__ssvfiscanf_r
                0x080067bc     0x22a8 /opt/devkitpro/devkitARM/arm-none-eabi/lib/libg.a(libc_a-svfiscanf.o)
                0x080067bc                __ssvfiscanf_r
 .text._strtoul_l.isra.0
                0x08008a64      0x1e8 /opt/devkitpro/devkitARM/arm-none-eabi/lib/libg.a(libc_a-strtoul.o)
 .text._strtoul_r
                0x08008c4c       0x30 /opt/devkitpro/devkitARM/arm-none-eabi/lib/libg.a(libc_a-strtoul.o)
                0x08008c4c                _strtoul_r
 .text.__sprint_r
                0x08008c7c       0x34 /opt/devkitpro/devkitARM/arm-none-eabi/lib/libg.a(libc_a-sprint_r.o)
                0x08008c7c                __sprint_r
 .text.iswspace
                0x08008cb0       0x14 /opt/devkitpro/devkitARM/arm-none-eabi/lib/libg.a(libc_a-iswspace.o)
                0x08008cb0                iswspace
 .text.__sccl   0x08008cc4       0xe4 /opt/devkitpro/devkitARM/arm-none-eabi/lib/libg.a(libc_a-sccl.o)
                0x08008cc4                __sccl
 .text._localeconv_r
                0x08008da8       0x28 /opt/devkitpro/devkitARM/arm-none-eabi/lib/libg.a(libc_a-localeconv.o)
                0x08008da8                _localeconv_r
 .text.__smakebuf_r
                0x08008dd0      0x14c /opt/devkitpro/devkitARM/arm-none-eabi/lib/libg.a(libc_a-makebuf.o)
                0x08008dd0                __smakebuf_r
 .text.__swhatbuf_r
                0x08008f1c       0x80 /opt/devkitpro/devkitARM/arm-none-eabi/lib/libg.a(libc_a-makebuf.o)
                0x08008f1c                __swhatbuf_r
 .text.realloc  0x08008f9c       0x24 /opt/devkitpro/devkitARM/arm-none-eabi/lib/libg.a(libc_a-realloc.o)
                0x08008f9c                realloc
 .text.stdio_exit_handler
                0x08008fc0       0x28 /opt/devkitpro/devkitARM/arm-none-eabi/lib/libg.a(libc_a-findfp.o)
 .text.cleanup_stdio
                0x08008fe8       0x54 /opt/devkitpro/devkitARM/arm-none-eabi/lib/libg.a(libc_a-findfp.o)
 .text.global_stdio_init.part.0
                0x0800903c      0x158 /opt/devkitpro/devkitARM/arm-none-eabi/lib/libg.a(libc_a-findfp.o)
 .text.__sinit  0x08009194       0x64 /opt/devkitpro/devkitARM/arm-none-eabi/lib/libg.a(libc_a-findfp.o)
                0x08009194                __sinit
 .text.__sfp_lock_acquire
                0x080091f8       0x18 /opt/devkitpro/devkitARM/arm-none-eabi/lib/libg.a(libc_a-findfp.o)
                0x080091f8                __sfp_lock_acquire
 .text.__sfp_lock_release
                0x08009210       0x18 /opt/devkitpro/devkitARM/arm-none-eabi/lib/libg.a(libc_a-findfp.o)
                0x08009210                __sfp_lock_release
 .text._malloc_r
                0x08009228      0x7c8 /opt/devkitpro/devkitARM/arm-none-eabi/lib/libg.a(libc_a-mallocr.o)
                0x08009228                _malloc_r
 .text._wcrtomb_r
                0x080099f0       0xac /opt/devkitpro/devkitARM/arm-none-eabi/lib/libg.a(libc_a-wcrtomb.o)
                0x080099f0                _wcrtomb_r
 .text._malloc_trim_r
                0x08009a9c      0x100 /opt/devkitpro/devkitARM/arm-none-eabi/lib/libg.a(libc_a-freer.o)
                0x08009a9c                _malloc_trim_r
 .text._free_r  0x08009b9c      0x2e8 /opt/devkitpro/devkitARM/arm-none-eabi/lib/libg.a(libc_a-freer.o)
                0x08009b9c                _free_r
 .text.memcpy   0x08009e84      0x130 /opt/devkitpro/devkitARM/arm-none-eabi/lib/libg.a(libc_a-memcpy-stub.o)
                0x08009e84                memcpy
 .text._realloc_r
                0x08009fb4      0x4c0 /opt/devkitpro/devkitARM/arm-none-eabi/lib/libg.a(libc_a-reallocr.o)
                0x08009fb4                _realloc_r
 .text._fwalk_sglue
                0x0800a474       0x78 /opt/devkitpro/devkitARM/arm-none-eabi/lib/libg.a(libc_a-fwalk.o)
                0x0800a474                _fwalk_sglue
 .text.__malloc_lock
                0x0800a4ec       0x18 /opt/devkitpro/devkitARM/arm-none-eabi/lib/libg.a(libc_a-mlock.o)
                0x0800a4ec                __malloc_lock
 .text.__malloc_unlock
                0x0800a504       0x18 /opt/devkitpro/devkitARM/arm-none-eabi/lib/libg.a(libc_a-mlock.o)
                0x0800a504                __malloc_unlock
 .text._strtoull_l.isra.0
                0x0800a51c      0x268 /opt/devkitpro/devkitARM/arm-none-eabi/lib/libg.a(libc_a-strtoull.o)
 .text._strtoull_r
                0x0800a784       0x30 /opt/devkitpro/devkitARM/arm-none-eabi/lib/libg.a(libc_a-strtoull.o)
                0x0800a784                _strtoull_r
 .text._wcsrtombs_r
                0x0800a7b4       0x2c /opt/devkitpro/devkitARM/arm-none-eabi/lib/libg.a(libc_a-wcsrtombs.o)
                0x0800a7b4                _wcsrtombs_r
 .text._mbrtowc_r
                0x0800a7e0       0xc0 /opt/devkitpro/devkitARM/arm-none-eabi/lib/libg.a(libc_a-mbrtowc.o)
                0x0800a7e0                _mbrtowc_r
 .text.__swsetup_r
                0x0800a8a0      0x194 /opt/devkitpro/devkitARM/arm-none-eabi/lib/libg.a(libc_a-wsetup.o)
                0x0800a8a0                __swsetup_r
 .text.__submore
                0x0800aa34       0xa8 /opt/devkitpro/devkitARM/arm-none-eabi/lib/libg.a(libc_a-ungetc.o)
                0x0800aa34                __submore
 .text.memmove  0x0800aadc      0x164 /opt/devkitpro/devkitARM/arm-none-eabi/lib/libg.a(libc_a-memmove.o)
                0x0800aadc                memmove
 .text.iswspace_l
                0x0800ac40       0x40 /opt/devkitpro/devkitARM/arm-none-eabi/lib/libg.a(libc_a-iswspace_l.o)
                0x0800ac40                iswspace_l
 .text.__sfvwrite_r
                0x0800ac80      0x490 /opt/devkitpro/devkitARM/arm-none-eabi/lib/libg.a(libc_a-fvwrite.o)
                0x0800ac80                __sfvwrite_r
 .text._strtoll_l.isra.0
                0x0800b110      0x49c /opt/devkitpro/devkitARM/arm-none-eabi/lib/libg.a(libc_a-strtoll.o)
 .text._strtoll_r
                0x0800b5ac       0x30 /opt/devkitpro/devkitARM/arm-none-eabi/lib/libg.a(libc_a-strtoll.o)
                0x0800b5ac                _strtoll_r
 .text.__locale_mb_cur_max
                0x0800b5dc       0x28 /opt/devkitpro/devkitARM/arm-none-eabi/lib/libg.a(libc_a-locale.o)
                0x0800b5dc                __locale_mb_cur_max
 .text._wcsnrtombs_l
                0x0800b604      0x170 /opt/devkitpro/devkitARM/arm-none-eabi/lib/libg.a(libc_a-wcsnrtombs.o)
                0x0800b604                _wcsnrtombs_l
 .text._wcsnrtombs_r
                0x0800b774       0x68 /opt/devkitpro/devkitARM/arm-none-eabi/lib/libg.a(libc_a-wcsnrtombs.o)
                0x0800b774                _wcsnrtombs_r
 .text.__utf8_mbtowc
                0x0800b7dc      0x334 /opt/devkitpro/devkitARM/arm-none-eabi/lib/libg.a(libc_a-mbtowc_r.o)
                0x0800b7dc                __utf8_mbtowc
 .text._fclose_r
                0x0800bb10      0x150 /opt/devkitpro/devkitARM/arm-none-eabi/lib/libg.a(libc_a-fclose.o)
                0x0800bb10                _fclose_r
 .text.category
                0x0800bc60       0x98 /opt/devkitpro/devkitARM/arm-none-eabi/lib/libg.a(libc_a-categories.o)
                0x0800bc60                category
 .text.__utf8_wctomb
                0x0800bcf8       0xf4 /opt/devkitpro/devkitARM/arm-none-eabi/lib/libg.a(libc_a-wctomb_r.o)
                0x0800bcf8                __utf8_wctomb
 .text._fstat_r
                0x0800bdec       0x8c /opt/devkitpro/devkitARM/arm-none-eabi/lib/libsysbase.a(libsysbase_libsysbase_a-fstat.o)
                0x0800bdec                _fstat_r
 .text.__getreent
                0x0800be78       0x30 /opt/devkitpro/devkitARM/arm-none-eabi/lib/libsysbase.a(libsysbase_libsysbase_a-getreent.o)
                0x0800be78                __getreent
 .text.__get_handle
                0x0800bea8       0x40 /opt/devkitpro/devkitARM/arm-none-eabi/lib/libsysbase.a(libsysbase_libsysbase_a-handle_manager.o)
                0x0800bea8                __get_handle
 .text._close_r
                0x0800bee8       0xfc /opt/devkitpro/devkitARM/arm-none-eabi/lib/libsysbase.a(libsysbase_libsysbase_a-handle_manager.o)
                0x0800bee8                _close_r
 .text.null_write
                0x0800bfe4        0x8 /opt/devkitpro/devkitARM/arm-none-eabi/lib/libsysbase.a(libsysbase_libsysbase_a-iosupport.o)
 .text._isatty_r
                0x0800bfec        0x8 /opt/devkitpro/devkitARM/arm-none-eabi/lib/libsysbase.a(libsysbase_libsysbase_a-isatty.o)
                0x0800bfec                _isatty_r
 .text._lseek_r
                0x0800bff4       0x90 /opt/devkitpro/devkitARM/arm-none-eabi/lib/libsysbase.a(libsysbase_libsysbase_a-lseek.o)
                0x0800bff4                _lseek_r
 .text._read_r  0x0800c084       0x8c /opt/devkitpro/devkitARM/arm-none-eabi/lib/libsysbase.a(libsysbase_libsysbase_a-read.o)
                0x0800c084                _read_r
 .text._sbrk_r  0x0800c110       0x78 /opt/devkitpro/devkitARM/arm-none-eabi/lib/libsysbase.a(libsysbase_libsysbase_a-sbrk.o)
                0x0800c110                _sbrk_r
 .text.__libc_lock_acquire
                0x0800c188       0x20 /opt/devkitpro/devkitARM/arm-none-eabi/lib/libsysbase.a(libsysbase_libsysbase_a-syscall_support.o)
                0x0800c188                __libc_lock_acquire
 .text.__libc_lock_release
                0x0800c1a8       0x20 /opt/devkitpro/devkitARM/arm-none-eabi/lib/libsysbase.a(libsysbase_libsysbase_a-syscall_support.o)
                0x0800c1a8                __libc_lock_release
 .text.__libc_lock_acquire_recursive
                0x0800c1c8       0x20 /opt/devkitpro/devkitARM/arm-none-eabi/lib/libsysbase.a(libsysbase_libsysbase_a-syscall_support.o)
                0x0800c1c8                __libc_lock_acquire_recursive
 .text.__libc_lock_release_recursive
                0x0800c1e8       0x20 /opt/devkitpro/devkitARM/arm-none-eabi/lib/libsysbase.a(libsysbase_libsysbase_a-syscall_support.o)
                0x0800c1e8                __libc_lock_release_recursive
 .text._write_r
                0x0800c208       0x8c /opt/devkitpro/devkitARM/arm-none-eabi/lib/libsysbase.a(libsysbase_libsysbase_a-write.o)
                0x0800c208                _write_r
 .text          0x0800c294      0x11c /opt/devkitpro/devkitARM/bin/../lib/gcc/arm-none-eabi/14.2.0/thumb/libgcc.a(_udivsi3.o)
                0x0800c294                __udivsi3
                0x0800c294                __aeabi_uidiv
                0x0800c390                __aeabi_uidivmod
 .text          0x0800c3b0       0x3c /opt/devkitpro/devkitARM/bin/../lib/gcc/arm-none-eabi/14.2.0/thumb/libgcc.a(_aeabi_uldivmod.o)
                0x0800c3b0                __aeabi_uldivmod
 .text.__udivmoddi4
                0x0800c3ec      0x19c /opt/devkitpro/devkitARM/bin/../lib/gcc/arm-none-eabi/14.2.0/thumb/libgcc.a(_udivmoddi4.o)
                0x0800c3ec                __udivmoddi4
 .text          0x0800c588       0x28 /opt/devkitpro/devkitARM/bin/../lib/gcc/arm-none-eabi/14.2.0/thumb/libgcc.a(_clzdi2.o)
                0x0800c588                __clzdi2
 .text          0x0800c5b0       0x48 /opt/devkitpro/devkitARM/bin/../lib/gcc/arm-none-eabi/14.2.0/thumb/libgcc.a(_clzsi2.o)
                0x0800c5b0                __clzsi2
 .text.__stub   0x0800c5f8       0x78 linker stubs
 *(.gnu.linkonce.t.*)
 *(.text.*personality*)
 *(.gnu.warning)
 *(.glue_7t)
 .glue_7t       0x0800c680        0x0 linker stubs
 *(.glue_7)
 .glue_7        0x0800c680        0x0 linker stubs
 *(.vfp11_veneer)
 .vfp11_veneer  0x0800c680        0x0 linker stubs
                0x0800c680                        . = ALIGN (0x4)
                0x0800c680                        __text_end = .

.v4_bx          0x0800c680        0x0
 .v4_bx         0x0800c680        0x0 linker stubs

.iplt           0x0800c680        0x0
 .iplt          0x0800c680        0x0 /opt/devkitpro/devkitARM/bin/../lib/gcc/arm-none-eabi/14.2.0/../../../../arm-none-eabi/lib/thumb/gba_crt0.o

.fini           0x0800c680        0xc
 *(.fini)
 .fini          0x0800c680        0x4 /opt/devkitpro/devkitARM/bin/../lib/gcc/arm-none-eabi/14.2.0/thumb/crti.o
                0x0800c680                _fini
 .fini          0x0800c684        0x8 /opt/devkitpro/devkitARM/bin/../lib/gcc/arm-none-eabi/14.2.0/thumb/crtn.o
                0x0800c68c                        . = ALIGN (0x4)

.rodata         0x0800c68c     0x5718
 *(.rodata)
 .rodata        0x0800c68c       0x6c m4-grid-rot.o
                0x0800c68c                worldMap
                0x0800c6cc                PLAYER_START_THETA
                0x0800c6d0                PLAYER_START_Y
                0x0800c6d4                PLAYER_START_X
                0x0800c6d8                MAP_Y
                0x0800c6dc                MAP_X
                0x0800c6e0                MAP_HEIGHT
                0x0800c6e4                MAP_WIDTH
                0x0800c6e8                TILE_SIZE
                0x0800c6ec                FOV
                0x0800c6f0                ANGULAR_SPEED
                0x0800c6f4                LINEAR_SPEED
 .rodata        0x0800c6f8      0x1f0 /opt/devkitpro/libtonc/lib/libtonc.a(tte_main.o)
 .rodata        0x0800c8e8      0x1b4 /opt/devkitpro/libtonc/lib/libtonc.a(tte_iohook.o)
                0x0800c9bc                tte_dotab_stdout
                0x0800ca2c                tte_dotab_nocash
 .rodata        0x0800ca9c      0x404 /opt/devkitpro/libtonc/lib/libtonc.a(sin_lut.o)
                0x0800ca9c                sin_lut
 .rodata        0x0800cea0      0xef8 /opt/devkitpro/libtonc/lib/libtonc.a(verdana9.o)
                0x0800cea0                verdana9Font
                0x0800ceb8                verdana9Glyphs
                0x0800dcb8                verdana9Widths
 .rodata        0x0800dd98      0x318 /opt/devkitpro/libtonc/lib/libtonc.a(sys8.o)
                0x0800dd98                sys8Font
                0x0800ddb0                sys8Glyphs
 .rodata        0x0800e0b0       0x3c /opt/devkitpro/libtonc/lib/libtonc.a(tonc_sbmp16.o)
                0x0800e0b0                bmp16_tab
                0x0800e0d8                m3_surface
 *all.rodata*(*)
 *(.roda)
 *(.rodata.*)
 .rodata.str1.4
                0x0800e0ec      0x1a8 m4-grid-rot.o
                                0x126 (size before relaxing)
 .rodata.str1.4
                0x0800e294       0x3b /opt/devkitpro/libtonc/lib/libtonc.a(tte_iohook.o)
 .rodata.str1.4
                0x0800e294        0x6 /opt/devkitpro/libtonc/lib/libtonc.a(tonc_sbmp16.o)
 .rodata._ctype_
                0x0800e294      0x101 /opt/devkitpro/devkitARM/arm-none-eabi/lib/libg.a(libc_a-ctype_.o)
                0x0800e294                _ctype_
 *fill*         0x0800e395        0x1 ff
 .rodata.get_arg
                0x0800e396       0x34 /opt/devkitpro/devkitARM/arm-none-eabi/lib/libg.a(libc_a-vfiprintf.o)
 .rodata._vfiprintf_r.str1.1
                0x0800e3ca       0x29 /opt/devkitpro/devkitARM/arm-none-eabi/lib/libg.a(libc_a-vfiprintf.o)
 *fill*         0x0800e3f3        0x1 ff
 .rodata._vfiprintf_r
                0x0800e3f4       0xb6 /opt/devkitpro/devkitARM/arm-none-eabi/lib/libg.a(libc_a-vfiprintf.o)
 *fill*         0x0800e4aa        0x2 ff
 .rodata.zeroes.0
                0x0800e4ac       0x10 /opt/devkitpro/devkitARM/arm-none-eabi/lib/libg.a(libc_a-vfiprintf.o)
 .rodata.blanks.1
                0x0800e4bc       0x10 /opt/devkitpro/devkitARM/arm-none-eabi/lib/libg.a(libc_a-vfiprintf.o)
 .rodata.__ssvfiscanf_r
                0x0800e4cc       0x7f /opt/devkitpro/devkitARM/arm-none-eabi/lib/libg.a(libc_a-svfiscanf.o)
 *fill*         0x0800e54b        0x1 ff
 .rodata.basefix.0
                0x0800e54c       0x22 /opt/devkitpro/devkitARM/arm-none-eabi/lib/libg.a(libc_a-svfiscanf.o)
 *fill*         0x0800e56e        0x2 ff
 .rodata.__action_table
                0x0800e570       0x6c /opt/devkitpro/devkitARM/arm-none-eabi/lib/libg.a(libc_a-svfiprintf.o)
                0x0800e570                __action_table
 .rodata.__state_table
                0x0800e5dc       0x6c /opt/devkitpro/devkitARM/arm-none-eabi/lib/libg.a(libc_a-svfiprintf.o)
                0x0800e5dc                __state_table
 .rodata.__chclass
                0x0800e648      0x100 /opt/devkitpro/devkitARM/arm-none-eabi/lib/libg.a(libc_a-svfiprintf.o)
                0x0800e648                __chclass
 .rodata._mbrtowc_r.str1.4
                0x0800e748        0x1 /opt/devkitpro/devkitARM/arm-none-eabi/lib/libg.a(libc_a-mbrtowc.o)
 .rodata.str1.4
                0x0800e748       0x4c /opt/devkitpro/devkitARM/arm-none-eabi/lib/libg.a(libc_a-locale.o)
 .rodata.categories
                0x0800e748     0x35dc /opt/devkitpro/devkitARM/arm-none-eabi/lib/libg.a(libc_a-categories.o)
 .rodata.AddDevice.str1.4
                0x08011d24        0x8 /opt/devkitpro/devkitARM/arm-none-eabi/lib/libsysbase.a(libsysbase_libsysbase_a-iosupport.o)
 .rodata.dotab_stdnull
                0x08011d24       0x80 /opt/devkitpro/devkitARM/arm-none-eabi/lib/libsysbase.a(libsysbase_libsysbase_a-iosupport.o)
                0x08011d24                dotab_stdnull
 *(.gnu.linkonce.r*)
                0x08011da4                        . = ALIGN (0x4)

.ARM.extab
 *(.ARM.extab* .gnu.linkonce.armextab.*)
                0x08011da4                        __exidx_start = .

.ARM.exidx
 *(.ARM.exidx* .gnu.linkonce.armexidx.*)
                0x08011da4                        __exidx_end = .

.ctors          0x08011da4        0x0
 *crtbegin.o(.ctors)
 *(EXCLUDE_FILE(*crtend.o) .ctors)
 *(SORT_BY_NAME(.ctors.*))
 *(.ctors)
                0x08011da4                        . = ALIGN (0x4)

.dtors          0x08011da4        0x0
 *crtbegin.o(.dtors)
 *(EXCLUDE_FILE(*crtend.o) .dtors)
 *(SORT_BY_NAME(.dtors.*))
 *(.dtors)
                0x08011da4                        . = ALIGN (0x4)

.eh_frame       0x08011da4        0x4
 *(.eh_frame)
 .eh_frame      0x08011da4        0x0 /opt/devkitpro/devkitARM/bin/../lib/gcc/arm-none-eabi/14.2.0/thumb/crtbegin.o
 .eh_frame      0x08011da4        0x4 /opt/devkitpro/devkitARM/bin/../lib/gcc/arm-none-eabi/14.2.0/thumb/crtend.o
                0x08011da8                        . = ALIGN (0x4)

.gcc_except_table
                0x08011da8        0x0
 *(.gcc_except_table)
                0x08011da8                        . = ALIGN (0x4)
                0x08011da8                        __iwram_lma = .

.iwram          0x03000000       0x84 load address 0x08011da8
                0x03000000                        __iwram_start__ = ABSOLUTE (.)
 *(.iwram .iwram*)
 .iwram         0x03000000       0x38 /opt/devkitpro/libtonc/lib/libtonc.a(tonc_memcpy.o)
                0x03000000                memcpy32
 .iwram         0x03000038       0x4c /opt/devkitpro/libtonc/lib/libtonc.a(tonc_memset.o)
                0x03000038                memset32
 *iwram.*(.text* .data*)
                0x03000084                        . = ALIGN (0x4)
                0x03000084                        __iwram_end__ = ABSOLUTE (.)
                0x08011e2c                        __data_lma = (__iwram_lma + SIZEOF (.iwram))

.bss            0x03000084      0x238
                0x03000084                        __bss_start = ABSOLUTE (.)
                0x03000084                        __bss_start__ = ABSOLUTE (.)
 *(.dynbss)
 *(.gnu.linkonce.b*)
 *(.bss*)
 .bss.completed.1
                0x03000084        0x1 /opt/devkitpro/devkitARM/bin/../lib/gcc/arm-none-eabi/14.2.0/thumb/crtbegin.o
 *fill*         0x03000085        0x3 
 .bss.object.0  0x03000088       0x18 /opt/devkitpro/devkitARM/bin/../lib/gcc/arm-none-eabi/14.2.0/thumb/crtbegin.o
 .bss           0x030000a0        0x4 m4-grid-rot.o
                0x030000a0                playerTheta
 .bss           0x030000a4        0x4 /opt/devkitpro/libtonc/lib/libtonc.a(tonc_input.o)
                0x030000a4                __key_curr
                0x030000a6                __key_prev
 .bss           0x030000a8        0x4 /opt/devkitpro/libtonc/lib/libtonc.a(tte_iohook.o)
 .bss.__sfp_recursive_mutex
                0x030000ac        0xc /opt/devkitpro/devkitARM/arm-none-eabi/lib/libg.a(libc_a-findfp.o)
 .bss.__sf      0x030000b8      0x168 /opt/devkitpro/devkitARM/arm-none-eabi/lib/libg.a(libc_a-findfp.o)
                0x030000b8                __sf
 .bss.__stdio_exit_handler
                0x03000220        0x4 /opt/devkitpro/devkitARM/arm-none-eabi/lib/libg.a(libc_a-findfp.o)
                0x03000220                __stdio_exit_handler
 .bss.__malloc_current_mallinfo
                0x03000224       0x28 /opt/devkitpro/devkitARM/arm-none-eabi/lib/libg.a(libc_a-mallocr.o)
                0x03000224                __malloc_current_mallinfo
 .bss.__malloc_max_total_mem
                0x0300024c        0x4 /opt/devkitpro/devkitARM/arm-none-eabi/lib/libg.a(libc_a-mallocr.o)
                0x0300024c                __malloc_max_total_mem
 .bss.__malloc_max_sbrked_mem
                0x03000250        0x4 /opt/devkitpro/devkitARM/arm-none-eabi/lib/libg.a(libc_a-mallocr.o)
                0x03000250                __malloc_max_sbrked_mem
 .bss.__malloc_top_pad
                0x03000254        0x4 /opt/devkitpro/devkitARM/arm-none-eabi/lib/libg.a(libc_a-mallocr.o)
                0x03000254                __malloc_top_pad
 .bss.__malloc_recursive_mutex
                0x03000258        0xc /opt/devkitpro/devkitARM/arm-none-eabi/lib/libg.a(libc_a-mlock.o)
 .bss.__hndl_lock
                0x03000264        0x4 /opt/devkitpro/devkitARM/arm-none-eabi/lib/libsysbase.a(libsysbase_libsysbase_a-handle_manager.o)
 .bss.fake_heap_start
                0x03000268        0x4 /opt/devkitpro/devkitARM/arm-none-eabi/lib/libsysbase.a(libsysbase_libsysbase_a-malloc_vars.o)
                0x03000268                fake_heap_start
 .bss.fake_heap_end
                0x0300026c        0x4 /opt/devkitpro/devkitARM/arm-none-eabi/lib/libsysbase.a(libsysbase_libsysbase_a-malloc_vars.o)
                0x0300026c                fake_heap_end
 .bss.heap_start.0
                0x03000270        0x4 /opt/devkitpro/devkitARM/arm-none-eabi/lib/libsysbase.a(libsysbase_libsysbase_a-sbrk.o)
 *(COMMON)
 COMMON         0x03000274       0x48 /opt/devkitpro/libtonc/lib/libtonc.a(tte_main.o)
                0x03000274                __tte_main_context
                0x030002bc                        . = ALIGN (0x4)
                0x030002bc                        __bss_end__ = ABSOLUTE (.)

.data           0x030002bc     0x178c load address 0x08011e2c
                0x030002bc                        __data_start__ = ABSOLUTE (.)
 *(.data*)
 .data          0x030002bc       0x14 m4-grid-rot.o
                0x030002bc                playerX
                0x030002c0                playerY
                0x030002c4                playerColor
                0x030002c8                playerPrevY
                0x030002cc                playerPrevX
 .data          0x030002d0        0x8 /opt/devkitpro/libtonc/lib/libtonc.a(tonc_core.o)
                0x030002d0                __qran_seed
                0x030002d4                vid_page
 .data          0x030002d8        0x8 /opt/devkitpro/libtonc/lib/libtonc.a(tonc_input.o)
                0x030002d8                __key_rpt
 .data          0x030002e0        0x4 /opt/devkitpro/libtonc/lib/libtonc.a(tte_main.o)
                0x030002e0                gp_tte_context
 .data._impure_ptr
                0x030002e4        0x4 /opt/devkitpro/devkitARM/arm-none-eabi/lib/libg.a(libc_a-impure.o)
                0x030002e4                _impure_ptr
 .data._impure_data
                0x030002e8      0x120 /opt/devkitpro/devkitARM/arm-none-eabi/lib/libg.a(libc_a-impure.o)
                0x030002e8                _impure_data
 .data.__sglue  0x03000408        0xc /opt/devkitpro/devkitARM/arm-none-eabi/lib/libg.a(libc_a-findfp.o)
                0x03000408                __sglue
 .data.__malloc_sbrk_base
                0x03000414        0x4 /opt/devkitpro/devkitARM/arm-none-eabi/lib/libg.a(libc_a-mallocr.o)
                0x03000414                __malloc_sbrk_base
 .data.__malloc_trim_threshold
                0x03000418        0x4 /opt/devkitpro/devkitARM/arm-none-eabi/lib/libg.a(libc_a-mallocr.o)
                0x03000418                __malloc_trim_threshold
 *fill*         0x0300041c        0x4 ff
 .data.__malloc_av_
                0x03000420      0x408 /opt/devkitpro/devkitARM/arm-none-eabi/lib/libg.a(libc_a-mallocr.o)
                0x03000420                __malloc_av_
 .data.__global_locale
                0x03000828      0x16c /opt/devkitpro/devkitARM/arm-none-eabi/lib/libg.a(libc_a-locale.o)
                0x03000828                __global_locale
 *fill*         0x03000994        0x4 ff
 .data.handles  0x03000998     0x1000 /opt/devkitpro/devkitARM/arm-none-eabi/lib/libsysbase.a(libsysbase_libsysbase_a-handle_manager.o)
 .data.__stderr_handle
                0x03001998        0xc /opt/devkitpro/devkitARM/arm-none-eabi/lib/libsysbase.a(libsysbase_libsysbase_a-handle_manager.o)
 .data.__stdout_handle
                0x030019a4        0xc /opt/devkitpro/devkitARM/arm-none-eabi/lib/libsysbase.a(libsysbase_libsysbase_a-handle_manager.o)
 .data.__stdin_handle
                0x030019b0        0xc /opt/devkitpro/devkitARM/arm-none-eabi/lib/libsysbase.a(libsysbase_libsysbase_a-handle_manager.o)
 .data.devoptab_list
                0x030019bc       0x8c /opt/devkitpro/devkitARM/arm-none-eabi/lib/libsysbase.a(libsysbase_libsysbase_a-iosupport.o)
                0x030019bc                devoptab_list
 *(.gnu.linkonce.d*)
                0x03001a48                        . = ALIGN (0x4)
                0x080135b8                        __preinit_lma = (__data_lma + SIZEOF (.data))

.igot.plt       0x03001a48        0x0 load address 0x080135b8
 .igot.plt      0x03001a48        0x0 /opt/devkitpro/devkitARM/bin/../lib/gcc/arm-none-eabi/14.2.0/../../../../arm-none-eabi/lib/thumb/gba_crt0.o

.preinit_array  0x03001a48        0x0 load address 0x080135b8
                0x03001a48                        __preinit_array_start = ABSOLUTE (.)
 *(.preinit_array)
                0x03001a48                        __preinit_array_end = ABSOLUTE (.)
                0x080135b8                        __init_lma = (__preinit_lma + SIZEOF (.preinit_array))

.init_array     0x03001a48        0x4 load address 0x080135b8
                0x03001a48                        __init_array_start = ABSOLUTE (.)
 *(SORT_BY_NAME(.init_array.*))
 *(.init_array)
 .init_array    0x03001a48        0x4 /opt/devkitpro/devkitARM/bin/../lib/gcc/arm-none-eabi/14.2.0/thumb/crtbegin.o
                0x03001a4c                        __init_array_end = ABSOLUTE (.)
                0x080135bc                        __fini_lma = (__init_lma + SIZEOF (.init_array))

.fini_array     0x03001a4c        0x4 load address 0x080135bc
                0x03001a4c                        __fini_array_start = ABSOLUTE (.)
 *(SORT_BY_NAME(.fini_array.*))
 *(.fini_array)
 .fini_array    0x03001a4c        0x4 /opt/devkitpro/devkitARM/bin/../lib/gcc/arm-none-eabi/14.2.0/thumb/crtbegin.o
                0x03001a50                        __fini_array_end = ABSOLUTE (.)
                0x080135c0                        __jcr_lma = (__fini_lma + SIZEOF (.fini_array))

.jcr
 *(.jcr)
                0x03001a50                        __data_end__ = ABSOLUTE (.)
                0x080135c0                        __iwram_overlay_lma = (__jcr_lma + SIZEOF (.jcr))
                0x03001a50                        __iwram_overlay_start = .

.iwram0         0x03001a50        0x0 load address 0x080135c0
 *(.iwram0)
                0x03001a50                        . = ALIGN (0x4)
                0x080135c0                        PROVIDE (__load_start_iwram0 = LOADADDR (.iwram0))
                0x080135c0                        PROVIDE (__load_stop_iwram0 = (LOADADDR (.iwram0) + SIZEOF (.iwram0)))

.iwram1         0x03001a50        0x0
 *(.iwram1)
                0x03001a50                        . = ALIGN (0x4)
                [!provide]                        PROVIDE (__load_start_iwram1 = LOADADDR (.iwram1))
                [!provide]                        PROVIDE (__load_stop_iwram1 = (LOADADDR (.iwram1) + SIZEOF (.iwram1)))

.iwram2         0x03001a50        0x0
 *(.iwram2)
                0x03001a50                        . = ALIGN (0x4)
                [!provide]                        PROVIDE (__load_start_iwram2 = LOADADDR (.iwram2))
                [!provide]                        PROVIDE (__load_stop_iwram2 = (LOADADDR (.iwram2) + SIZEOF (.iwram2)))

.iwram3         0x03001a50        0x0
 *(.iwram3)
                0x03001a50                        . = ALIGN (0x4)
                [!provide]                        PROVIDE (__load_start_iwram3 = LOADADDR (.iwram3))
                [!provide]                        PROVIDE (__load_stop_iwram3 = (LOADADDR (.iwram3) + SIZEOF (.iwram3)))

.iwram4         0x03001a50        0x0
 *(.iwram4)
                0x03001a50                        . = ALIGN (0x4)
                [!provide]                        PROVIDE (__load_start_iwram4 = LOADADDR (.iwram4))
                [!provide]                        PROVIDE (__load_stop_iwram4 = (LOADADDR (.iwram4) + SIZEOF (.iwram4)))

.iwram5         0x03001a50        0x0
 *(.iwram5)
                0x03001a50                        . = ALIGN (0x4)
                [!provide]                        PROVIDE (__load_start_iwram5 = LOADADDR (.iwram5))
                [!provide]                        PROVIDE (__load_stop_iwram5 = (LOADADDR (.iwram5) + SIZEOF (.iwram5)))

.iwram6         0x03001a50        0x0
 *(.iwram6)
                0x03001a50                        . = ALIGN (0x4)
                [!provide]                        PROVIDE (__load_start_iwram6 = LOADADDR (.iwram6))
                [!provide]                        PROVIDE (__load_stop_iwram6 = (LOADADDR (.iwram6) + SIZEOF (.iwram6)))

.iwram7         0x03001a50        0x0
 *(.iwram7)
                0x03001a50                        . = ALIGN (0x4)
                [!provide]                        PROVIDE (__load_start_iwram7 = LOADADDR (.iwram7))
                [!provide]                        PROVIDE (__load_stop_iwram7 = (LOADADDR (.iwram7) + SIZEOF (.iwram7)))

.iwram8         0x03001a50        0x0
 *(.iwram8)
                0x03001a50                        . = ALIGN (0x4)
                [!provide]                        PROVIDE (__load_start_iwram8 = LOADADDR (.iwram8))
                [!provide]                        PROVIDE (__load_stop_iwram8 = (LOADADDR (.iwram8) + SIZEOF (.iwram8)))

.iwram9         0x03001a50        0x0
 *(.iwram9)
                0x03001a50                        . = ALIGN (0x4)
                [!provide]                        PROVIDE (__load_start_iwram9 = LOADADDR (.iwram9))
                [!provide]                        PROVIDE (__load_stop_iwram9 = (LOADADDR (.iwram9) + SIZEOF (.iwram9)))
                0x03001a50                        __iwram_overlay_end = .
                0x080135c0                        __ewram_lma = (__iwram_overlay_lma + (__iwram_overlay_end - __iwram_overlay_start))
                0x03001a50                        __iheap_start = .
                0x02000000                        __ewram_start = ORIGIN (ewram)

.ewram          0x02000000       0x84 load address 0x080135c0
 *(.ewram*)
 .ewram         0x02000000       0x5c /opt/devkitpro/libtonc/lib/libtonc.a(tonc_nocash.o)
                0x02000000                nocash_message
                0x02000008                nocash_buffer
 .ewram         0x0200005c       0x14 /opt/devkitpro/libtonc/lib/libtonc.a(tonc_sbmp8.o)
                0x0200005c                m4_surface
 .ewram         0x02000070       0x14 /opt/devkitpro/libtonc/lib/libtonc.a(tonc_sbmp16.o)
                0x02000070                m5_surface
                0x02000084                        . = ALIGN (0x4)
                0x02000084                        __ewram_end = ABSOLUTE (.)
                0x08013644                        __pad_lma = (__ewram_lma + SIZEOF (.ewram))

.sbss           0x02000084        0x0
                0x02000084                        __sbss_start__ = ABSOLUTE (.)
 *(.sbss*)
                0x02000084                        . = ALIGN (0x4)
                0x02000084                        __sbss_end__ = ABSOLUTE (.)
                0x02000084                        __end__ = ABSOLUTE (.)
                0x02000084                        __eheap_start = ABSOLUTE (.)

.pad            0x02000084        0x8 load address 0x08013644
                0x02000084        0x4 LONG 0x52416b64
                0x02000088        0x4 LONG 0x4d
                0x0200008c                        . = ALIGN (0x4)
                0x0801364c                        __rom_end__ = (__pad_lma + SIZEOF (.pad))

.rel.dyn        0x0200008c        0x0 load address 0x0801364c
 .rel.iplt      0x0200008c        0x0 /opt/devkitpro/devkitARM/bin/../lib/gcc/arm-none-eabi/14.2.0/../../../../arm-none-eabi/lib/thumb/gba_crt0.o

.stab
 *(.stab)

.stabstr
 *(.stabstr)

.stab.excl
 *(.stab.excl)

.stab.exclstr
 *(.stab.exclstr)

.stab.index
 *(.stab.index)

.stab.indexstr
 *(.stab.indexstr)

.comment        0x00000000       0x45
 *(.comment)
 .comment       0x00000000       0x45 /opt/devkitpro/devkitARM/bin/../lib/gcc/arm-none-eabi/14.2.0/thumb/crtbegin.o
                                 0x24 (size before relaxing)
 .comment       0x00000045       0x24 m4-grid-rot.o
 .comment       0x00000045       0x23 /opt/devkitpro/libtonc/lib/libtonc.a(tonc_core.o)
 .comment       0x00000045       0x23 /opt/devkitpro/libtonc/lib/libtonc.a(tonc_video.o)
 .comment       0x00000045       0x23 /opt/devkitpro/libtonc/lib/libtonc.a(tonc_input.o)
 .comment       0x00000045       0x23 /opt/devkitpro/libtonc/lib/libtonc.a(tte_main.o)
 .comment       0x00000045       0x23 /opt/devkitpro/libtonc/lib/libtonc.a(tte_iohook.o)
 .comment       0x00000045       0x23 /opt/devkitpro/libtonc/lib/libtonc.a(tte_init_bmp.o)
 .comment       0x00000045       0x23 /opt/devkitpro/libtonc/lib/libtonc.a(bmp8_drawg_b1cs.o)
 .comment       0x00000045       0x23 /opt/devkitpro/libtonc/lib/libtonc.a(tonc_sbmp8.o)
 .comment       0x00000045       0x23 /opt/devkitpro/libtonc/lib/libtonc.a(tonc_sbmp16.o)
 .comment       0x00000045       0x23 /opt/devkitpro/libtonc/lib/libtonc.a(bmp16_drawg_b1cs.o)
 .comment       0x00000045       0x24 /opt/devkitpro/devkitARM/arm-none-eabi/lib/libg.a(libc_a-siscanf.o)
 .comment       0x00000045       0x24 /opt/devkitpro/devkitARM/arm-none-eabi/lib/libg.a(libc_a-stdio.o)
 .comment       0x00000045       0x24 /opt/devkitpro/devkitARM/arm-none-eabi/lib/libg.a(libc_a-strtol.o)
 .comment       0x00000045       0x24 /opt/devkitpro/devkitARM/arm-none-eabi/lib/libg.a(libc_a-setvbuf.o)
 .comment       0x00000045       0x24 /opt/devkitpro/devkitARM/arm-none-eabi/lib/libg.a(libc_a-errno.o)
 .comment       0x00000045       0x24 /opt/devkitpro/devkitARM/arm-none-eabi/lib/libg.a(libc_a-malloc.o)
 .comment       0x00000045       0x24 /opt/devkitpro/devkitARM/arm-none-eabi/lib/libg.a(libc_a-ctype_.o)
 .comment       0x00000045       0x24 /opt/devkitpro/devkitARM/arm-none-eabi/lib/libg.a(libc_a-memset.o)
 .comment       0x00000045       0x24 /opt/devkitpro/devkitARM/arm-none-eabi/lib/libg.a(libc_a-strncpy.o)
 .comment       0x00000045       0x24 /opt/devkitpro/devkitARM/arm-none-eabi/lib/libg.a(libc_a-iprintf.o)
 .comment       0x00000045       0x24 /opt/devkitpro/devkitARM/arm-none-eabi/lib/libg.a(libc_a-init.o)
 .comment       0x00000045       0x24 /opt/devkitpro/devkitARM/arm-none-eabi/lib/libg.a(libc_a-fflush.o)
 .comment       0x00000045       0x24 /opt/devkitpro/devkitARM/arm-none-eabi/lib/libg.a(libc_a-strlen-stub.o)
 .comment       0x00000045       0x24 /opt/devkitpro/devkitARM/arm-none-eabi/lib/libg.a(libc_a-impure.o)
 .comment       0x00000045       0x24 /opt/devkitpro/devkitARM/arm-none-eabi/lib/libg.a(libc_a-vfiprintf.o)
 .comment       0x00000045       0x24 /opt/devkitpro/devkitARM/arm-none-eabi/lib/libg.a(libc_a-malignr.o)
 .comment       0x00000045       0x24 /opt/devkitpro/devkitARM/arm-none-eabi/lib/libg.a(libc_a-memchr-stub.o)
 .comment       0x00000045       0x24 /opt/devkitpro/devkitARM/arm-none-eabi/lib/libg.a(libc_a-svfiscanf.o)
 .comment       0x00000045       0x24 /opt/devkitpro/devkitARM/arm-none-eabi/lib/libg.a(libc_a-strtoul.o)
 .comment       0x00000045       0x24 /opt/devkitpro/devkitARM/arm-none-eabi/lib/libg.a(libc_a-sprint_r.o)
 .comment       0x00000045       0x24 /opt/devkitpro/devkitARM/arm-none-eabi/lib/libg.a(libc_a-iswspace.o)
 .comment       0x00000045       0x24 /opt/devkitpro/devkitARM/arm-none-eabi/lib/libg.a(libc_a-sccl.o)
 .comment       0x00000045       0x24 /opt/devkitpro/devkitARM/arm-none-eabi/lib/libg.a(libc_a-localeconv.o)
 .comment       0x00000045       0x24 /opt/devkitpro/devkitARM/arm-none-eabi/lib/libg.a(libc_a-makebuf.o)
 .comment       0x00000045       0x24 /opt/devkitpro/devkitARM/arm-none-eabi/lib/libg.a(libc_a-realloc.o)
 .comment       0x00000045       0x24 /opt/devkitpro/devkitARM/arm-none-eabi/lib/libg.a(libc_a-findfp.o)
 .comment       0x00000045       0x24 /opt/devkitpro/devkitARM/arm-none-eabi/lib/libg.a(libc_a-mallocr.o)
 .comment       0x00000045       0x24 /opt/devkitpro/devkitARM/arm-none-eabi/lib/libg.a(libc_a-wcrtomb.o)
 .comment       0x00000045       0x24 /opt/devkitpro/devkitARM/arm-none-eabi/lib/libg.a(libc_a-freer.o)
 .comment       0x00000045       0x24 /opt/devkitpro/devkitARM/arm-none-eabi/lib/libg.a(libc_a-memcpy-stub.o)
 .comment       0x00000045       0x24 /opt/devkitpro/devkitARM/arm-none-eabi/lib/libg.a(libc_a-reallocr.o)
 .comment       0x00000045       0x24 /opt/devkitpro/devkitARM/arm-none-eabi/lib/libg.a(libc_a-fwalk.o)
 .comment       0x00000045       0x24 /opt/devkitpro/devkitARM/arm-none-eabi/lib/libg.a(libc_a-mlock.o)
 .comment       0x00000045       0x24 /opt/devkitpro/devkitARM/arm-none-eabi/lib/libg.a(libc_a-strtoull.o)
 .comment       0x00000045       0x24 /opt/devkitpro/devkitARM/arm-none-eabi/lib/libg.a(libc_a-wcsrtombs.o)
 .comment       0x00000045       0x24 /opt/devkitpro/devkitARM/arm-none-eabi/lib/libg.a(libc_a-svfiprintf.o)
 .comment       0x00000045       0x24 /opt/devkitpro/devkitARM/arm-none-eabi/lib/libg.a(libc_a-mbrtowc.o)
 .comment       0x00000045       0x24 /opt/devkitpro/devkitARM/arm-none-eabi/lib/libg.a(libc_a-wsetup.o)
 .comment       0x00000045       0x24 /opt/devkitpro/devkitARM/arm-none-eabi/lib/libg.a(libc_a-ungetc.o)
 .comment       0x00000045       0x24 /opt/devkitpro/devkitARM/arm-none-eabi/lib/libg.a(libc_a-memmove.o)
 .comment       0x00000045       0x24 /opt/devkitpro/devkitARM/arm-none-eabi/lib/libg.a(libc_a-iswspace_l.o)
 .comment       0x00000045       0x24 /opt/devkitpro/devkitARM/arm-none-eabi/lib/libg.a(libc_a-fvwrite.o)
 .comment       0x00000045       0x24 /opt/devkitpro/devkitARM/arm-none-eabi/lib/libg.a(libc_a-strtoll.o)
 .comment       0x00000045       0x24 /opt/devkitpro/devkitARM/arm-none-eabi/lib/libg.a(libc_a-locale.o)
 .comment       0x00000045       0x24 /opt/devkitpro/devkitARM/arm-none-eabi/lib/libg.a(libc_a-wcsnrtombs.o)
 .comment       0x00000045       0x24 /opt/devkitpro/devkitARM/arm-none-eabi/lib/libg.a(libc_a-mbtowc_r.o)
 .comment       0x00000045       0x24 /opt/devkitpro/devkitARM/arm-none-eabi/lib/libg.a(libc_a-fclose.o)
 .comment       0x00000045       0x24 /opt/devkitpro/devkitARM/arm-none-eabi/lib/libg.a(libc_a-categories.o)
 .comment       0x00000045       0x24 /opt/devkitpro/devkitARM/arm-none-eabi/lib/libg.a(libc_a-wctomb_r.o)
 .comment       0x00000045       0x24 /opt/devkitpro/devkitARM/arm-none-eabi/lib/libsysbase.a(libsysbase_libsysbase_a-fstat.o)
 .comment       0x00000045       0x24 /opt/devkitpro/devkitARM/arm-none-eabi/lib/libsysbase.a(libsysbase_libsysbase_a-getreent.o)
 .comment       0x00000045       0x24 /opt/devkitpro/devkitARM/arm-none-eabi/lib/libsysbase.a(libsysbase_libsysbase_a-handle_manager.o)
 .comment       0x00000045       0x24 /opt/devkitpro/devkitARM/arm-none-eabi/lib/libsysbase.a(libsysbase_libsysbase_a-iosupport.o)
 .comment       0x00000045       0x24 /opt/devkitpro/devkitARM/arm-none-eabi/lib/libsysbase.a(libsysbase_libsysbase_a-isatty.o)
 .comment       0x00000045       0x24 /opt/devkitpro/devkitARM/arm-none-eabi/lib/libsysbase.a(libsysbase_libsysbase_a-lseek.o)
 .comment       0x00000045       0x24 /opt/devkitpro/devkitARM/arm-none-eabi/lib/libsysbase.a(libsysbase_libsysbase_a-malloc_vars.o)
 .comment       0x00000045       0x24 /opt/devkitpro/devkitARM/arm-none-eabi/lib/libsysbase.a(libsysbase_libsysbase_a-read.o)
 .comment       0x00000045       0x24 /opt/devkitpro/devkitARM/arm-none-eabi/lib/libsysbase.a(libsysbase_libsysbase_a-sbrk.o)
 .comment       0x00000045       0x24 /opt/devkitpro/devkitARM/arm-none-eabi/lib/libsysbase.a(libsysbase_libsysbase_a-syscall_support.o)
 .comment       0x00000045       0x24 /opt/devkitpro/devkitARM/arm-none-eabi/lib/libsysbase.a(libsysbase_libsysbase_a-write.o)
 .comment       0x00000045       0x24 /opt/devkitpro/devkitARM/bin/../lib/gcc/arm-none-eabi/14.2.0/thumb/libgcc.a(_udivmoddi4.o)
 .comment       0x00000045       0x24 /opt/devkitpro/devkitARM/bin/../lib/gcc/arm-none-eabi/14.2.0/thumb/crtend.o

.debug
 *(.debug)

.line
 *(.line)

.debug_srcinfo
 *(.debug_srcinfo)

.debug_sfnames
 *(.debug_sfnames)

.debug_aranges  0x00000000       0x28
 *(.debug_aranges)
 .debug_aranges
                0x00000000       0x28 m4-grid-rot.o

.debug_pubnames
 *(.debug_pubnames)

.debug_info     0x00000000     0x12dd
 *(.debug_info)
 .debug_info    0x00000000     0x12dd m4-grid-rot.o

.debug_abbrev   0x00000000      0x4ce
 *(.debug_abbrev)
 .debug_abbrev  0x00000000      0x4ce m4-grid-rot.o

.debug_line     0x00000000      0xb8d
 *(.debug_line)
 .debug_line    0x00000000      0xb8d m4-grid-rot.o

.debug_frame    0x00000000      0x114
 *(.debug_frame)
 .debug_frame   0x00000000      0x114 m4-grid-rot.o

.debug_str      0x00000000      0x56d
 *(.debug_str)
 .debug_str     0x00000000      0x56d m4-grid-rot.o
                                0x5a6 (size before relaxing)

.debug_loc
 *(.debug_loc)

.debug_macinfo
 *(.debug_macinfo)

.debug_weaknames
 *(.debug_weaknames)

.debug_funcnames
 *(.debug_funcnames)

.debug_typenames
 *(.debug_typenames)

.debug_varnames
 *(.debug_varnames)

.stack          0x00080000        0x0
                0x00080000                        _stack = .
 *(.stack)

.note.gnu.arm.ident
 *(.note.gnu.arm.ident)

.ARM.attributes
                0x00000000       0x2c
 *(.ARM.attributes)
 .ARM.attributes
                0x00000000       0x20 /opt/devkitpro/devkitARM/bin/../lib/gcc/arm-none-eabi/14.2.0/../../../../arm-none-eabi/lib/thumb/gba_crt0.o
 .ARM.attributes
                0x00000020       0x1c /opt/devkitpro/devkitARM/bin/../lib/gcc/arm-none-eabi/14.2.0/thumb/crti.o
 .ARM.attributes
                0x0000003c       0x2a /opt/devkitpro/devkitARM/bin/../lib/gcc/arm-none-eabi/14.2.0/thumb/crtbegin.o
 .ARM.attributes
                0x00000066       0x2a m4-grid-rot.o
 .ARM.attributes
                0x00000090       0x2a /opt/devkitpro/libtonc/lib/libtonc.a(tonc_core.o)
 .ARM.attributes
                0x000000ba       0x2a /opt/devkitpro/libtonc/lib/libtonc.a(tonc_video.o)
 .ARM.attributes
                0x000000e4       0x2a /opt/devkitpro/libtonc/lib/libtonc.a(tonc_input.o)
 .ARM.attributes
                0x0000010e       0x2a /opt/devkitpro/libtonc/lib/libtonc.a(tte_main.o)
 .ARM.attributes
                0x00000138       0x2a /opt/devkitpro/libtonc/lib/libtonc.a(tte_iohook.o)
 .ARM.attributes
                0x00000162       0x2a /opt/devkitpro/libtonc/lib/libtonc.a(tte_init_bmp.o)
 .ARM.attributes
                0x0000018c       0x2a /opt/devkitpro/libtonc/lib/libtonc.a(bmp8_drawg_b1cs.o)
 .ARM.attributes
                0x000001b6       0x1a /opt/devkitpro/libtonc/lib/libtonc.a(sin_lut.o)
 .ARM.attributes
                0x000001d0       0x1a /opt/devkitpro/libtonc/lib/libtonc.a(tonc_bios.o)
 .ARM.attributes
                0x000001ea       0x1a /opt/devkitpro/libtonc/lib/libtonc.a(tonc_bios_ex.o)
 .ARM.attributes
                0x00000204       0x1a /opt/devkitpro/libtonc/lib/libtonc.a(tonc_nocash.o)
 .ARM.attributes
                0x0000021e       0x1a /opt/devkitpro/libtonc/lib/libtonc.a(verdana9.o)
 .ARM.attributes
                0x00000238       0x1a /opt/devkitpro/libtonc/lib/libtonc.a(sys8.o)
 .ARM.attributes
                0x00000252       0x2a /opt/devkitpro/libtonc/lib/libtonc.a(tonc_sbmp8.o)
 .ARM.attributes
                0x0000027c       0x2a /opt/devkitpro/libtonc/lib/libtonc.a(tonc_sbmp16.o)
 .ARM.attributes
                0x000002a6       0x2a /opt/devkitpro/libtonc/lib/libtonc.a(bmp16_drawg_b1cs.o)
 .ARM.attributes
                0x000002d0       0x1a /opt/devkitpro/libtonc/lib/libtonc.a(tonc_memcpy.o)
 .ARM.attributes
                0x000002ea       0x1a /opt/devkitpro/libtonc/lib/libtonc.a(tonc_memset.o)
 .ARM.attributes
                0x00000304       0x1c /opt/devkitpro/devkitARM/bin/../lib/gcc/arm-none-eabi/14.2.0/thumb/libgcc.a(_divsi3.o)
 .ARM.attributes
                0x00000320       0x1c /opt/devkitpro/devkitARM/bin/../lib/gcc/arm-none-eabi/14.2.0/thumb/libgcc.a(_dvmd_tls.o)
 .ARM.attributes
                0x0000033c       0x1c /opt/devkitpro/devkitARM/bin/../lib/gcc/arm-none-eabi/14.2.0/thumb/libgcc.a(_sync_none.o)
 .ARM.attributes
                0x00000358       0x2a /opt/devkitpro/devkitARM/arm-none-eabi/lib/libg.a(libc_a-siscanf.o)
 .ARM.attributes
                0x00000382       0x2a /opt/devkitpro/devkitARM/arm-none-eabi/lib/libg.a(libc_a-stdio.o)
 .ARM.attributes
                0x000003ac       0x2a /opt/devkitpro/devkitARM/arm-none-eabi/lib/libg.a(libc_a-strtol.o)
 .ARM.attributes
                0x000003d6       0x2a /opt/devkitpro/devkitARM/arm-none-eabi/lib/libg.a(libc_a-setvbuf.o)
 .ARM.attributes
                0x00000400       0x2a /opt/devkitpro/devkitARM/arm-none-eabi/lib/libg.a(libc_a-errno.o)
 .ARM.attributes
                0x0000042a       0x2a /opt/devkitpro/devkitARM/arm-none-eabi/lib/libg.a(libc_a-malloc.o)
 .ARM.attributes
                0x00000454       0x2a /opt/devkitpro/devkitARM/arm-none-eabi/lib/libg.a(libc_a-ctype_.o)
 .ARM.attributes
                0x0000047e       0x2a /opt/devkitpro/devkitARM/arm-none-eabi/lib/libg.a(libc_a-memset.o)
 .ARM.attributes
                0x000004a8       0x2a /opt/devkitpro/devkitARM/arm-none-eabi/lib/libg.a(libc_a-strncpy.o)
 .ARM.attributes
                0x000004d2       0x2a /opt/devkitpro/devkitARM/arm-none-eabi/lib/libg.a(libc_a-iprintf.o)
 .ARM.attributes
                0x000004fc       0x2a /opt/devkitpro/devkitARM/arm-none-eabi/lib/libg.a(libc_a-init.o)
 .ARM.attributes
                0x00000526       0x2a /opt/devkitpro/devkitARM/arm-none-eabi/lib/libg.a(libc_a-fflush.o)
 .ARM.attributes
                0x00000550       0x2a /opt/devkitpro/devkitARM/arm-none-eabi/lib/libg.a(libc_a-strlen-stub.o)
 .ARM.attributes
                0x0000057a       0x2a /opt/devkitpro/devkitARM/arm-none-eabi/lib/libg.a(libc_a-impure.o)
 .ARM.attributes
                0x000005a4       0x2a /opt/devkitpro/devkitARM/arm-none-eabi/lib/libg.a(libc_a-vfiprintf.o)
 .ARM.attributes
                0x000005ce       0x2a /opt/devkitpro/devkitARM/arm-none-eabi/lib/libg.a(libc_a-malignr.o)
 .ARM.attributes
                0x000005f8       0x2a /opt/devkitpro/devkitARM/arm-none-eabi/lib/libg.a(libc_a-memchr-stub.o)
 .ARM.attributes
                0x00000622       0x2a /opt/devkitpro/devkitARM/arm-none-eabi/lib/libg.a(libc_a-svfiscanf.o)
 .ARM.attributes
                0x0000064c       0x2a /opt/devkitpro/devkitARM/arm-none-eabi/lib/libg.a(libc_a-strtoul.o)
 .ARM.attributes
                0x00000676       0x2a /opt/devkitpro/devkitARM/arm-none-eabi/lib/libg.a(libc_a-sprint_r.o)
 .ARM.attributes
                0x000006a0       0x2a /opt/devkitpro/devkitARM/arm-none-eabi/lib/libg.a(libc_a-iswspace.o)
 .ARM.attributes
                0x000006ca       0x2a /opt/devkitpro/devkitARM/arm-none-eabi/lib/libg.a(libc_a-sccl.o)
 .ARM.attributes
                0x000006f4       0x2a /opt/devkitpro/devkitARM/arm-none-eabi/lib/libg.a(libc_a-localeconv.o)
 .ARM.attributes
                0x0000071e       0x2a /opt/devkitpro/devkitARM/arm-none-eabi/lib/libg.a(libc_a-makebuf.o)
 .ARM.attributes
                0x00000748       0x2a /opt/devkitpro/devkitARM/arm-none-eabi/lib/libg.a(libc_a-realloc.o)
 .ARM.attributes
                0x00000772       0x2a /opt/devkitpro/devkitARM/arm-none-eabi/lib/libg.a(libc_a-findfp.o)
 .ARM.attributes
                0x0000079c       0x2a /opt/devkitpro/devkitARM/arm-none-eabi/lib/libg.a(libc_a-mallocr.o)
 .ARM.attributes
                0x000007c6       0x2a /opt/devkitpro/devkitARM/arm-none-eabi/lib/libg.a(libc_a-wcrtomb.o)
 .ARM.attributes
                0x000007f0       0x2a /opt/devkitpro/devkitARM/arm-none-eabi/lib/libg.a(libc_a-freer.o)
 .ARM.attributes
                0x0000081a       0x2a /opt/devkitpro/devkitARM/arm-none-eabi/lib/libg.a(libc_a-memcpy-stub.o)
 .ARM.attributes
                0x00000844       0x2a /opt/devkitpro/devkitARM/arm-none-eabi/lib/libg.a(libc_a-reallocr.o)
 .ARM.attributes
                0x0000086e       0x2a /opt/devkitpro/devkitARM/arm-none-eabi/lib/libg.a(libc_a-fwalk.o)
 .ARM.attributes
                0x00000898       0x2a /opt/devkitpro/devkitARM/arm-none-eabi/lib/libg.a(libc_a-mlock.o)
 .ARM.attributes
                0x000008c2       0x2a /opt/devkitpro/devkitARM/arm-none-eabi/lib/libg.a(libc_a-strtoull.o)
 .ARM.attributes
                0x000008ec       0x2a /opt/devkitpro/devkitARM/arm-none-eabi/lib/libg.a(libc_a-wcsrtombs.o)
 .ARM.attributes
                0x00000916       0x2a /opt/devkitpro/devkitARM/arm-none-eabi/lib/libg.a(libc_a-svfiprintf.o)
 .ARM.attributes
                0x00000940       0x2a /opt/devkitpro/devkitARM/arm-none-eabi/lib/libg.a(libc_a-mbrtowc.o)
 .ARM.attributes
                0x0000096a       0x2a /opt/devkitpro/devkitARM/arm-none-eabi/lib/libg.a(libc_a-wsetup.o)
 .ARM.attributes
                0x00000994       0x2a /opt/devkitpro/devkitARM/arm-none-eabi/lib/libg.a(libc_a-ungetc.o)
 .ARM.attributes
                0x000009be       0x2a /opt/devkitpro/devkitARM/arm-none-eabi/lib/libg.a(libc_a-memmove.o)
 .ARM.attributes
                0x000009e8       0x2a /opt/devkitpro/devkitARM/arm-none-eabi/lib/libg.a(libc_a-iswspace_l.o)
 .ARM.attributes
                0x00000a12       0x2a /opt/devkitpro/devkitARM/arm-none-eabi/lib/libg.a(libc_a-fvwrite.o)
 .ARM.attributes
                0x00000a3c       0x2a /opt/devkitpro/devkitARM/arm-none-eabi/lib/libg.a(libc_a-strtoll.o)
 .ARM.attributes
                0x00000a66       0x2a /opt/devkitpro/devkitARM/arm-none-eabi/lib/libg.a(libc_a-locale.o)
 .ARM.attributes
                0x00000a90       0x2a /opt/devkitpro/devkitARM/arm-none-eabi/lib/libg.a(libc_a-ssprint_r.o)
 .ARM.attributes
                0x00000aba       0x2a /opt/devkitpro/devkitARM/arm-none-eabi/lib/libg.a(libc_a-strcat.o)
 .ARM.attributes
                0x00000ae4       0x2a /opt/devkitpro/devkitARM/arm-none-eabi/lib/libg.a(libc_a-wcsnrtombs.o)
 .ARM.attributes
                0x00000b0e       0x2a /opt/devkitpro/devkitARM/arm-none-eabi/lib/libg.a(libc_a-mbtowc_r.o)
 .ARM.attributes
                0x00000b38       0x2a /opt/devkitpro/devkitARM/arm-none-eabi/lib/libg.a(libc_a-fclose.o)
 .ARM.attributes
                0x00000b62       0x2a /opt/devkitpro/devkitARM/arm-none-eabi/lib/libg.a(libc_a-strlcpy.o)
 .ARM.attributes
                0x00000b8c       0x2a /opt/devkitpro/devkitARM/arm-none-eabi/lib/libg.a(libc_a-strcasecmp.o)
 .ARM.attributes
                0x00000bb6       0x2a /opt/devkitpro/devkitARM/arm-none-eabi/lib/libg.a(libc_a-categories.o)
 .ARM.attributes
                0x00000be0       0x2a /opt/devkitpro/devkitARM/arm-none-eabi/lib/libg.a(libc_a-getenv_r.o)
 .ARM.attributes
                0x00000c0a       0x2a /opt/devkitpro/devkitARM/arm-none-eabi/lib/libg.a(libc_a-ssputs_r.o)
 .ARM.attributes
                0x00000c34       0x2a /opt/devkitpro/devkitARM/arm-none-eabi/lib/libg.a(libc_a-strncasecmp.o)
 .ARM.attributes
                0x00000c5e       0x2a /opt/devkitpro/devkitARM/arm-none-eabi/lib/libg.a(libc_a-strcpy.o)
 .ARM.attributes
                0x00000c88       0x2a /opt/devkitpro/devkitARM/arm-none-eabi/lib/libg.a(libc_a-wctomb_r.o)
 .ARM.attributes
                0x00000cb2       0x1a /opt/devkitpro/devkitARM/arm-none-eabi/lib/libg.a(libc_a-strcmp.o)
 .ARM.attributes
                0x00000ccc       0x2a /opt/devkitpro/devkitARM/arm-none-eabi/lib/libg.a(libc_a-strncmp.o)
 .ARM.attributes
                0x00000cf6       0x2a /opt/devkitpro/devkitARM/arm-none-eabi/lib/libg.a(libc_a-strchr.o)
 .ARM.attributes
                0x00000d20       0x2a /opt/devkitpro/devkitARM/arm-none-eabi/lib/libg.a(libc_a-envlock.o)
 .ARM.attributes
                0x00000d4a       0x2a /opt/devkitpro/devkitARM/arm-none-eabi/lib/libg.a(libc_a-environ.o)
 .ARM.attributes
                0x00000d74       0x2a /opt/devkitpro/devkitARM/arm-none-eabi/lib/libsysbase.a(libsysbase_libsysbase_a-fstat.o)
 .ARM.attributes
                0x00000d9e       0x2a /opt/devkitpro/devkitARM/arm-none-eabi/lib/libsysbase.a(libsysbase_libsysbase_a-getreent.o)
 .ARM.attributes
                0x00000dc8       0x2a /opt/devkitpro/devkitARM/arm-none-eabi/lib/libsysbase.a(libsysbase_libsysbase_a-handle_manager.o)
 .ARM.attributes
                0x00000df2       0x2a /opt/devkitpro/devkitARM/arm-none-eabi/lib/libsysbase.a(libsysbase_libsysbase_a-iosupport.o)
 .ARM.attributes
                0x00000e1c       0x2a /opt/devkitpro/devkitARM/arm-none-eabi/lib/libsysbase.a(libsysbase_libsysbase_a-isatty.o)
 .ARM.attributes
                0x00000e46       0x2a /opt/devkitpro/devkitARM/arm-none-eabi/lib/libsysbase.a(libsysbase_libsysbase_a-lseek.o)
 .ARM.attributes
                0x00000e70       0x2a /opt/devkitpro/devkitARM/arm-none-eabi/lib/libsysbase.a(libsysbase_libsysbase_a-malloc_vars.o)
 .ARM.attributes
                0x00000e9a       0x2a /opt/devkitpro/devkitARM/arm-none-eabi/lib/libsysbase.a(libsysbase_libsysbase_a-read.o)
 .ARM.attributes
                0x00000ec4       0x2a /opt/devkitpro/devkitARM/arm-none-eabi/lib/libsysbase.a(libsysbase_libsysbase_a-sbrk.o)
 .ARM.attributes
                0x00000eee       0x2a /opt/devkitpro/devkitARM/arm-none-eabi/lib/libsysbase.a(libsysbase_libsysbase_a-syscall_support.o)
 .ARM.attributes
                0x00000f18       0x2a /opt/devkitpro/devkitARM/arm-none-eabi/lib/libsysbase.a(libsysbase_libsysbase_a-write.o)
 .ARM.attributes
                0x00000f42       0x2a /opt/devkitpro/devkitARM/arm-none-eabi/lib/libsysbase.a(libsysbase_libsysbase_a-clocks.o)
 .ARM.attributes
                0x00000f6c       0x1c /opt/devkitpro/devkitARM/bin/../lib/gcc/arm-none-eabi/14.2.0/thumb/libgcc.a(_udivsi3.o)
 .ARM.attributes
                0x00000f88       0x1c /opt/devkitpro/devkitARM/bin/../lib/gcc/arm-none-eabi/14.2.0/thumb/libgcc.a(_aeabi_uldivmod.o)
 .ARM.attributes
                0x00000fa4       0x2a /opt/devkitpro/devkitARM/bin/../lib/gcc/arm-none-eabi/14.2.0/thumb/libgcc.a(_udivmoddi4.o)
 .ARM.attributes
                0x00000fce       0x1c /opt/devkitpro/devkitARM/bin/../lib/gcc/arm-none-eabi/14.2.0/thumb/libgcc.a(_clzdi2.o)
 .ARM.attributes
                0x00000fea       0x1c /opt/devkitpro/devkitARM/bin/../lib/gcc/arm-none-eabi/14.2.0/thumb/libgcc.a(_clzsi2.o)
 .ARM.attributes
                0x00001006       0x2a /opt/devkitpro/devkitARM/bin/../lib/gcc/arm-none-eabi/14.2.0/thumb/crtend.o
 .ARM.attributes
                0x00001030       0x1c /opt/devkitpro/devkitARM/bin/../lib/gcc/arm-none-eabi/14.2.0/thumb/crtn.o

/DISCARD/
 *(.note.GNU-stack)
LOAD /opt/devkitpro/devkitARM/bin/../lib/gcc/arm-none-eabi/14.2.0/../../../../arm-none-eabi/lib/thumb/gba_crt0.o
LOAD /opt/devkitpro/devkitARM/bin/../lib/gcc/arm-none-eabi/14.2.0/thumb/crti.o
LOAD /opt/devkitpro/devkitARM/bin/../lib/gcc/arm-none-eabi/14.2.0/thumb/crtbegin.o
LOAD m4-grid-rot.o
LOAD /opt/devkitpro/devkitARM/arm-none-eabi/lib/libm.a
LOAD /opt/devkitpro/libtonc/lib/libtonc.a
START GROUP
LOAD /opt/devkitpro/devkitARM/bin/../lib/gcc/arm-none-eabi/14.2.0/thumb/libgcc.a
LOAD /opt/devkitpro/devkitARM/arm-none-eabi/lib/libg.a
LOAD /opt/devkitpro/devkitARM/arm-none-eabi/lib/libc.a
LOAD /opt/devkitpro/devkitARM/arm-none-eabi/lib/libsysbase.a
END GROUP
LOAD /opt/devkitpro/devkitARM/bin/../lib/gcc/arm-none-eabi/14.2.0/thumb/crtend.o
LOAD /opt/devkitpro/devkitARM/bin/../lib/gcc/arm-none-eabi/14.2.0/thumb/crtn.o
OUTPUT(/home/geconf/Nextcloud/game-dev/examples/m4-grid-rot/m4-grid-rot.elf elf32-littlearm)
LOAD linker stubs

.debug_loclists
                0x00000000      0xab9
 .debug_loclists
                0x00000000      0xab9 m4-grid-rot.o

.debug_rnglists
                0x00000000      0x221
 .debug_rnglists
                0x00000000      0x221 m4-grid-rot.o
