Archive member included to satisfy reference by file (symbol)

/opt/devkitpro/libtonc/lib/libtonc.a(tonc_input.o)
                              snake.o (key_poll)
/opt/devkitpro/libtonc/lib/libtonc.a(tonc_bios.o)
                              /opt/devkitpro/libtonc/lib/libtonc.a(tonc_input.o) (VBlankIntrWait)
/opt/devkitpro/libtonc/lib/libtonc.a(tonc_memset.o)
                              snake.o (memset32)
/opt/devkitpro/devkitARM/bin/../lib/gcc/arm-none-eabi/14.2.0/thumb/libgcc.a(_divsi3.o)
                              snake.o (__aeabi_idivmod)
/opt/devkitpro/devkitARM/bin/../lib/gcc/arm-none-eabi/14.2.0/thumb/libgcc.a(_dvmd_tls.o)
                              /opt/devkitpro/devkitARM/bin/../lib/gcc/arm-none-eabi/14.2.0/thumb/libgcc.a(_divsi3.o) (__aeabi_idiv0)
/opt/devkitpro/devkitARM/bin/../lib/gcc/arm-none-eabi/14.2.0/thumb/libgcc.a(_sync_none.o)
                              (__sync_synchronize_none)
/opt/devkitpro/devkitARM/bin/../lib/gcc/arm-none-eabi/14.2.0/../../../../arm-none-eabi/lib/thumb/libg.a(libc_a-rand.o)
                              snake.o (srand)
/opt/devkitpro/devkitARM/bin/../lib/gcc/arm-none-eabi/14.2.0/../../../../arm-none-eabi/lib/thumb/libg.a(libc_a-memmove.o)
                              snake.o (memmove)
/opt/devkitpro/devkitARM/bin/../lib/gcc/arm-none-eabi/14.2.0/../../../../arm-none-eabi/lib/thumb/libg.a(libc_a-time.o)
                              snake.o (time)
/opt/devkitpro/devkitARM/bin/../lib/gcc/arm-none-eabi/14.2.0/../../../../arm-none-eabi/lib/thumb/libg.a(libc_a-init.o)
                              /opt/devkitpro/devkitARM/bin/../lib/gcc/arm-none-eabi/14.2.0/../../../../arm-none-eabi/lib/thumb/gba_crt0.o (__libc_init_array)
/opt/devkitpro/devkitARM/bin/../lib/gcc/arm-none-eabi/14.2.0/../../../../arm-none-eabi/lib/thumb/libsysbase.a(libsysbase_libsysbase_a-getreent.o)
                              /opt/devkitpro/devkitARM/bin/../lib/gcc/arm-none-eabi/14.2.0/../../../../arm-none-eabi/lib/thumb/libg.a(libc_a-rand.o) (__getreent)
/opt/devkitpro/devkitARM/bin/../lib/gcc/arm-none-eabi/14.2.0/../../../../arm-none-eabi/lib/thumb/libsysbase.a(libsysbase_libsysbase_a-gettod.o)
                              /opt/devkitpro/devkitARM/bin/../lib/gcc/arm-none-eabi/14.2.0/../../../../arm-none-eabi/lib/thumb/libg.a(libc_a-time.o) (_gettimeofday_r)
/opt/devkitpro/devkitARM/bin/../lib/gcc/arm-none-eabi/14.2.0/../../../../arm-none-eabi/lib/thumb/libsysbase.a(libsysbase_libsysbase_a-malloc_vars.o)
                              /opt/devkitpro/devkitARM/bin/../lib/gcc/arm-none-eabi/14.2.0/../../../../arm-none-eabi/lib/thumb/gba_crt0.o (fake_heap_end)
/opt/devkitpro/devkitARM/bin/../lib/gcc/arm-none-eabi/14.2.0/thumb/libgcc.a(_muldi3.o)
                              /opt/devkitpro/devkitARM/bin/../lib/gcc/arm-none-eabi/14.2.0/../../../../arm-none-eabi/lib/thumb/libg.a(libc_a-rand.o) (__aeabi_lmul)
/opt/devkitpro/devkitARM/bin/../lib/gcc/arm-none-eabi/14.2.0/../../../../arm-none-eabi/lib/thumb/libg.a(libc_a-impure.o)
                              /opt/devkitpro/devkitARM/bin/../lib/gcc/arm-none-eabi/14.2.0/../../../../arm-none-eabi/lib/thumb/libsysbase.a(libsysbase_libsysbase_a-getreent.o) (_impure_ptr)
/opt/devkitpro/devkitARM/bin/../lib/gcc/arm-none-eabi/14.2.0/../../../../arm-none-eabi/lib/thumb/libg.a(libc_a-findfp.o)
                              /opt/devkitpro/devkitARM/bin/../lib/gcc/arm-none-eabi/14.2.0/../../../../arm-none-eabi/lib/thumb/libg.a(libc_a-impure.o) (__sf)
/opt/devkitpro/devkitARM/bin/../lib/gcc/arm-none-eabi/14.2.0/../../../../arm-none-eabi/lib/thumb/libg.a(libc_a-mallocr.o)
                              /opt/devkitpro/devkitARM/bin/../lib/gcc/arm-none-eabi/14.2.0/../../../../arm-none-eabi/lib/thumb/libg.a(libc_a-findfp.o) (_malloc_r)
/opt/devkitpro/devkitARM/bin/../lib/gcc/arm-none-eabi/14.2.0/../../../../arm-none-eabi/lib/thumb/libg.a(libc_a-freer.o)
                              /opt/devkitpro/devkitARM/bin/../lib/gcc/arm-none-eabi/14.2.0/../../../../arm-none-eabi/lib/thumb/libg.a(libc_a-mallocr.o) (_free_r)
/opt/devkitpro/devkitARM/bin/../lib/gcc/arm-none-eabi/14.2.0/../../../../arm-none-eabi/lib/thumb/libg.a(libc_a-memset.o)
                              /opt/devkitpro/devkitARM/bin/../lib/gcc/arm-none-eabi/14.2.0/../../../../arm-none-eabi/lib/thumb/libg.a(libc_a-findfp.o) (memset)
/opt/devkitpro/devkitARM/bin/../lib/gcc/arm-none-eabi/14.2.0/../../../../arm-none-eabi/lib/thumb/libg.a(libc_a-fwalk.o)
                              /opt/devkitpro/devkitARM/bin/../lib/gcc/arm-none-eabi/14.2.0/../../../../arm-none-eabi/lib/thumb/libg.a(libc_a-findfp.o) (_fwalk_sglue)
/opt/devkitpro/devkitARM/bin/../lib/gcc/arm-none-eabi/14.2.0/../../../../arm-none-eabi/lib/thumb/libg.a(libc_a-mlock.o)
                              /opt/devkitpro/devkitARM/bin/../lib/gcc/arm-none-eabi/14.2.0/../../../../arm-none-eabi/lib/thumb/libg.a(libc_a-mallocr.o) (__malloc_lock)
/opt/devkitpro/devkitARM/bin/../lib/gcc/arm-none-eabi/14.2.0/../../../../arm-none-eabi/lib/thumb/libg.a(libc_a-stdio.o)
                              /opt/devkitpro/devkitARM/bin/../lib/gcc/arm-none-eabi/14.2.0/../../../../arm-none-eabi/lib/thumb/libg.a(libc_a-findfp.o) (__sread)
/opt/devkitpro/devkitARM/bin/../lib/gcc/arm-none-eabi/14.2.0/../../../../arm-none-eabi/lib/thumb/libg.a(libc_a-fclose.o)
                              /opt/devkitpro/devkitARM/bin/../lib/gcc/arm-none-eabi/14.2.0/../../../../arm-none-eabi/lib/thumb/libg.a(libc_a-findfp.o) (_fclose_r)
/opt/devkitpro/devkitARM/bin/../lib/gcc/arm-none-eabi/14.2.0/../../../../arm-none-eabi/lib/thumb/libg.a(libc_a-fflush.o)
                              /opt/devkitpro/devkitARM/bin/../lib/gcc/arm-none-eabi/14.2.0/../../../../arm-none-eabi/lib/thumb/libg.a(libc_a-fclose.o) (__sflush_r)
/opt/devkitpro/devkitARM/bin/../lib/gcc/arm-none-eabi/14.2.0/../../../../arm-none-eabi/lib/thumb/libsysbase.a(libsysbase_libsysbase_a-handle_manager.o)
                              /opt/devkitpro/devkitARM/bin/../lib/gcc/arm-none-eabi/14.2.0/../../../../arm-none-eabi/lib/thumb/libg.a(libc_a-stdio.o) (_close_r)
/opt/devkitpro/devkitARM/bin/../lib/gcc/arm-none-eabi/14.2.0/../../../../arm-none-eabi/lib/thumb/libsysbase.a(libsysbase_libsysbase_a-iosupport.o)
                              /opt/devkitpro/devkitARM/bin/../lib/gcc/arm-none-eabi/14.2.0/../../../../arm-none-eabi/lib/thumb/libsysbase.a(libsysbase_libsysbase_a-handle_manager.o) (devoptab_list)
/opt/devkitpro/devkitARM/bin/../lib/gcc/arm-none-eabi/14.2.0/../../../../arm-none-eabi/lib/thumb/libsysbase.a(libsysbase_libsysbase_a-lseek.o)
                              /opt/devkitpro/devkitARM/bin/../lib/gcc/arm-none-eabi/14.2.0/../../../../arm-none-eabi/lib/thumb/libg.a(libc_a-stdio.o) (_lseek_r)
/opt/devkitpro/devkitARM/bin/../lib/gcc/arm-none-eabi/14.2.0/../../../../arm-none-eabi/lib/thumb/libsysbase.a(libsysbase_libsysbase_a-read.o)
                              /opt/devkitpro/devkitARM/bin/../lib/gcc/arm-none-eabi/14.2.0/../../../../arm-none-eabi/lib/thumb/libg.a(libc_a-stdio.o) (_read_r)
/opt/devkitpro/devkitARM/bin/../lib/gcc/arm-none-eabi/14.2.0/../../../../arm-none-eabi/lib/thumb/libsysbase.a(libsysbase_libsysbase_a-sbrk.o)
                              /opt/devkitpro/devkitARM/bin/../lib/gcc/arm-none-eabi/14.2.0/../../../../arm-none-eabi/lib/thumb/libg.a(libc_a-mallocr.o) (_sbrk_r)
/opt/devkitpro/devkitARM/bin/../lib/gcc/arm-none-eabi/14.2.0/../../../../arm-none-eabi/lib/thumb/libsysbase.a(libsysbase_libsysbase_a-syscall_support.o)
                              /opt/devkitpro/devkitARM/bin/../lib/gcc/arm-none-eabi/14.2.0/../../../../arm-none-eabi/lib/thumb/libsysbase.a(libsysbase_libsysbase_a-handle_manager.o) (__libc_lock_acquire)
/opt/devkitpro/devkitARM/bin/../lib/gcc/arm-none-eabi/14.2.0/../../../../arm-none-eabi/lib/thumb/libsysbase.a(libsysbase_libsysbase_a-write.o)
                              /opt/devkitpro/devkitARM/bin/../lib/gcc/arm-none-eabi/14.2.0/../../../../arm-none-eabi/lib/thumb/libg.a(libc_a-stdio.o) (_write_r)
/opt/devkitpro/devkitARM/bin/../lib/gcc/arm-none-eabi/14.2.0/../../../../arm-none-eabi/lib/thumb/libsysbase.a(libsysbase_libsysbase_a-clocks.o)
                              /opt/devkitpro/devkitARM/bin/../lib/gcc/arm-none-eabi/14.2.0/../../../../arm-none-eabi/lib/thumb/libsysbase.a(libsysbase_libsysbase_a-syscall_support.o) (clock_gettime)
/opt/devkitpro/devkitARM/bin/../lib/gcc/arm-none-eabi/14.2.0/../../../../arm-none-eabi/lib/thumb/libg.a(libc_a-strncmp.o)
                              /opt/devkitpro/devkitARM/bin/../lib/gcc/arm-none-eabi/14.2.0/../../../../arm-none-eabi/lib/thumb/libsysbase.a(libsysbase_libsysbase_a-iosupport.o) (strncmp)
/opt/devkitpro/devkitARM/bin/../lib/gcc/arm-none-eabi/14.2.0/../../../../arm-none-eabi/lib/thumb/libg.a(libc_a-strchr.o)
                              /opt/devkitpro/devkitARM/bin/../lib/gcc/arm-none-eabi/14.2.0/../../../../arm-none-eabi/lib/thumb/libsysbase.a(libsysbase_libsysbase_a-iosupport.o) (strchr)
/opt/devkitpro/devkitARM/bin/../lib/gcc/arm-none-eabi/14.2.0/../../../../arm-none-eabi/lib/thumb/libg.a(libc_a-strlen-stub.o)
                              /opt/devkitpro/devkitARM/bin/../lib/gcc/arm-none-eabi/14.2.0/../../../../arm-none-eabi/lib/thumb/libsysbase.a(libsysbase_libsysbase_a-iosupport.o) (strlen)
/opt/devkitpro/devkitARM/bin/../lib/gcc/arm-none-eabi/14.2.0/../../../../arm-none-eabi/lib/thumb/libg.a(libc_a-errno.o)
                              /opt/devkitpro/devkitARM/bin/../lib/gcc/arm-none-eabi/14.2.0/../../../../arm-none-eabi/lib/thumb/libsysbase.a(libsysbase_libsysbase_a-handle_manager.o) (__errno)
/opt/devkitpro/devkitARM/bin/../lib/gcc/arm-none-eabi/14.2.0/../../../../arm-none-eabi/lib/thumb/libg.a(libc_a-malloc.o)
                              /opt/devkitpro/devkitARM/bin/../lib/gcc/arm-none-eabi/14.2.0/../../../../arm-none-eabi/lib/thumb/libsysbase.a(libsysbase_libsysbase_a-handle_manager.o) (malloc)
/opt/devkitpro/devkitARM/bin/../lib/gcc/arm-none-eabi/14.2.0/../../../../arm-none-eabi/lib/thumb/libg.a(libc_a-ctype_.o)
                              /opt/devkitpro/devkitARM/bin/../lib/gcc/arm-none-eabi/14.2.0/../../../../arm-none-eabi/lib/thumb/libsysbase.a(libsysbase_libsysbase_a-iosupport.o) (_ctype_)
/opt/devkitpro/devkitARM/bin/../lib/gcc/arm-none-eabi/14.2.0/../../../../arm-none-eabi/lib/thumb/libg.a(libc_a-strcmp.o)
                              /opt/devkitpro/devkitARM/bin/../lib/gcc/arm-none-eabi/14.2.0/../../../../arm-none-eabi/lib/thumb/libsysbase.a(libsysbase_libsysbase_a-iosupport.o) (strcmp)
/opt/devkitpro/devkitARM/bin/../lib/gcc/arm-none-eabi/14.2.0/../../../../arm-none-eabi/lib/thumb/libg.a(libc_a-malignr.o)
                              /opt/devkitpro/devkitARM/bin/../lib/gcc/arm-none-eabi/14.2.0/../../../../arm-none-eabi/lib/thumb/libg.a(libc_a-malloc.o) (_memalign_r)
/opt/devkitpro/devkitARM/bin/../lib/gcc/arm-none-eabi/14.2.0/thumb/libgcc.a(_udivsi3.o)
                              /opt/devkitpro/devkitARM/bin/../lib/gcc/arm-none-eabi/14.2.0/../../../../arm-none-eabi/lib/thumb/libg.a(libc_a-malignr.o) (__aeabi_uidivmod)

Discarded input sections

 .text          0x00000000        0x0 /opt/devkitpro/devkitARM/bin/../lib/gcc/arm-none-eabi/14.2.0/../../../../arm-none-eabi/lib/thumb/gba_crt0.o
 .data          0x00000000        0x0 /opt/devkitpro/devkitARM/bin/../lib/gcc/arm-none-eabi/14.2.0/../../../../arm-none-eabi/lib/thumb/gba_crt0.o
 .bss           0x00000000        0x0 /opt/devkitpro/devkitARM/bin/../lib/gcc/arm-none-eabi/14.2.0/../../../../arm-none-eabi/lib/thumb/gba_crt0.o
 .text          0x00000000        0x0 /opt/devkitpro/devkitARM/bin/../lib/gcc/arm-none-eabi/14.2.0/thumb/crti.o
 .data          0x00000000        0x0 /opt/devkitpro/devkitARM/bin/../lib/gcc/arm-none-eabi/14.2.0/thumb/crti.o
 .bss           0x00000000        0x0 /opt/devkitpro/devkitARM/bin/../lib/gcc/arm-none-eabi/14.2.0/thumb/crti.o
 .text          0x00000000        0x0 /opt/devkitpro/devkitARM/bin/../lib/gcc/arm-none-eabi/14.2.0/thumb/crtbegin.o
 .data          0x00000000        0x0 /opt/devkitpro/devkitARM/bin/../lib/gcc/arm-none-eabi/14.2.0/thumb/crtbegin.o
 .bss           0x00000000        0x0 /opt/devkitpro/devkitARM/bin/../lib/gcc/arm-none-eabi/14.2.0/thumb/crtbegin.o
 .rodata.all_implied_fbits
                0x00000000       0x24 /opt/devkitpro/devkitARM/bin/../lib/gcc/arm-none-eabi/14.2.0/thumb/crtbegin.o
 .data.__dso_handle
                0x00000000        0x4 /opt/devkitpro/devkitARM/bin/../lib/gcc/arm-none-eabi/14.2.0/thumb/crtbegin.o
 .data          0x00000000        0x0 /opt/devkitpro/libtonc/lib/libtonc.a(tonc_bios.o)
 .bss           0x00000000        0x0 /opt/devkitpro/libtonc/lib/libtonc.a(tonc_bios.o)
 .text          0x00000000       0x3c /opt/devkitpro/libtonc/lib/libtonc.a(tonc_memset.o)
 .data          0x00000000        0x0 /opt/devkitpro/libtonc/lib/libtonc.a(tonc_memset.o)
 .bss           0x00000000        0x0 /opt/devkitpro/libtonc/lib/libtonc.a(tonc_memset.o)
 .data          0x00000000        0x0 /opt/devkitpro/devkitARM/bin/../lib/gcc/arm-none-eabi/14.2.0/thumb/libgcc.a(_divsi3.o)
 .bss           0x00000000        0x0 /opt/devkitpro/devkitARM/bin/../lib/gcc/arm-none-eabi/14.2.0/thumb/libgcc.a(_divsi3.o)
 .data          0x00000000        0x0 /opt/devkitpro/devkitARM/bin/../lib/gcc/arm-none-eabi/14.2.0/thumb/libgcc.a(_dvmd_tls.o)
 .bss           0x00000000        0x0 /opt/devkitpro/devkitARM/bin/../lib/gcc/arm-none-eabi/14.2.0/thumb/libgcc.a(_dvmd_tls.o)
 .text          0x00000000        0x4 /opt/devkitpro/devkitARM/bin/../lib/gcc/arm-none-eabi/14.2.0/thumb/libgcc.a(_sync_none.o)
 .data          0x00000000        0x0 /opt/devkitpro/devkitARM/bin/../lib/gcc/arm-none-eabi/14.2.0/thumb/libgcc.a(_sync_none.o)
 .bss           0x00000000        0x0 /opt/devkitpro/devkitARM/bin/../lib/gcc/arm-none-eabi/14.2.0/thumb/libgcc.a(_sync_none.o)
 .text          0x00000000        0x0 /opt/devkitpro/devkitARM/bin/../lib/gcc/arm-none-eabi/14.2.0/../../../../arm-none-eabi/lib/thumb/libg.a(libc_a-rand.o)
 .data          0x00000000        0x0 /opt/devkitpro/devkitARM/bin/../lib/gcc/arm-none-eabi/14.2.0/../../../../arm-none-eabi/lib/thumb/libg.a(libc_a-rand.o)
 .bss           0x00000000        0x0 /opt/devkitpro/devkitARM/bin/../lib/gcc/arm-none-eabi/14.2.0/../../../../arm-none-eabi/lib/thumb/libg.a(libc_a-rand.o)
 .text          0x00000000        0x0 /opt/devkitpro/devkitARM/bin/../lib/gcc/arm-none-eabi/14.2.0/../../../../arm-none-eabi/lib/thumb/libg.a(libc_a-memmove.o)
 .data          0x00000000        0x0 /opt/devkitpro/devkitARM/bin/../lib/gcc/arm-none-eabi/14.2.0/../../../../arm-none-eabi/lib/thumb/libg.a(libc_a-memmove.o)
 .bss           0x00000000        0x0 /opt/devkitpro/devkitARM/bin/../lib/gcc/arm-none-eabi/14.2.0/../../../../arm-none-eabi/lib/thumb/libg.a(libc_a-memmove.o)
 .text          0x00000000        0x0 /opt/devkitpro/devkitARM/bin/../lib/gcc/arm-none-eabi/14.2.0/../../../../arm-none-eabi/lib/thumb/libg.a(libc_a-time.o)
 .data          0x00000000        0x0 /opt/devkitpro/devkitARM/bin/../lib/gcc/arm-none-eabi/14.2.0/../../../../arm-none-eabi/lib/thumb/libg.a(libc_a-time.o)
 .bss           0x00000000        0x0 /opt/devkitpro/devkitARM/bin/../lib/gcc/arm-none-eabi/14.2.0/../../../../arm-none-eabi/lib/thumb/libg.a(libc_a-time.o)
 .text          0x00000000        0x0 /opt/devkitpro/devkitARM/bin/../lib/gcc/arm-none-eabi/14.2.0/../../../../arm-none-eabi/lib/thumb/libg.a(libc_a-init.o)
 .data          0x00000000        0x0 /opt/devkitpro/devkitARM/bin/../lib/gcc/arm-none-eabi/14.2.0/../../../../arm-none-eabi/lib/thumb/libg.a(libc_a-init.o)
 .bss           0x00000000        0x0 /opt/devkitpro/devkitARM/bin/../lib/gcc/arm-none-eabi/14.2.0/../../../../arm-none-eabi/lib/thumb/libg.a(libc_a-init.o)
 .text          0x00000000        0x0 /opt/devkitpro/devkitARM/bin/../lib/gcc/arm-none-eabi/14.2.0/../../../../arm-none-eabi/lib/thumb/libsysbase.a(libsysbase_libsysbase_a-getreent.o)
 .data          0x00000000        0x0 /opt/devkitpro/devkitARM/bin/../lib/gcc/arm-none-eabi/14.2.0/../../../../arm-none-eabi/lib/thumb/libsysbase.a(libsysbase_libsysbase_a-getreent.o)
 .bss           0x00000000        0x0 /opt/devkitpro/devkitARM/bin/../lib/gcc/arm-none-eabi/14.2.0/../../../../arm-none-eabi/lib/thumb/libsysbase.a(libsysbase_libsysbase_a-getreent.o)
 .text          0x00000000        0x0 /opt/devkitpro/devkitARM/bin/../lib/gcc/arm-none-eabi/14.2.0/../../../../arm-none-eabi/lib/thumb/libsysbase.a(libsysbase_libsysbase_a-gettod.o)
 .data          0x00000000        0x0 /opt/devkitpro/devkitARM/bin/../lib/gcc/arm-none-eabi/14.2.0/../../../../arm-none-eabi/lib/thumb/libsysbase.a(libsysbase_libsysbase_a-gettod.o)
 .bss           0x00000000        0x0 /opt/devkitpro/devkitARM/bin/../lib/gcc/arm-none-eabi/14.2.0/../../../../arm-none-eabi/lib/thumb/libsysbase.a(libsysbase_libsysbase_a-gettod.o)
 .text          0x00000000        0x0 /opt/devkitpro/devkitARM/bin/../lib/gcc/arm-none-eabi/14.2.0/../../../../arm-none-eabi/lib/thumb/libsysbase.a(libsysbase_libsysbase_a-malloc_vars.o)
 .data          0x00000000        0x0 /opt/devkitpro/devkitARM/bin/../lib/gcc/arm-none-eabi/14.2.0/../../../../arm-none-eabi/lib/thumb/libsysbase.a(libsysbase_libsysbase_a-malloc_vars.o)
 .bss           0x00000000        0x0 /opt/devkitpro/devkitARM/bin/../lib/gcc/arm-none-eabi/14.2.0/../../../../arm-none-eabi/lib/thumb/libsysbase.a(libsysbase_libsysbase_a-malloc_vars.o)
 .bss.fake_heap_start
                0x00000000        0x4 /opt/devkitpro/devkitARM/bin/../lib/gcc/arm-none-eabi/14.2.0/../../../../arm-none-eabi/lib/thumb/libsysbase.a(libsysbase_libsysbase_a-malloc_vars.o)
 .text          0x00000000        0x0 /opt/devkitpro/devkitARM/bin/../lib/gcc/arm-none-eabi/14.2.0/thumb/libgcc.a(_muldi3.o)
 .data          0x00000000        0x0 /opt/devkitpro/devkitARM/bin/../lib/gcc/arm-none-eabi/14.2.0/thumb/libgcc.a(_muldi3.o)
 .bss           0x00000000        0x0 /opt/devkitpro/devkitARM/bin/../lib/gcc/arm-none-eabi/14.2.0/thumb/libgcc.a(_muldi3.o)
 .text          0x00000000        0x0 /opt/devkitpro/devkitARM/bin/../lib/gcc/arm-none-eabi/14.2.0/../../../../arm-none-eabi/lib/thumb/libg.a(libc_a-impure.o)
 .data          0x00000000        0x0 /opt/devkitpro/devkitARM/bin/../lib/gcc/arm-none-eabi/14.2.0/../../../../arm-none-eabi/lib/thumb/libg.a(libc_a-impure.o)
 .bss           0x00000000        0x0 /opt/devkitpro/devkitARM/bin/../lib/gcc/arm-none-eabi/14.2.0/../../../../arm-none-eabi/lib/thumb/libg.a(libc_a-impure.o)
 .text          0x00000000        0x0 /opt/devkitpro/devkitARM/bin/../lib/gcc/arm-none-eabi/14.2.0/../../../../arm-none-eabi/lib/thumb/libg.a(libc_a-findfp.o)
 .data          0x00000000        0x0 /opt/devkitpro/devkitARM/bin/../lib/gcc/arm-none-eabi/14.2.0/../../../../arm-none-eabi/lib/thumb/libg.a(libc_a-findfp.o)
 .bss           0x00000000        0x0 /opt/devkitpro/devkitARM/bin/../lib/gcc/arm-none-eabi/14.2.0/../../../../arm-none-eabi/lib/thumb/libg.a(libc_a-findfp.o)
 .text.stdio_exit_handler
                0x00000000       0x20 /opt/devkitpro/devkitARM/bin/../lib/gcc/arm-none-eabi/14.2.0/../../../../arm-none-eabi/lib/thumb/libg.a(libc_a-findfp.o)
 .text.cleanup_stdio
                0x00000000       0x40 /opt/devkitpro/devkitARM/bin/../lib/gcc/arm-none-eabi/14.2.0/../../../../arm-none-eabi/lib/thumb/libg.a(libc_a-findfp.o)
 .text.__fp_lock
                0x00000000       0x20 /opt/devkitpro/devkitARM/bin/../lib/gcc/arm-none-eabi/14.2.0/../../../../arm-none-eabi/lib/thumb/libg.a(libc_a-findfp.o)
 .text.__fp_unlock
                0x00000000       0x20 /opt/devkitpro/devkitARM/bin/../lib/gcc/arm-none-eabi/14.2.0/../../../../arm-none-eabi/lib/thumb/libg.a(libc_a-findfp.o)
 .text.global_stdio_init.part.0
                0x00000000      0x128 /opt/devkitpro/devkitARM/bin/../lib/gcc/arm-none-eabi/14.2.0/../../../../arm-none-eabi/lib/thumb/libg.a(libc_a-findfp.o)
 .text.__sfp    0x00000000       0xcc /opt/devkitpro/devkitARM/bin/../lib/gcc/arm-none-eabi/14.2.0/../../../../arm-none-eabi/lib/thumb/libg.a(libc_a-findfp.o)
 .text.__sinit  0x00000000       0x3c /opt/devkitpro/devkitARM/bin/../lib/gcc/arm-none-eabi/14.2.0/../../../../arm-none-eabi/lib/thumb/libg.a(libc_a-findfp.o)
 .text.__sfp_lock_acquire
                0x00000000       0x14 /opt/devkitpro/devkitARM/bin/../lib/gcc/arm-none-eabi/14.2.0/../../../../arm-none-eabi/lib/thumb/libg.a(libc_a-findfp.o)
 .text.__sfp_lock_release
                0x00000000       0x14 /opt/devkitpro/devkitARM/bin/../lib/gcc/arm-none-eabi/14.2.0/../../../../arm-none-eabi/lib/thumb/libg.a(libc_a-findfp.o)
 .text.__fp_lock_all
                0x00000000       0x24 /opt/devkitpro/devkitARM/bin/../lib/gcc/arm-none-eabi/14.2.0/../../../../arm-none-eabi/lib/thumb/libg.a(libc_a-findfp.o)
 .text.__fp_unlock_all
                0x00000000       0x24 /opt/devkitpro/devkitARM/bin/../lib/gcc/arm-none-eabi/14.2.0/../../../../arm-none-eabi/lib/thumb/libg.a(libc_a-findfp.o)
 .bss.__sfp_recursive_mutex
                0x00000000        0xc /opt/devkitpro/devkitARM/bin/../lib/gcc/arm-none-eabi/14.2.0/../../../../arm-none-eabi/lib/thumb/libg.a(libc_a-findfp.o)
 .data.__sglue  0x00000000        0xc /opt/devkitpro/devkitARM/bin/../lib/gcc/arm-none-eabi/14.2.0/../../../../arm-none-eabi/lib/thumb/libg.a(libc_a-findfp.o)
 .bss.__stdio_exit_handler
                0x00000000        0x4 /opt/devkitpro/devkitARM/bin/../lib/gcc/arm-none-eabi/14.2.0/../../../../arm-none-eabi/lib/thumb/libg.a(libc_a-findfp.o)
 .text          0x00000000        0x0 /opt/devkitpro/devkitARM/bin/../lib/gcc/arm-none-eabi/14.2.0/../../../../arm-none-eabi/lib/thumb/libg.a(libc_a-mallocr.o)
 .data          0x00000000        0x0 /opt/devkitpro/devkitARM/bin/../lib/gcc/arm-none-eabi/14.2.0/../../../../arm-none-eabi/lib/thumb/libg.a(libc_a-mallocr.o)
 .bss           0x00000000        0x0 /opt/devkitpro/devkitARM/bin/../lib/gcc/arm-none-eabi/14.2.0/../../../../arm-none-eabi/lib/thumb/libg.a(libc_a-mallocr.o)
 .text._malloc_r
                0x00000000      0x588 /opt/devkitpro/devkitARM/bin/../lib/gcc/arm-none-eabi/14.2.0/../../../../arm-none-eabi/lib/thumb/libg.a(libc_a-mallocr.o)
 .bss.__malloc_current_mallinfo
                0x00000000       0x28 /opt/devkitpro/devkitARM/bin/../lib/gcc/arm-none-eabi/14.2.0/../../../../arm-none-eabi/lib/thumb/libg.a(libc_a-mallocr.o)
 .bss.__malloc_max_total_mem
                0x00000000        0x4 /opt/devkitpro/devkitARM/bin/../lib/gcc/arm-none-eabi/14.2.0/../../../../arm-none-eabi/lib/thumb/libg.a(libc_a-mallocr.o)
 .bss.__malloc_max_sbrked_mem
                0x00000000        0x4 /opt/devkitpro/devkitARM/bin/../lib/gcc/arm-none-eabi/14.2.0/../../../../arm-none-eabi/lib/thumb/libg.a(libc_a-mallocr.o)
 .data.__malloc_sbrk_base
                0x00000000        0x4 /opt/devkitpro/devkitARM/bin/../lib/gcc/arm-none-eabi/14.2.0/../../../../arm-none-eabi/lib/thumb/libg.a(libc_a-mallocr.o)
 .bss.__malloc_top_pad
                0x00000000        0x4 /opt/devkitpro/devkitARM/bin/../lib/gcc/arm-none-eabi/14.2.0/../../../../arm-none-eabi/lib/thumb/libg.a(libc_a-mallocr.o)
 .data.__malloc_trim_threshold
                0x00000000        0x4 /opt/devkitpro/devkitARM/bin/../lib/gcc/arm-none-eabi/14.2.0/../../../../arm-none-eabi/lib/thumb/libg.a(libc_a-mallocr.o)
 .data.__malloc_av_
                0x00000000      0x408 /opt/devkitpro/devkitARM/bin/../lib/gcc/arm-none-eabi/14.2.0/../../../../arm-none-eabi/lib/thumb/libg.a(libc_a-mallocr.o)
 .comment       0x00000000       0x24 /opt/devkitpro/devkitARM/bin/../lib/gcc/arm-none-eabi/14.2.0/../../../../arm-none-eabi/lib/thumb/libg.a(libc_a-mallocr.o)
 .text          0x00000000        0x0 /opt/devkitpro/devkitARM/bin/../lib/gcc/arm-none-eabi/14.2.0/../../../../arm-none-eabi/lib/thumb/libg.a(libc_a-freer.o)
 .data          0x00000000        0x0 /opt/devkitpro/devkitARM/bin/../lib/gcc/arm-none-eabi/14.2.0/../../../../arm-none-eabi/lib/thumb/libg.a(libc_a-freer.o)
 .bss           0x00000000        0x0 /opt/devkitpro/devkitARM/bin/../lib/gcc/arm-none-eabi/14.2.0/../../../../arm-none-eabi/lib/thumb/libg.a(libc_a-freer.o)
 .text._malloc_trim_r
                0x00000000       0xac /opt/devkitpro/devkitARM/bin/../lib/gcc/arm-none-eabi/14.2.0/../../../../arm-none-eabi/lib/thumb/libg.a(libc_a-freer.o)
 .text._free_r  0x00000000      0x1f4 /opt/devkitpro/devkitARM/bin/../lib/gcc/arm-none-eabi/14.2.0/../../../../arm-none-eabi/lib/thumb/libg.a(libc_a-freer.o)
 .comment       0x00000000       0x24 /opt/devkitpro/devkitARM/bin/../lib/gcc/arm-none-eabi/14.2.0/../../../../arm-none-eabi/lib/thumb/libg.a(libc_a-freer.o)
 .text          0x00000000        0x0 /opt/devkitpro/devkitARM/bin/../lib/gcc/arm-none-eabi/14.2.0/../../../../arm-none-eabi/lib/thumb/libg.a(libc_a-memset.o)
 .data          0x00000000        0x0 /opt/devkitpro/devkitARM/bin/../lib/gcc/arm-none-eabi/14.2.0/../../../../arm-none-eabi/lib/thumb/libg.a(libc_a-memset.o)
 .bss           0x00000000        0x0 /opt/devkitpro/devkitARM/bin/../lib/gcc/arm-none-eabi/14.2.0/../../../../arm-none-eabi/lib/thumb/libg.a(libc_a-memset.o)
 .text.memset   0x00000000       0x98 /opt/devkitpro/devkitARM/bin/../lib/gcc/arm-none-eabi/14.2.0/../../../../arm-none-eabi/lib/thumb/libg.a(libc_a-memset.o)
 .comment       0x00000000       0x24 /opt/devkitpro/devkitARM/bin/../lib/gcc/arm-none-eabi/14.2.0/../../../../arm-none-eabi/lib/thumb/libg.a(libc_a-memset.o)
 .text          0x00000000        0x0 /opt/devkitpro/devkitARM/bin/../lib/gcc/arm-none-eabi/14.2.0/../../../../arm-none-eabi/lib/thumb/libg.a(libc_a-fwalk.o)
 .data          0x00000000        0x0 /opt/devkitpro/devkitARM/bin/../lib/gcc/arm-none-eabi/14.2.0/../../../../arm-none-eabi/lib/thumb/libg.a(libc_a-fwalk.o)
 .bss           0x00000000        0x0 /opt/devkitpro/devkitARM/bin/../lib/gcc/arm-none-eabi/14.2.0/../../../../arm-none-eabi/lib/thumb/libg.a(libc_a-fwalk.o)
 .text._fwalk_sglue
                0x00000000       0x4c /opt/devkitpro/devkitARM/bin/../lib/gcc/arm-none-eabi/14.2.0/../../../../arm-none-eabi/lib/thumb/libg.a(libc_a-fwalk.o)
 .comment       0x00000000       0x24 /opt/devkitpro/devkitARM/bin/../lib/gcc/arm-none-eabi/14.2.0/../../../../arm-none-eabi/lib/thumb/libg.a(libc_a-fwalk.o)
 .text          0x00000000        0x0 /opt/devkitpro/devkitARM/bin/../lib/gcc/arm-none-eabi/14.2.0/../../../../arm-none-eabi/lib/thumb/libg.a(libc_a-mlock.o)
 .data          0x00000000        0x0 /opt/devkitpro/devkitARM/bin/../lib/gcc/arm-none-eabi/14.2.0/../../../../arm-none-eabi/lib/thumb/libg.a(libc_a-mlock.o)
 .bss           0x00000000        0x0 /opt/devkitpro/devkitARM/bin/../lib/gcc/arm-none-eabi/14.2.0/../../../../arm-none-eabi/lib/thumb/libg.a(libc_a-mlock.o)
 .text.__malloc_lock
                0x00000000       0x14 /opt/devkitpro/devkitARM/bin/../lib/gcc/arm-none-eabi/14.2.0/../../../../arm-none-eabi/lib/thumb/libg.a(libc_a-mlock.o)
 .text.__malloc_unlock
                0x00000000       0x14 /opt/devkitpro/devkitARM/bin/../lib/gcc/arm-none-eabi/14.2.0/../../../../arm-none-eabi/lib/thumb/libg.a(libc_a-mlock.o)
 .bss.__malloc_recursive_mutex
                0x00000000        0xc /opt/devkitpro/devkitARM/bin/../lib/gcc/arm-none-eabi/14.2.0/../../../../arm-none-eabi/lib/thumb/libg.a(libc_a-mlock.o)
 .comment       0x00000000       0x24 /opt/devkitpro/devkitARM/bin/../lib/gcc/arm-none-eabi/14.2.0/../../../../arm-none-eabi/lib/thumb/libg.a(libc_a-mlock.o)
 .text          0x00000000        0x0 /opt/devkitpro/devkitARM/bin/../lib/gcc/arm-none-eabi/14.2.0/../../../../arm-none-eabi/lib/thumb/libg.a(libc_a-stdio.o)
 .data          0x00000000        0x0 /opt/devkitpro/devkitARM/bin/../lib/gcc/arm-none-eabi/14.2.0/../../../../arm-none-eabi/lib/thumb/libg.a(libc_a-stdio.o)
 .bss           0x00000000        0x0 /opt/devkitpro/devkitARM/bin/../lib/gcc/arm-none-eabi/14.2.0/../../../../arm-none-eabi/lib/thumb/libg.a(libc_a-stdio.o)
 .text.__sread  0x00000000       0x34 /opt/devkitpro/devkitARM/bin/../lib/gcc/arm-none-eabi/14.2.0/../../../../arm-none-eabi/lib/thumb/libg.a(libc_a-stdio.o)
 .text.__seofread
                0x00000000        0x4 /opt/devkitpro/devkitARM/bin/../lib/gcc/arm-none-eabi/14.2.0/../../../../arm-none-eabi/lib/thumb/libg.a(libc_a-stdio.o)
 .text.__swrite
                0x00000000       0x4c /opt/devkitpro/devkitARM/bin/../lib/gcc/arm-none-eabi/14.2.0/../../../../arm-none-eabi/lib/thumb/libg.a(libc_a-stdio.o)
 .text.__sseek  0x00000000       0x3c /opt/devkitpro/devkitARM/bin/../lib/gcc/arm-none-eabi/14.2.0/../../../../arm-none-eabi/lib/thumb/libg.a(libc_a-stdio.o)
 .text.__sclose
                0x00000000       0x10 /opt/devkitpro/devkitARM/bin/../lib/gcc/arm-none-eabi/14.2.0/../../../../arm-none-eabi/lib/thumb/libg.a(libc_a-stdio.o)
 .comment       0x00000000       0x24 /opt/devkitpro/devkitARM/bin/../lib/gcc/arm-none-eabi/14.2.0/../../../../arm-none-eabi/lib/thumb/libg.a(libc_a-stdio.o)
 .text          0x00000000        0x0 /opt/devkitpro/devkitARM/bin/../lib/gcc/arm-none-eabi/14.2.0/../../../../arm-none-eabi/lib/thumb/libg.a(libc_a-fclose.o)
 .data          0x00000000        0x0 /opt/devkitpro/devkitARM/bin/../lib/gcc/arm-none-eabi/14.2.0/../../../../arm-none-eabi/lib/thumb/libg.a(libc_a-fclose.o)
 .bss           0x00000000        0x0 /opt/devkitpro/devkitARM/bin/../lib/gcc/arm-none-eabi/14.2.0/../../../../arm-none-eabi/lib/thumb/libg.a(libc_a-fclose.o)
 .text._fclose_r
                0x00000000       0xd4 /opt/devkitpro/devkitARM/bin/../lib/gcc/arm-none-eabi/14.2.0/../../../../arm-none-eabi/lib/thumb/libg.a(libc_a-fclose.o)
 .text.fclose   0x00000000       0x14 /opt/devkitpro/devkitARM/bin/../lib/gcc/arm-none-eabi/14.2.0/../../../../arm-none-eabi/lib/thumb/libg.a(libc_a-fclose.o)
 .comment       0x00000000       0x24 /opt/devkitpro/devkitARM/bin/../lib/gcc/arm-none-eabi/14.2.0/../../../../arm-none-eabi/lib/thumb/libg.a(libc_a-fclose.o)
 .text          0x00000000        0x0 /opt/devkitpro/devkitARM/bin/../lib/gcc/arm-none-eabi/14.2.0/../../../../arm-none-eabi/lib/thumb/libg.a(libc_a-fflush.o)
 .data          0x00000000        0x0 /opt/devkitpro/devkitARM/bin/../lib/gcc/arm-none-eabi/14.2.0/../../../../arm-none-eabi/lib/thumb/libg.a(libc_a-fflush.o)
 .bss           0x00000000        0x0 /opt/devkitpro/devkitARM/bin/../lib/gcc/arm-none-eabi/14.2.0/../../../../arm-none-eabi/lib/thumb/libg.a(libc_a-fflush.o)
 .text.__sflush_r
                0x00000000      0x194 /opt/devkitpro/devkitARM/bin/../lib/gcc/arm-none-eabi/14.2.0/../../../../arm-none-eabi/lib/thumb/libg.a(libc_a-fflush.o)
 .text._fflush_r
                0x00000000       0x70 /opt/devkitpro/devkitARM/bin/../lib/gcc/arm-none-eabi/14.2.0/../../../../arm-none-eabi/lib/thumb/libg.a(libc_a-fflush.o)
 .text.fflush   0x00000000       0x30 /opt/devkitpro/devkitARM/bin/../lib/gcc/arm-none-eabi/14.2.0/../../../../arm-none-eabi/lib/thumb/libg.a(libc_a-fflush.o)
 .comment       0x00000000       0x24 /opt/devkitpro/devkitARM/bin/../lib/gcc/arm-none-eabi/14.2.0/../../../../arm-none-eabi/lib/thumb/libg.a(libc_a-fflush.o)
 .text          0x00000000        0x0 /opt/devkitpro/devkitARM/bin/../lib/gcc/arm-none-eabi/14.2.0/../../../../arm-none-eabi/lib/thumb/libsysbase.a(libsysbase_libsysbase_a-handle_manager.o)
 .data          0x00000000        0x0 /opt/devkitpro/devkitARM/bin/../lib/gcc/arm-none-eabi/14.2.0/../../../../arm-none-eabi/lib/thumb/libsysbase.a(libsysbase_libsysbase_a-handle_manager.o)
 .bss           0x00000000        0x0 /opt/devkitpro/devkitARM/bin/../lib/gcc/arm-none-eabi/14.2.0/../../../../arm-none-eabi/lib/thumb/libsysbase.a(libsysbase_libsysbase_a-handle_manager.o)
 .text.__release_handle
                0x00000000       0x68 /opt/devkitpro/devkitARM/bin/../lib/gcc/arm-none-eabi/14.2.0/../../../../arm-none-eabi/lib/thumb/libsysbase.a(libsysbase_libsysbase_a-handle_manager.o)
 .text.__alloc_handle
                0x00000000       0x7c /opt/devkitpro/devkitARM/bin/../lib/gcc/arm-none-eabi/14.2.0/../../../../arm-none-eabi/lib/thumb/libsysbase.a(libsysbase_libsysbase_a-handle_manager.o)
 .text.__get_handle
                0x00000000       0x34 /opt/devkitpro/devkitARM/bin/../lib/gcc/arm-none-eabi/14.2.0/../../../../arm-none-eabi/lib/thumb/libsysbase.a(libsysbase_libsysbase_a-handle_manager.o)
 .text.dup      0x00000000       0x68 /opt/devkitpro/devkitARM/bin/../lib/gcc/arm-none-eabi/14.2.0/../../../../arm-none-eabi/lib/thumb/libsysbase.a(libsysbase_libsysbase_a-handle_manager.o)
 .text.dup2     0x00000000       0xd8 /opt/devkitpro/devkitARM/bin/../lib/gcc/arm-none-eabi/14.2.0/../../../../arm-none-eabi/lib/thumb/libsysbase.a(libsysbase_libsysbase_a-handle_manager.o)
 .text._close_r
                0x00000000       0xb8 /opt/devkitpro/devkitARM/bin/../lib/gcc/arm-none-eabi/14.2.0/../../../../arm-none-eabi/lib/thumb/libsysbase.a(libsysbase_libsysbase_a-handle_manager.o)
 .bss.__hndl_lock
                0x00000000        0x4 /opt/devkitpro/devkitARM/bin/../lib/gcc/arm-none-eabi/14.2.0/../../../../arm-none-eabi/lib/thumb/libsysbase.a(libsysbase_libsysbase_a-handle_manager.o)
 .data.handles  0x00000000     0x1000 /opt/devkitpro/devkitARM/bin/../lib/gcc/arm-none-eabi/14.2.0/../../../../arm-none-eabi/lib/thumb/libsysbase.a(libsysbase_libsysbase_a-handle_manager.o)
 .data.__stderr_handle
                0x00000000        0xc /opt/devkitpro/devkitARM/bin/../lib/gcc/arm-none-eabi/14.2.0/../../../../arm-none-eabi/lib/thumb/libsysbase.a(libsysbase_libsysbase_a-handle_manager.o)
 .data.__stdout_handle
                0x00000000        0xc /opt/devkitpro/devkitARM/bin/../lib/gcc/arm-none-eabi/14.2.0/../../../../arm-none-eabi/lib/thumb/libsysbase.a(libsysbase_libsysbase_a-handle_manager.o)
 .data.__stdin_handle
                0x00000000        0xc /opt/devkitpro/devkitARM/bin/../lib/gcc/arm-none-eabi/14.2.0/../../../../arm-none-eabi/lib/thumb/libsysbase.a(libsysbase_libsysbase_a-handle_manager.o)
 .comment       0x00000000       0x24 /opt/devkitpro/devkitARM/bin/../lib/gcc/arm-none-eabi/14.2.0/../../../../arm-none-eabi/lib/thumb/libsysbase.a(libsysbase_libsysbase_a-handle_manager.o)
 .text          0x00000000        0x0 /opt/devkitpro/devkitARM/bin/../lib/gcc/arm-none-eabi/14.2.0/../../../../arm-none-eabi/lib/thumb/libsysbase.a(libsysbase_libsysbase_a-iosupport.o)
 .data          0x00000000        0x0 /opt/devkitpro/devkitARM/bin/../lib/gcc/arm-none-eabi/14.2.0/../../../../arm-none-eabi/lib/thumb/libsysbase.a(libsysbase_libsysbase_a-iosupport.o)
 .bss           0x00000000        0x0 /opt/devkitpro/devkitARM/bin/../lib/gcc/arm-none-eabi/14.2.0/../../../../arm-none-eabi/lib/thumb/libsysbase.a(libsysbase_libsysbase_a-iosupport.o)
 .text.null_write
                0x00000000        0x4 /opt/devkitpro/devkitARM/bin/../lib/gcc/arm-none-eabi/14.2.0/../../../../arm-none-eabi/lib/thumb/libsysbase.a(libsysbase_libsysbase_a-iosupport.o)
 .text.setDefaultDevice
                0x00000000       0x10 /opt/devkitpro/devkitARM/bin/../lib/gcc/arm-none-eabi/14.2.0/../../../../arm-none-eabi/lib/thumb/libsysbase.a(libsysbase_libsysbase_a-iosupport.o)
 .text.FindDevice
                0x00000000       0x98 /opt/devkitpro/devkitARM/bin/../lib/gcc/arm-none-eabi/14.2.0/../../../../arm-none-eabi/lib/thumb/libsysbase.a(libsysbase_libsysbase_a-iosupport.o)
 .text.RemoveDevice
                0x00000000       0x24 /opt/devkitpro/devkitARM/bin/../lib/gcc/arm-none-eabi/14.2.0/../../../../arm-none-eabi/lib/thumb/libsysbase.a(libsysbase_libsysbase_a-iosupport.o)
 .rodata.AddDevice.str1.4
                0x00000000        0x8 /opt/devkitpro/devkitARM/bin/../lib/gcc/arm-none-eabi/14.2.0/../../../../arm-none-eabi/lib/thumb/libsysbase.a(libsysbase_libsysbase_a-iosupport.o)
 .text.AddDevice
                0x00000000       0x78 /opt/devkitpro/devkitARM/bin/../lib/gcc/arm-none-eabi/14.2.0/../../../../arm-none-eabi/lib/thumb/libsysbase.a(libsysbase_libsysbase_a-iosupport.o)
 .text.GetDeviceOpTab
                0x00000000       0x20 /opt/devkitpro/devkitARM/bin/../lib/gcc/arm-none-eabi/14.2.0/../../../../arm-none-eabi/lib/thumb/libsysbase.a(libsysbase_libsysbase_a-iosupport.o)
 .data.devoptab_list
                0x00000000       0x8c /opt/devkitpro/devkitARM/bin/../lib/gcc/arm-none-eabi/14.2.0/../../../../arm-none-eabi/lib/thumb/libsysbase.a(libsysbase_libsysbase_a-iosupport.o)
 .rodata.dotab_stdnull
                0x00000000       0x80 /opt/devkitpro/devkitARM/bin/../lib/gcc/arm-none-eabi/14.2.0/../../../../arm-none-eabi/lib/thumb/libsysbase.a(libsysbase_libsysbase_a-iosupport.o)
 .data.defaultDevice
                0x00000000        0x4 /opt/devkitpro/devkitARM/bin/../lib/gcc/arm-none-eabi/14.2.0/../../../../arm-none-eabi/lib/thumb/libsysbase.a(libsysbase_libsysbase_a-iosupport.o)
 .comment       0x00000000       0x24 /opt/devkitpro/devkitARM/bin/../lib/gcc/arm-none-eabi/14.2.0/../../../../arm-none-eabi/lib/thumb/libsysbase.a(libsysbase_libsysbase_a-iosupport.o)
 .text          0x00000000        0x0 /opt/devkitpro/devkitARM/bin/../lib/gcc/arm-none-eabi/14.2.0/../../../../arm-none-eabi/lib/thumb/libsysbase.a(libsysbase_libsysbase_a-lseek.o)
 .data          0x00000000        0x0 /opt/devkitpro/devkitARM/bin/../lib/gcc/arm-none-eabi/14.2.0/../../../../arm-none-eabi/lib/thumb/libsysbase.a(libsysbase_libsysbase_a-lseek.o)
 .bss           0x00000000        0x0 /opt/devkitpro/devkitARM/bin/../lib/gcc/arm-none-eabi/14.2.0/../../../../arm-none-eabi/lib/thumb/libsysbase.a(libsysbase_libsysbase_a-lseek.o)
 .text._lseek_r
                0x00000000       0x60 /opt/devkitpro/devkitARM/bin/../lib/gcc/arm-none-eabi/14.2.0/../../../../arm-none-eabi/lib/thumb/libsysbase.a(libsysbase_libsysbase_a-lseek.o)
 .comment       0x00000000       0x24 /opt/devkitpro/devkitARM/bin/../lib/gcc/arm-none-eabi/14.2.0/../../../../arm-none-eabi/lib/thumb/libsysbase.a(libsysbase_libsysbase_a-lseek.o)
 .text          0x00000000        0x0 /opt/devkitpro/devkitARM/bin/../lib/gcc/arm-none-eabi/14.2.0/../../../../arm-none-eabi/lib/thumb/libsysbase.a(libsysbase_libsysbase_a-read.o)
 .data          0x00000000        0x0 /opt/devkitpro/devkitARM/bin/../lib/gcc/arm-none-eabi/14.2.0/../../../../arm-none-eabi/lib/thumb/libsysbase.a(libsysbase_libsysbase_a-read.o)
 .bss           0x00000000        0x0 /opt/devkitpro/devkitARM/bin/../lib/gcc/arm-none-eabi/14.2.0/../../../../arm-none-eabi/lib/thumb/libsysbase.a(libsysbase_libsysbase_a-read.o)
 .text._read_r  0x00000000       0x58 /opt/devkitpro/devkitARM/bin/../lib/gcc/arm-none-eabi/14.2.0/../../../../arm-none-eabi/lib/thumb/libsysbase.a(libsysbase_libsysbase_a-read.o)
 .comment       0x00000000       0x24 /opt/devkitpro/devkitARM/bin/../lib/gcc/arm-none-eabi/14.2.0/../../../../arm-none-eabi/lib/thumb/libsysbase.a(libsysbase_libsysbase_a-read.o)
 .text          0x00000000        0x0 /opt/devkitpro/devkitARM/bin/../lib/gcc/arm-none-eabi/14.2.0/../../../../arm-none-eabi/lib/thumb/libsysbase.a(libsysbase_libsysbase_a-sbrk.o)
 .data          0x00000000        0x0 /opt/devkitpro/devkitARM/bin/../lib/gcc/arm-none-eabi/14.2.0/../../../../arm-none-eabi/lib/thumb/libsysbase.a(libsysbase_libsysbase_a-sbrk.o)
 .bss           0x00000000        0x0 /opt/devkitpro/devkitARM/bin/../lib/gcc/arm-none-eabi/14.2.0/../../../../arm-none-eabi/lib/thumb/libsysbase.a(libsysbase_libsysbase_a-sbrk.o)
 .text._sbrk_r  0x00000000       0x54 /opt/devkitpro/devkitARM/bin/../lib/gcc/arm-none-eabi/14.2.0/../../../../arm-none-eabi/lib/thumb/libsysbase.a(libsysbase_libsysbase_a-sbrk.o)
 .bss.heap_start.0
                0x00000000        0x4 /opt/devkitpro/devkitARM/bin/../lib/gcc/arm-none-eabi/14.2.0/../../../../arm-none-eabi/lib/thumb/libsysbase.a(libsysbase_libsysbase_a-sbrk.o)
 .comment       0x00000000       0x24 /opt/devkitpro/devkitARM/bin/../lib/gcc/arm-none-eabi/14.2.0/../../../../arm-none-eabi/lib/thumb/libsysbase.a(libsysbase_libsysbase_a-sbrk.o)
 .text          0x00000000        0x0 /opt/devkitpro/devkitARM/bin/../lib/gcc/arm-none-eabi/14.2.0/../../../../arm-none-eabi/lib/thumb/libsysbase.a(libsysbase_libsysbase_a-syscall_support.o)
 .data          0x00000000        0x0 /opt/devkitpro/devkitARM/bin/../lib/gcc/arm-none-eabi/14.2.0/../../../../arm-none-eabi/lib/thumb/libsysbase.a(libsysbase_libsysbase_a-syscall_support.o)
 .bss           0x00000000        0x0 /opt/devkitpro/devkitARM/bin/../lib/gcc/arm-none-eabi/14.2.0/../../../../arm-none-eabi/lib/thumb/libsysbase.a(libsysbase_libsysbase_a-syscall_support.o)
 .text.timespec2nsec
                0x00000000       0x24 /opt/devkitpro/devkitARM/bin/../lib/gcc/arm-none-eabi/14.2.0/../../../../arm-none-eabi/lib/thumb/libsysbase.a(libsysbase_libsysbase_a-syscall_support.o)
 .text.abstimespec2nsec
                0x00000000       0xc8 /opt/devkitpro/devkitARM/bin/../lib/gcc/arm-none-eabi/14.2.0/../../../../arm-none-eabi/lib/thumb/libsysbase.a(libsysbase_libsysbase_a-syscall_support.o)
 .text.__libc_lock_acquire
                0x00000000       0x18 /opt/devkitpro/devkitARM/bin/../lib/gcc/arm-none-eabi/14.2.0/../../../../arm-none-eabi/lib/thumb/libsysbase.a(libsysbase_libsysbase_a-syscall_support.o)
 .text.__libc_lock_try_acquire
                0x00000000       0x1c /opt/devkitpro/devkitARM/bin/../lib/gcc/arm-none-eabi/14.2.0/../../../../arm-none-eabi/lib/thumb/libsysbase.a(libsysbase_libsysbase_a-syscall_support.o)
 .text.__libc_lock_release
                0x00000000       0x18 /opt/devkitpro/devkitARM/bin/../lib/gcc/arm-none-eabi/14.2.0/../../../../arm-none-eabi/lib/thumb/libsysbase.a(libsysbase_libsysbase_a-syscall_support.o)
 .text.__libc_lock_acquire_recursive
                0x00000000       0x18 /opt/devkitpro/devkitARM/bin/../lib/gcc/arm-none-eabi/14.2.0/../../../../arm-none-eabi/lib/thumb/libsysbase.a(libsysbase_libsysbase_a-syscall_support.o)
 .text.__libc_lock_try_acquire_recursive
                0x00000000       0x1c /opt/devkitpro/devkitARM/bin/../lib/gcc/arm-none-eabi/14.2.0/../../../../arm-none-eabi/lib/thumb/libsysbase.a(libsysbase_libsysbase_a-syscall_support.o)
 .text.__libc_lock_release_recursive
                0x00000000       0x18 /opt/devkitpro/devkitARM/bin/../lib/gcc/arm-none-eabi/14.2.0/../../../../arm-none-eabi/lib/thumb/libsysbase.a(libsysbase_libsysbase_a-syscall_support.o)
 .text.__libc_cond_signal
                0x00000000       0x1c /opt/devkitpro/devkitARM/bin/../lib/gcc/arm-none-eabi/14.2.0/../../../../arm-none-eabi/lib/thumb/libsysbase.a(libsysbase_libsysbase_a-syscall_support.o)
 .text.__libc_cond_broadcast
                0x00000000       0x1c /opt/devkitpro/devkitARM/bin/../lib/gcc/arm-none-eabi/14.2.0/../../../../arm-none-eabi/lib/thumb/libsysbase.a(libsysbase_libsysbase_a-syscall_support.o)
 .text.__libc_cond_wait
                0x00000000       0x1c /opt/devkitpro/devkitARM/bin/../lib/gcc/arm-none-eabi/14.2.0/../../../../arm-none-eabi/lib/thumb/libsysbase.a(libsysbase_libsysbase_a-syscall_support.o)
 .text.__libc_cond_wait_recursive
                0x00000000       0x1c /opt/devkitpro/devkitARM/bin/../lib/gcc/arm-none-eabi/14.2.0/../../../../arm-none-eabi/lib/thumb/libsysbase.a(libsysbase_libsysbase_a-syscall_support.o)
 .comment       0x00000000       0x24 /opt/devkitpro/devkitARM/bin/../lib/gcc/arm-none-eabi/14.2.0/../../../../arm-none-eabi/lib/thumb/libsysbase.a(libsysbase_libsysbase_a-syscall_support.o)
 .text          0x00000000        0x0 /opt/devkitpro/devkitARM/bin/../lib/gcc/arm-none-eabi/14.2.0/../../../../arm-none-eabi/lib/thumb/libsysbase.a(libsysbase_libsysbase_a-write.o)
 .data          0x00000000        0x0 /opt/devkitpro/devkitARM/bin/../lib/gcc/arm-none-eabi/14.2.0/../../../../arm-none-eabi/lib/thumb/libsysbase.a(libsysbase_libsysbase_a-write.o)
 .bss           0x00000000        0x0 /opt/devkitpro/devkitARM/bin/../lib/gcc/arm-none-eabi/14.2.0/../../../../arm-none-eabi/lib/thumb/libsysbase.a(libsysbase_libsysbase_a-write.o)
 .text._write_r
                0x00000000       0x58 /opt/devkitpro/devkitARM/bin/../lib/gcc/arm-none-eabi/14.2.0/../../../../arm-none-eabi/lib/thumb/libsysbase.a(libsysbase_libsysbase_a-write.o)
 .comment       0x00000000       0x24 /opt/devkitpro/devkitARM/bin/../lib/gcc/arm-none-eabi/14.2.0/../../../../arm-none-eabi/lib/thumb/libsysbase.a(libsysbase_libsysbase_a-write.o)
 .text          0x00000000        0x0 /opt/devkitpro/devkitARM/bin/../lib/gcc/arm-none-eabi/14.2.0/../../../../arm-none-eabi/lib/thumb/libsysbase.a(libsysbase_libsysbase_a-clocks.o)
 .data          0x00000000        0x0 /opt/devkitpro/devkitARM/bin/../lib/gcc/arm-none-eabi/14.2.0/../../../../arm-none-eabi/lib/thumb/libsysbase.a(libsysbase_libsysbase_a-clocks.o)
 .bss           0x00000000        0x0 /opt/devkitpro/devkitARM/bin/../lib/gcc/arm-none-eabi/14.2.0/../../../../arm-none-eabi/lib/thumb/libsysbase.a(libsysbase_libsysbase_a-clocks.o)
 .text.clock_gettime
                0x00000000       0x24 /opt/devkitpro/devkitARM/bin/../lib/gcc/arm-none-eabi/14.2.0/../../../../arm-none-eabi/lib/thumb/libsysbase.a(libsysbase_libsysbase_a-clocks.o)
 .text.clock_settime
                0x00000000       0x24 /opt/devkitpro/devkitARM/bin/../lib/gcc/arm-none-eabi/14.2.0/../../../../arm-none-eabi/lib/thumb/libsysbase.a(libsysbase_libsysbase_a-clocks.o)
 .text.clock_getres
                0x00000000       0x24 /opt/devkitpro/devkitARM/bin/../lib/gcc/arm-none-eabi/14.2.0/../../../../arm-none-eabi/lib/thumb/libsysbase.a(libsysbase_libsysbase_a-clocks.o)
 .comment       0x00000000       0x24 /opt/devkitpro/devkitARM/bin/../lib/gcc/arm-none-eabi/14.2.0/../../../../arm-none-eabi/lib/thumb/libsysbase.a(libsysbase_libsysbase_a-clocks.o)
 .text          0x00000000        0x0 /opt/devkitpro/devkitARM/bin/../lib/gcc/arm-none-eabi/14.2.0/../../../../arm-none-eabi/lib/thumb/libg.a(libc_a-strncmp.o)
 .data          0x00000000        0x0 /opt/devkitpro/devkitARM/bin/../lib/gcc/arm-none-eabi/14.2.0/../../../../arm-none-eabi/lib/thumb/libg.a(libc_a-strncmp.o)
 .bss           0x00000000        0x0 /opt/devkitpro/devkitARM/bin/../lib/gcc/arm-none-eabi/14.2.0/../../../../arm-none-eabi/lib/thumb/libg.a(libc_a-strncmp.o)
 .text.strncmp  0x00000000       0x6c /opt/devkitpro/devkitARM/bin/../lib/gcc/arm-none-eabi/14.2.0/../../../../arm-none-eabi/lib/thumb/libg.a(libc_a-strncmp.o)
 .comment       0x00000000       0x24 /opt/devkitpro/devkitARM/bin/../lib/gcc/arm-none-eabi/14.2.0/../../../../arm-none-eabi/lib/thumb/libg.a(libc_a-strncmp.o)
 .text          0x00000000        0x0 /opt/devkitpro/devkitARM/bin/../lib/gcc/arm-none-eabi/14.2.0/../../../../arm-none-eabi/lib/thumb/libg.a(libc_a-strchr.o)
 .data          0x00000000        0x0 /opt/devkitpro/devkitARM/bin/../lib/gcc/arm-none-eabi/14.2.0/../../../../arm-none-eabi/lib/thumb/libg.a(libc_a-strchr.o)
 .bss           0x00000000        0x0 /opt/devkitpro/devkitARM/bin/../lib/gcc/arm-none-eabi/14.2.0/../../../../arm-none-eabi/lib/thumb/libg.a(libc_a-strchr.o)
 .text.strchr   0x00000000       0xc8 /opt/devkitpro/devkitARM/bin/../lib/gcc/arm-none-eabi/14.2.0/../../../../arm-none-eabi/lib/thumb/libg.a(libc_a-strchr.o)
 .comment       0x00000000       0x24 /opt/devkitpro/devkitARM/bin/../lib/gcc/arm-none-eabi/14.2.0/../../../../arm-none-eabi/lib/thumb/libg.a(libc_a-strchr.o)
 .text          0x00000000        0x0 /opt/devkitpro/devkitARM/bin/../lib/gcc/arm-none-eabi/14.2.0/../../../../arm-none-eabi/lib/thumb/libg.a(libc_a-strlen-stub.o)
 .data          0x00000000        0x0 /opt/devkitpro/devkitARM/bin/../lib/gcc/arm-none-eabi/14.2.0/../../../../arm-none-eabi/lib/thumb/libg.a(libc_a-strlen-stub.o)
 .bss           0x00000000        0x0 /opt/devkitpro/devkitARM/bin/../lib/gcc/arm-none-eabi/14.2.0/../../../../arm-none-eabi/lib/thumb/libg.a(libc_a-strlen-stub.o)
 .text.strlen   0x00000000       0x60 /opt/devkitpro/devkitARM/bin/../lib/gcc/arm-none-eabi/14.2.0/../../../../arm-none-eabi/lib/thumb/libg.a(libc_a-strlen-stub.o)
 .comment       0x00000000       0x24 /opt/devkitpro/devkitARM/bin/../lib/gcc/arm-none-eabi/14.2.0/../../../../arm-none-eabi/lib/thumb/libg.a(libc_a-strlen-stub.o)
 .text          0x00000000        0x0 /opt/devkitpro/devkitARM/bin/../lib/gcc/arm-none-eabi/14.2.0/../../../../arm-none-eabi/lib/thumb/libg.a(libc_a-errno.o)
 .data          0x00000000        0x0 /opt/devkitpro/devkitARM/bin/../lib/gcc/arm-none-eabi/14.2.0/../../../../arm-none-eabi/lib/thumb/libg.a(libc_a-errno.o)
 .bss           0x00000000        0x0 /opt/devkitpro/devkitARM/bin/../lib/gcc/arm-none-eabi/14.2.0/../../../../arm-none-eabi/lib/thumb/libg.a(libc_a-errno.o)
 .text.__errno  0x00000000        0xc /opt/devkitpro/devkitARM/bin/../lib/gcc/arm-none-eabi/14.2.0/../../../../arm-none-eabi/lib/thumb/libg.a(libc_a-errno.o)
 .comment       0x00000000       0x24 /opt/devkitpro/devkitARM/bin/../lib/gcc/arm-none-eabi/14.2.0/../../../../arm-none-eabi/lib/thumb/libg.a(libc_a-errno.o)
 .text          0x00000000        0x0 /opt/devkitpro/devkitARM/bin/../lib/gcc/arm-none-eabi/14.2.0/../../../../arm-none-eabi/lib/thumb/libg.a(libc_a-malloc.o)
 .data          0x00000000        0x0 /opt/devkitpro/devkitARM/bin/../lib/gcc/arm-none-eabi/14.2.0/../../../../arm-none-eabi/lib/thumb/libg.a(libc_a-malloc.o)
 .bss           0x00000000        0x0 /opt/devkitpro/devkitARM/bin/../lib/gcc/arm-none-eabi/14.2.0/../../../../arm-none-eabi/lib/thumb/libg.a(libc_a-malloc.o)
 .text.malloc   0x00000000       0x28 /opt/devkitpro/devkitARM/bin/../lib/gcc/arm-none-eabi/14.2.0/../../../../arm-none-eabi/lib/thumb/libg.a(libc_a-malloc.o)
 .text.free     0x00000000       0x14 /opt/devkitpro/devkitARM/bin/../lib/gcc/arm-none-eabi/14.2.0/../../../../arm-none-eabi/lib/thumb/libg.a(libc_a-malloc.o)
 .comment       0x00000000       0x24 /opt/devkitpro/devkitARM/bin/../lib/gcc/arm-none-eabi/14.2.0/../../../../arm-none-eabi/lib/thumb/libg.a(libc_a-malloc.o)
 .text          0x00000000        0x0 /opt/devkitpro/devkitARM/bin/../lib/gcc/arm-none-eabi/14.2.0/../../../../arm-none-eabi/lib/thumb/libg.a(libc_a-ctype_.o)
 .data          0x00000000        0x0 /opt/devkitpro/devkitARM/bin/../lib/gcc/arm-none-eabi/14.2.0/../../../../arm-none-eabi/lib/thumb/libg.a(libc_a-ctype_.o)
 .bss           0x00000000        0x0 /opt/devkitpro/devkitARM/bin/../lib/gcc/arm-none-eabi/14.2.0/../../../../arm-none-eabi/lib/thumb/libg.a(libc_a-ctype_.o)
 .text.__set_ctype
                0x00000000        0xc /opt/devkitpro/devkitARM/bin/../lib/gcc/arm-none-eabi/14.2.0/../../../../arm-none-eabi/lib/thumb/libg.a(libc_a-ctype_.o)
 .rodata._ctype_
                0x00000000      0x101 /opt/devkitpro/devkitARM/bin/../lib/gcc/arm-none-eabi/14.2.0/../../../../arm-none-eabi/lib/thumb/libg.a(libc_a-ctype_.o)
 .comment       0x00000000       0x24 /opt/devkitpro/devkitARM/bin/../lib/gcc/arm-none-eabi/14.2.0/../../../../arm-none-eabi/lib/thumb/libg.a(libc_a-ctype_.o)
 .text          0x00000000      0x224 /opt/devkitpro/devkitARM/bin/../lib/gcc/arm-none-eabi/14.2.0/../../../../arm-none-eabi/lib/thumb/libg.a(libc_a-strcmp.o)
 .data          0x00000000        0x0 /opt/devkitpro/devkitARM/bin/../lib/gcc/arm-none-eabi/14.2.0/../../../../arm-none-eabi/lib/thumb/libg.a(libc_a-strcmp.o)
 .bss           0x00000000        0x0 /opt/devkitpro/devkitARM/bin/../lib/gcc/arm-none-eabi/14.2.0/../../../../arm-none-eabi/lib/thumb/libg.a(libc_a-strcmp.o)
 .text          0x00000000        0x0 /opt/devkitpro/devkitARM/bin/../lib/gcc/arm-none-eabi/14.2.0/../../../../arm-none-eabi/lib/thumb/libg.a(libc_a-malignr.o)
 .data          0x00000000        0x0 /opt/devkitpro/devkitARM/bin/../lib/gcc/arm-none-eabi/14.2.0/../../../../arm-none-eabi/lib/thumb/libg.a(libc_a-malignr.o)
 .bss           0x00000000        0x0 /opt/devkitpro/devkitARM/bin/../lib/gcc/arm-none-eabi/14.2.0/../../../../arm-none-eabi/lib/thumb/libg.a(libc_a-malignr.o)
 .text._memalign_r
                0x00000000      0x128 /opt/devkitpro/devkitARM/bin/../lib/gcc/arm-none-eabi/14.2.0/../../../../arm-none-eabi/lib/thumb/libg.a(libc_a-malignr.o)
 .comment       0x00000000       0x24 /opt/devkitpro/devkitARM/bin/../lib/gcc/arm-none-eabi/14.2.0/../../../../arm-none-eabi/lib/thumb/libg.a(libc_a-malignr.o)
 .text          0x00000000      0x11c /opt/devkitpro/devkitARM/bin/../lib/gcc/arm-none-eabi/14.2.0/thumb/libgcc.a(_udivsi3.o)
 .data          0x00000000        0x0 /opt/devkitpro/devkitARM/bin/../lib/gcc/arm-none-eabi/14.2.0/thumb/libgcc.a(_udivsi3.o)
 .bss           0x00000000        0x0 /opt/devkitpro/devkitARM/bin/../lib/gcc/arm-none-eabi/14.2.0/thumb/libgcc.a(_udivsi3.o)
 .text          0x00000000        0x0 /opt/devkitpro/devkitARM/bin/../lib/gcc/arm-none-eabi/14.2.0/thumb/crtend.o
 .data          0x00000000        0x0 /opt/devkitpro/devkitARM/bin/../lib/gcc/arm-none-eabi/14.2.0/thumb/crtend.o
 .bss           0x00000000        0x0 /opt/devkitpro/devkitARM/bin/../lib/gcc/arm-none-eabi/14.2.0/thumb/crtend.o
 .rodata.all_implied_fbits
                0x00000000       0x24 /opt/devkitpro/devkitARM/bin/../lib/gcc/arm-none-eabi/14.2.0/thumb/crtend.o
 .text          0x00000000        0x0 /opt/devkitpro/devkitARM/bin/../lib/gcc/arm-none-eabi/14.2.0/thumb/crtn.o
 .data          0x00000000        0x0 /opt/devkitpro/devkitARM/bin/../lib/gcc/arm-none-eabi/14.2.0/thumb/crtn.o
 .bss           0x00000000        0x0 /opt/devkitpro/devkitARM/bin/../lib/gcc/arm-none-eabi/14.2.0/thumb/crtn.o

Memory Configuration

Name             Origin             Length             Attributes
rom              0x08000000         0x02000000
iwram            0x03000000         0x00008000
ewram            0x02000000         0x00040000
*default*        0x00000000         0xffffffff

Linker script and memory map

                0x00000000                        __sync_synchronize = __sync_synchronize_none
                0x08000000                        __text_start = ORIGIN (rom)
                0x02040000                        __eheap_end = (ORIGIN (ewram) + LENGTH (ewram))
                0x03000000                        __iwram_start = ORIGIN (iwram)
                0x03008000                        __iwram_top = (ORIGIN (iwram) + LENGTH (iwram))
                0x03007fa0                        __sp_irq = (__iwram_top - 0x60)
                0x03007f00                        __sp_usr = (__sp_irq - 0xa0)
                0x03007ff8                        __irq_flags = 0x3007ff8
                0x08000000                        . = __text_start

.crt0           0x08000000      0x210
 *(.crt0)
 .crt0          0x08000000      0x210 /opt/devkitpro/devkitARM/bin/../lib/gcc/arm-none-eabi/14.2.0/../../../../arm-none-eabi/lib/thumb/gba_crt0.o
                0x08000000                _start
                0x080000c4                __boot_method
                0x080000c5                __slave_number
                0x080000e0                start_vector
                0x08000210                        . = ALIGN (0x4)

.init           0x08000210        0xc
 *(SORT_NONE(.init))
 .init          0x08000210        0x4 /opt/devkitpro/devkitARM/bin/../lib/gcc/arm-none-eabi/14.2.0/thumb/crti.o
                0x08000210                _init
 .init          0x08000214        0x8 /opt/devkitpro/devkitARM/bin/../lib/gcc/arm-none-eabi/14.2.0/thumb/crtn.o

.plt            0x0800021c        0x0
 *(.plt)
                0x0800021c                        . = ALIGN (0x4)

.text           0x08000220      0x828
 *(EXCLUDE_FILE(*.iwram*) .text*)
 .text.__do_global_dtors_aux
                0x08000220       0x2c /opt/devkitpro/devkitARM/bin/../lib/gcc/arm-none-eabi/14.2.0/thumb/crtbegin.o
 .text.frame_dummy
                0x0800024c       0x24 /opt/devkitpro/devkitARM/bin/../lib/gcc/arm-none-eabi/14.2.0/thumb/crtbegin.o
 .text          0x08000270      0x228 snake.o
                0x08000270                spawn_food
                0x080003a8                update_snake
                0x080003c4                draw_snake
                0x08000408                draw_food
                0x0800042c                handle_input
 .text.startup  0x08000498       0xc4 snake.o
                0x08000498                main
 .text          0x0800055c       0xa8 /opt/devkitpro/libtonc/lib/libtonc.a(tonc_input.o)
                0x0800055c                key_poll
                0x080005b0                key_wait_till_hit
                0x080005d4                key_repeat
                0x080005e0                key_repeat_mask
                0x080005f0                key_repeat_limits
 .text          0x08000604       0x8c /opt/devkitpro/libtonc/lib/libtonc.a(tonc_bios.o)
                0x08000604                SoftReset
                0x08000608                RegisterRamReset
                0x0800060c                Halt
                0x08000610                Stop
                0x08000614                IntrWait
                0x08000618                VBlankIntrWait
                0x0800061c                Div
                0x08000620                DivArm
                0x08000624                Sqrt
                0x08000628                ArcTan
                0x0800062c                ArcTan2
                0x08000630                CpuSet
                0x08000634                CpuFastSet
                0x08000638                BiosCheckSum
                0x0800063c                BgAffineSet
                0x08000640                ObjAffineSet
                0x08000644                BitUnPack
                0x08000648                LZ77UnCompWram
                0x0800064c                LZ77UnCompVram
                0x08000650                HuffUnComp
                0x08000654                RLUnCompWram
                0x08000658                RLUnCompVram
                0x0800065c                Diff8bitUnFilterWram
                0x08000660                Diff8bitUnFilterVram
                0x08000664                Diff16bitUnFilter
                0x08000668                SoundBias
                0x0800066c                SoundDriverInit
                0x08000670                SoundDriverMode
                0x08000674                SoundDriverMain
                0x08000678                SoundDriverVSync
                0x0800067c                SoundChannelClear
                0x08000680                MidiKey2Freq
                0x08000684                MultiBoot
                0x08000688                SoundDriverVSyncOff
                0x0800068c                SoundDriverVSyncOn
 .text          0x08000690      0x150 /opt/devkitpro/devkitARM/bin/../lib/gcc/arm-none-eabi/14.2.0/thumb/libgcc.a(_divsi3.o)
                0x08000690                __aeabi_idiv
                0x08000690                __divsi3
                0x080007c0                __aeabi_idivmod
 .text          0x080007e0        0x4 /opt/devkitpro/devkitARM/bin/../lib/gcc/arm-none-eabi/14.2.0/thumb/libgcc.a(_dvmd_tls.o)
                0x080007e0                __aeabi_ldiv0
                0x080007e0                __aeabi_idiv0
 .text.srand    0x080007e4       0x18 /opt/devkitpro/devkitARM/bin/../lib/gcc/arm-none-eabi/14.2.0/../../../../arm-none-eabi/lib/thumb/libg.a(libc_a-rand.o)
                0x080007e4                srand
 .text.rand     0x080007fc       0x34 /opt/devkitpro/devkitARM/bin/../lib/gcc/arm-none-eabi/14.2.0/../../../../arm-none-eabi/lib/thumb/libg.a(libc_a-rand.o)
                0x080007fc                rand
 .text.memmove  0x08000830       0xcc /opt/devkitpro/devkitARM/bin/../lib/gcc/arm-none-eabi/14.2.0/../../../../arm-none-eabi/lib/thumb/libg.a(libc_a-memmove.o)
                0x08000830                memmove
 .text.time     0x080008fc       0x38 /opt/devkitpro/devkitARM/bin/../lib/gcc/arm-none-eabi/14.2.0/../../../../arm-none-eabi/lib/thumb/libg.a(libc_a-time.o)
                0x080008fc                time
 .text.__libc_init_array
                0x08000934       0x54 /opt/devkitpro/devkitARM/bin/../lib/gcc/arm-none-eabi/14.2.0/../../../../arm-none-eabi/lib/thumb/libg.a(libc_a-init.o)
                0x08000934                __libc_init_array
 .text.__getreent
                0x08000988       0x20 /opt/devkitpro/devkitARM/bin/../lib/gcc/arm-none-eabi/14.2.0/../../../../arm-none-eabi/lib/thumb/libsysbase.a(libsysbase_libsysbase_a-getreent.o)
                0x08000988                __getreent
 .text._gettimeofday_r
                0x080009a8       0x20 /opt/devkitpro/devkitARM/bin/../lib/gcc/arm-none-eabi/14.2.0/../../../../arm-none-eabi/lib/thumb/libsysbase.a(libsysbase_libsysbase_a-gettod.o)
                0x080009a8                _gettimeofday_r
 .text.__muldi3
                0x080009c8       0x64 /opt/devkitpro/devkitARM/bin/../lib/gcc/arm-none-eabi/14.2.0/thumb/libgcc.a(_muldi3.o)
                0x080009c8                __aeabi_lmul
                0x080009c8                __muldi3
 *fill*         0x08000a2c        0x4 ff
 .text.__muldi3.__stub
                0x08000a30       0x14 linker stubs
 *(.gnu.linkonce.t.*)
 *(.text.*personality*)
 *(.gnu.warning)
 *(.glue_7t)
 .glue_7t       0x08000a48        0x0 linker stubs
 *(.glue_7)
 .glue_7        0x08000a48        0x0 linker stubs
 *(.vfp11_veneer)
 .vfp11_veneer  0x08000a48        0x0 linker stubs
                0x08000a48                        . = ALIGN (0x4)
                0x08000a48                        __text_end = .

.v4_bx          0x08000a48        0x0
 .v4_bx         0x08000a48        0x0 linker stubs

.iplt           0x08000a48        0x0
 .iplt          0x08000a48        0x0 /opt/devkitpro/devkitARM/bin/../lib/gcc/arm-none-eabi/14.2.0/../../../../arm-none-eabi/lib/thumb/gba_crt0.o

.fini           0x08000a48        0xc
 *(.fini)
 .fini          0x08000a48        0x4 /opt/devkitpro/devkitARM/bin/../lib/gcc/arm-none-eabi/14.2.0/thumb/crti.o
                0x08000a48                _fini
 .fini          0x08000a4c        0x8 /opt/devkitpro/devkitARM/bin/../lib/gcc/arm-none-eabi/14.2.0/thumb/crtn.o
                0x08000a54                        . = ALIGN (0x4)

.rodata         0x08000a54        0x0
 *(.rodata)
 *all.rodata*(*)
 *(.roda)
 *(.rodata.*)
 *(.gnu.linkonce.r*)
                0x08000a54                        . = ALIGN (0x4)

.ARM.extab
 *(.ARM.extab* .gnu.linkonce.armextab.*)
                0x08000a54                        __exidx_start = .

.ARM.exidx
 *(.ARM.exidx* .gnu.linkonce.armexidx.*)
                0x08000a54                        __exidx_end = .

.ctors          0x08000a54        0x0
 *crtbegin.o(.ctors)
 *(EXCLUDE_FILE(*crtend.o) .ctors)
 *(SORT_BY_NAME(.ctors.*))
 *(.ctors)
                0x08000a54                        . = ALIGN (0x4)

.dtors          0x08000a54        0x0
 *crtbegin.o(.dtors)
 *(EXCLUDE_FILE(*crtend.o) .dtors)
 *(SORT_BY_NAME(.dtors.*))
 *(.dtors)
                0x08000a54                        . = ALIGN (0x4)

.eh_frame       0x08000a54        0x4
 *(.eh_frame)
 .eh_frame      0x08000a54        0x0 /opt/devkitpro/devkitARM/bin/../lib/gcc/arm-none-eabi/14.2.0/thumb/crtbegin.o
 .eh_frame      0x08000a54        0x4 /opt/devkitpro/devkitARM/bin/../lib/gcc/arm-none-eabi/14.2.0/thumb/crtend.o
                0x08000a58                        . = ALIGN (0x4)

.gcc_except_table
                0x08000a58        0x0
 *(.gcc_except_table)
                0x08000a58                        . = ALIGN (0x4)
                0x08000a58                        __iwram_lma = .

.iwram          0x03000000       0x4c load address 0x08000a58
                0x03000000                        __iwram_start__ = ABSOLUTE (.)
 *(.iwram .iwram*)
 .iwram         0x03000000       0x4c /opt/devkitpro/libtonc/lib/libtonc.a(tonc_memset.o)
                0x03000000                memset32
 *iwram.*(.text* .data*)
                0x0300004c                        . = ALIGN (0x4)
                0x0300004c                        __iwram_end__ = ABSOLUTE (.)
                0x08000aa4                        __data_lma = (__iwram_lma + SIZEOF (.iwram))

.bss            0x0300004c      0x4bc
                0x0300004c                        __bss_start = ABSOLUTE (.)
                0x0300004c                        __bss_start__ = ABSOLUTE (.)
 *(.dynbss)
 *(.gnu.linkonce.b*)
 *(.bss*)
 .bss.completed.1
                0x0300004c        0x1 /opt/devkitpro/devkitARM/bin/../lib/gcc/arm-none-eabi/14.2.0/thumb/crtbegin.o
 *fill*         0x0300004d        0x3 
 .bss.object.0  0x03000050       0x18 /opt/devkitpro/devkitARM/bin/../lib/gcc/arm-none-eabi/14.2.0/thumb/crtbegin.o
 .bss           0x03000068      0x32c snake.o
                0x03000068                food
                0x03000070                frame_counter
                0x03000074                snake
 .bss           0x03000394        0x4 /opt/devkitpro/libtonc/lib/libtonc.a(tonc_input.o)
                0x03000394                __key_curr
                0x03000396                __key_prev
 .bss.fake_heap_end
                0x03000398        0x4 /opt/devkitpro/devkitARM/bin/../lib/gcc/arm-none-eabi/14.2.0/../../../../arm-none-eabi/lib/thumb/libsysbase.a(libsysbase_libsysbase_a-malloc_vars.o)
                0x03000398                fake_heap_end
 *fill*         0x0300039c        0x4 
 .bss.__sf      0x030003a0      0x168 /opt/devkitpro/devkitARM/bin/../lib/gcc/arm-none-eabi/14.2.0/../../../../arm-none-eabi/lib/thumb/libg.a(libc_a-findfp.o)
                0x030003a0                __sf
 *(COMMON)
                0x03000508                        . = ALIGN (0x4)
                0x03000508                        __bss_end__ = ABSOLUTE (.)

.data           0x03000508      0x138 load address 0x08000aa4
                0x03000508                        __data_start__ = ABSOLUTE (.)
 *(.data*)
 .data          0x03000508        0x8 snake.o
                0x03000508                snake_length
                0x0300050c                direction
 .data          0x03000510        0x8 /opt/devkitpro/libtonc/lib/libtonc.a(tonc_input.o)
                0x03000510                __key_rpt
 .data._impure_ptr
                0x03000518        0x4 /opt/devkitpro/devkitARM/bin/../lib/gcc/arm-none-eabi/14.2.0/../../../../arm-none-eabi/lib/thumb/libg.a(libc_a-impure.o)
                0x03000518                _impure_ptr
 *fill*         0x0300051c        0x4 ff
 .data._impure_data
                0x03000520      0x120 /opt/devkitpro/devkitARM/bin/../lib/gcc/arm-none-eabi/14.2.0/../../../../arm-none-eabi/lib/thumb/libg.a(libc_a-impure.o)
                0x03000520                _impure_data
 *(.gnu.linkonce.d*)
                0x03000640                        . = ALIGN (0x4)
                0x08000bdc                        __preinit_lma = (__data_lma + SIZEOF (.data))

.igot.plt       0x03000640        0x0 load address 0x08000bdc
 .igot.plt      0x03000640        0x0 /opt/devkitpro/devkitARM/bin/../lib/gcc/arm-none-eabi/14.2.0/../../../../arm-none-eabi/lib/thumb/gba_crt0.o

.preinit_array  0x03000640        0x0 load address 0x08000bdc
                0x03000640                        __preinit_array_start = ABSOLUTE (.)
 *(.preinit_array)
                0x03000640                        __preinit_array_end = ABSOLUTE (.)
                0x08000bdc                        __init_lma = (__preinit_lma + SIZEOF (.preinit_array))

.init_array     0x03000640        0x4 load address 0x08000bdc
                0x03000640                        __init_array_start = ABSOLUTE (.)
 *(SORT_BY_NAME(.init_array.*))
 *(.init_array)
 .init_array    0x03000640        0x4 /opt/devkitpro/devkitARM/bin/../lib/gcc/arm-none-eabi/14.2.0/thumb/crtbegin.o
                0x03000644                        __init_array_end = ABSOLUTE (.)
                0x08000be0                        __fini_lma = (__init_lma + SIZEOF (.init_array))

.fini_array     0x03000644        0x4 load address 0x08000be0
                0x03000644                        __fini_array_start = ABSOLUTE (.)
 *(SORT_BY_NAME(.fini_array.*))
 *(.fini_array)
 .fini_array    0x03000644        0x4 /opt/devkitpro/devkitARM/bin/../lib/gcc/arm-none-eabi/14.2.0/thumb/crtbegin.o
                0x03000648                        __fini_array_end = ABSOLUTE (.)
                0x08000be4                        __jcr_lma = (__fini_lma + SIZEOF (.fini_array))

.jcr
 *(.jcr)
                0x03000648                        __data_end__ = ABSOLUTE (.)
                0x08000be4                        __iwram_overlay_lma = (__jcr_lma + SIZEOF (.jcr))
                0x03000648                        __iwram_overlay_start = .

.iwram0         0x03000648        0x0 load address 0x08000be4
 *(.iwram0)
                0x03000648                        . = ALIGN (0x4)
                0x08000be4                        PROVIDE (__load_start_iwram0 = LOADADDR (.iwram0))
                0x08000be4                        PROVIDE (__load_stop_iwram0 = (LOADADDR (.iwram0) + SIZEOF (.iwram0)))

.iwram1         0x03000648        0x0
 *(.iwram1)
                0x03000648                        . = ALIGN (0x4)
                [!provide]                        PROVIDE (__load_start_iwram1 = LOADADDR (.iwram1))
                [!provide]                        PROVIDE (__load_stop_iwram1 = (LOADADDR (.iwram1) + SIZEOF (.iwram1)))

.iwram2         0x03000648        0x0
 *(.iwram2)
                0x03000648                        . = ALIGN (0x4)
                [!provide]                        PROVIDE (__load_start_iwram2 = LOADADDR (.iwram2))
                [!provide]                        PROVIDE (__load_stop_iwram2 = (LOADADDR (.iwram2) + SIZEOF (.iwram2)))

.iwram3         0x03000648        0x0
 *(.iwram3)
                0x03000648                        . = ALIGN (0x4)
                [!provide]                        PROVIDE (__load_start_iwram3 = LOADADDR (.iwram3))
                [!provide]                        PROVIDE (__load_stop_iwram3 = (LOADADDR (.iwram3) + SIZEOF (.iwram3)))

.iwram4         0x03000648        0x0
 *(.iwram4)
                0x03000648                        . = ALIGN (0x4)
                [!provide]                        PROVIDE (__load_start_iwram4 = LOADADDR (.iwram4))
                [!provide]                        PROVIDE (__load_stop_iwram4 = (LOADADDR (.iwram4) + SIZEOF (.iwram4)))

.iwram5         0x03000648        0x0
 *(.iwram5)
                0x03000648                        . = ALIGN (0x4)
                [!provide]                        PROVIDE (__load_start_iwram5 = LOADADDR (.iwram5))
                [!provide]                        PROVIDE (__load_stop_iwram5 = (LOADADDR (.iwram5) + SIZEOF (.iwram5)))

.iwram6         0x03000648        0x0
 *(.iwram6)
                0x03000648                        . = ALIGN (0x4)
                [!provide]                        PROVIDE (__load_start_iwram6 = LOADADDR (.iwram6))
                [!provide]                        PROVIDE (__load_stop_iwram6 = (LOADADDR (.iwram6) + SIZEOF (.iwram6)))

.iwram7         0x03000648        0x0
 *(.iwram7)
                0x03000648                        . = ALIGN (0x4)
                [!provide]                        PROVIDE (__load_start_iwram7 = LOADADDR (.iwram7))
                [!provide]                        PROVIDE (__load_stop_iwram7 = (LOADADDR (.iwram7) + SIZEOF (.iwram7)))

.iwram8         0x03000648        0x0
 *(.iwram8)
                0x03000648                        . = ALIGN (0x4)
                [!provide]                        PROVIDE (__load_start_iwram8 = LOADADDR (.iwram8))
                [!provide]                        PROVIDE (__load_stop_iwram8 = (LOADADDR (.iwram8) + SIZEOF (.iwram8)))

.iwram9         0x03000648        0x0
 *(.iwram9)
                0x03000648                        . = ALIGN (0x4)
                [!provide]                        PROVIDE (__load_start_iwram9 = LOADADDR (.iwram9))
                [!provide]                        PROVIDE (__load_stop_iwram9 = (LOADADDR (.iwram9) + SIZEOF (.iwram9)))
                0x03000648                        __iwram_overlay_end = .
                0x08000be4                        __ewram_lma = (__iwram_overlay_lma + (__iwram_overlay_end - __iwram_overlay_start))
                0x03000648                        __iheap_start = .
                0x02000000                        __ewram_start = ORIGIN (ewram)

.ewram          0x02000000        0x0 load address 0x08000be4
 *(.ewram*)
                0x02000000                        . = ALIGN (0x4)
                0x02000000                        __ewram_end = ABSOLUTE (.)
                0x08000be4                        __pad_lma = (__ewram_lma + SIZEOF (.ewram))

.sbss           0x02000000        0x0
                0x02000000                        __sbss_start__ = ABSOLUTE (.)
 *(.sbss*)
                0x02000000                        . = ALIGN (0x4)
                0x02000000                        __sbss_end__ = ABSOLUTE (.)
                0x02000000                        __end__ = ABSOLUTE (.)
                0x02000000                        __eheap_start = ABSOLUTE (.)

.pad            0x02000000        0x8 load address 0x08000be4
                0x02000000        0x4 LONG 0x52416b64
                0x02000004        0x4 LONG 0x4d
                0x02000008                        . = ALIGN (0x4)
                0x08000bec                        __rom_end__ = (__pad_lma + SIZEOF (.pad))

.rel.dyn        0x02000008        0x0 load address 0x08000bec
 .rel.iplt      0x02000008        0x0 /opt/devkitpro/devkitARM/bin/../lib/gcc/arm-none-eabi/14.2.0/../../../../arm-none-eabi/lib/thumb/gba_crt0.o

.stab
 *(.stab)

.stabstr
 *(.stabstr)

.stab.excl
 *(.stab.excl)

.stab.exclstr
 *(.stab.exclstr)

.stab.index
 *(.stab.index)

.stab.indexstr
 *(.stab.indexstr)

.comment        0x00000000       0x45
 *(.comment)
 .comment       0x00000000       0x45 /opt/devkitpro/devkitARM/bin/../lib/gcc/arm-none-eabi/14.2.0/thumb/crtbegin.o
                                 0x24 (size before relaxing)
 .comment       0x00000045       0x24 snake.o
 .comment       0x00000045       0x23 /opt/devkitpro/libtonc/lib/libtonc.a(tonc_input.o)
 .comment       0x00000045       0x24 /opt/devkitpro/devkitARM/bin/../lib/gcc/arm-none-eabi/14.2.0/../../../../arm-none-eabi/lib/thumb/libg.a(libc_a-rand.o)
 .comment       0x00000045       0x24 /opt/devkitpro/devkitARM/bin/../lib/gcc/arm-none-eabi/14.2.0/../../../../arm-none-eabi/lib/thumb/libg.a(libc_a-memmove.o)
 .comment       0x00000045       0x24 /opt/devkitpro/devkitARM/bin/../lib/gcc/arm-none-eabi/14.2.0/../../../../arm-none-eabi/lib/thumb/libg.a(libc_a-time.o)
 .comment       0x00000045       0x24 /opt/devkitpro/devkitARM/bin/../lib/gcc/arm-none-eabi/14.2.0/../../../../arm-none-eabi/lib/thumb/libg.a(libc_a-init.o)
 .comment       0x00000045       0x24 /opt/devkitpro/devkitARM/bin/../lib/gcc/arm-none-eabi/14.2.0/../../../../arm-none-eabi/lib/thumb/libsysbase.a(libsysbase_libsysbase_a-getreent.o)
 .comment       0x00000045       0x24 /opt/devkitpro/devkitARM/bin/../lib/gcc/arm-none-eabi/14.2.0/../../../../arm-none-eabi/lib/thumb/libsysbase.a(libsysbase_libsysbase_a-gettod.o)
 .comment       0x00000045       0x24 /opt/devkitpro/devkitARM/bin/../lib/gcc/arm-none-eabi/14.2.0/../../../../arm-none-eabi/lib/thumb/libsysbase.a(libsysbase_libsysbase_a-malloc_vars.o)
 .comment       0x00000045       0x24 /opt/devkitpro/devkitARM/bin/../lib/gcc/arm-none-eabi/14.2.0/thumb/libgcc.a(_muldi3.o)
 .comment       0x00000045       0x24 /opt/devkitpro/devkitARM/bin/../lib/gcc/arm-none-eabi/14.2.0/../../../../arm-none-eabi/lib/thumb/libg.a(libc_a-impure.o)
 .comment       0x00000045       0x24 /opt/devkitpro/devkitARM/bin/../lib/gcc/arm-none-eabi/14.2.0/../../../../arm-none-eabi/lib/thumb/libg.a(libc_a-findfp.o)
 .comment       0x00000045       0x24 /opt/devkitpro/devkitARM/bin/../lib/gcc/arm-none-eabi/14.2.0/thumb/crtend.o

.debug
 *(.debug)

.line
 *(.line)

.debug_srcinfo
 *(.debug_srcinfo)

.debug_sfnames
 *(.debug_sfnames)

.debug_aranges  0x00000000       0x28
 *(.debug_aranges)
 .debug_aranges
                0x00000000       0x28 snake.o

.debug_pubnames
 *(.debug_pubnames)

.debug_info     0x00000000      0x6d7
 *(.debug_info)
 .debug_info    0x00000000      0x6d7 snake.o

.debug_abbrev   0x00000000      0x367
 *(.debug_abbrev)
 .debug_abbrev  0x00000000      0x367 snake.o

.debug_line     0x00000000      0x6b2
 *(.debug_line)
 .debug_line    0x00000000      0x6b2 snake.o

.debug_frame    0x00000000       0xc8
 *(.debug_frame)
 .debug_frame   0x00000000       0xc8 snake.o

.debug_str      0x00000000      0x2ea
 *(.debug_str)
 .debug_str     0x00000000      0x2ea snake.o
                                0x33b (size before relaxing)

.debug_loc
 *(.debug_loc)

.debug_macinfo
 *(.debug_macinfo)

.debug_weaknames
 *(.debug_weaknames)

.debug_funcnames
 *(.debug_funcnames)

.debug_typenames
 *(.debug_typenames)

.debug_varnames
 *(.debug_varnames)

.stack          0x00080000        0x0
                0x00080000                        _stack = .
 *(.stack)

.note.gnu.arm.ident
 *(.note.gnu.arm.ident)

.ARM.attributes
                0x00000000       0x2c
 *(.ARM.attributes)
 .ARM.attributes
                0x00000000       0x20 /opt/devkitpro/devkitARM/bin/../lib/gcc/arm-none-eabi/14.2.0/../../../../arm-none-eabi/lib/thumb/gba_crt0.o
 .ARM.attributes
                0x00000020       0x1c /opt/devkitpro/devkitARM/bin/../lib/gcc/arm-none-eabi/14.2.0/thumb/crti.o
 .ARM.attributes
                0x0000003c       0x2a /opt/devkitpro/devkitARM/bin/../lib/gcc/arm-none-eabi/14.2.0/thumb/crtbegin.o
 .ARM.attributes
                0x00000066       0x2a snake.o
 .ARM.attributes
                0x00000090       0x2a /opt/devkitpro/libtonc/lib/libtonc.a(tonc_input.o)
 .ARM.attributes
                0x000000ba       0x1a /opt/devkitpro/libtonc/lib/libtonc.a(tonc_bios.o)
 .ARM.attributes
                0x000000d4       0x1a /opt/devkitpro/libtonc/lib/libtonc.a(tonc_memset.o)
 .ARM.attributes
                0x000000ee       0x1c /opt/devkitpro/devkitARM/bin/../lib/gcc/arm-none-eabi/14.2.0/thumb/libgcc.a(_divsi3.o)
 .ARM.attributes
                0x0000010a       0x1c /opt/devkitpro/devkitARM/bin/../lib/gcc/arm-none-eabi/14.2.0/thumb/libgcc.a(_dvmd_tls.o)
 .ARM.attributes
                0x00000126       0x1c /opt/devkitpro/devkitARM/bin/../lib/gcc/arm-none-eabi/14.2.0/thumb/libgcc.a(_sync_none.o)
 .ARM.attributes
                0x00000142       0x2a /opt/devkitpro/devkitARM/bin/../lib/gcc/arm-none-eabi/14.2.0/../../../../arm-none-eabi/lib/thumb/libg.a(libc_a-rand.o)
 .ARM.attributes
                0x0000016c       0x2a /opt/devkitpro/devkitARM/bin/../lib/gcc/arm-none-eabi/14.2.0/../../../../arm-none-eabi/lib/thumb/libg.a(libc_a-memmove.o)
 .ARM.attributes
                0x00000196       0x2a /opt/devkitpro/devkitARM/bin/../lib/gcc/arm-none-eabi/14.2.0/../../../../arm-none-eabi/lib/thumb/libg.a(libc_a-time.o)
 .ARM.attributes
                0x000001c0       0x2a /opt/devkitpro/devkitARM/bin/../lib/gcc/arm-none-eabi/14.2.0/../../../../arm-none-eabi/lib/thumb/libg.a(libc_a-init.o)
 .ARM.attributes
                0x000001ea       0x2a /opt/devkitpro/devkitARM/bin/../lib/gcc/arm-none-eabi/14.2.0/../../../../arm-none-eabi/lib/thumb/libsysbase.a(libsysbase_libsysbase_a-getreent.o)
 .ARM.attributes
                0x00000214       0x2a /opt/devkitpro/devkitARM/bin/../lib/gcc/arm-none-eabi/14.2.0/../../../../arm-none-eabi/lib/thumb/libsysbase.a(libsysbase_libsysbase_a-gettod.o)
 .ARM.attributes
                0x0000023e       0x2a /opt/devkitpro/devkitARM/bin/../lib/gcc/arm-none-eabi/14.2.0/../../../../arm-none-eabi/lib/thumb/libsysbase.a(libsysbase_libsysbase_a-malloc_vars.o)
 .ARM.attributes
                0x00000268       0x2a /opt/devkitpro/devkitARM/bin/../lib/gcc/arm-none-eabi/14.2.0/thumb/libgcc.a(_muldi3.o)
 .ARM.attributes
                0x00000292       0x2a /opt/devkitpro/devkitARM/bin/../lib/gcc/arm-none-eabi/14.2.0/../../../../arm-none-eabi/lib/thumb/libg.a(libc_a-impure.o)
 .ARM.attributes
                0x000002bc       0x2a /opt/devkitpro/devkitARM/bin/../lib/gcc/arm-none-eabi/14.2.0/../../../../arm-none-eabi/lib/thumb/libg.a(libc_a-findfp.o)
 .ARM.attributes
                0x000002e6       0x2a /opt/devkitpro/devkitARM/bin/../lib/gcc/arm-none-eabi/14.2.0/../../../../arm-none-eabi/lib/thumb/libg.a(libc_a-mallocr.o)
 .ARM.attributes
                0x00000310       0x2a /opt/devkitpro/devkitARM/bin/../lib/gcc/arm-none-eabi/14.2.0/../../../../arm-none-eabi/lib/thumb/libg.a(libc_a-freer.o)
 .ARM.attributes
                0x0000033a       0x2a /opt/devkitpro/devkitARM/bin/../lib/gcc/arm-none-eabi/14.2.0/../../../../arm-none-eabi/lib/thumb/libg.a(libc_a-memset.o)
 .ARM.attributes
                0x00000364       0x2a /opt/devkitpro/devkitARM/bin/../lib/gcc/arm-none-eabi/14.2.0/../../../../arm-none-eabi/lib/thumb/libg.a(libc_a-fwalk.o)
 .ARM.attributes
                0x0000038e       0x2a /opt/devkitpro/devkitARM/bin/../lib/gcc/arm-none-eabi/14.2.0/../../../../arm-none-eabi/lib/thumb/libg.a(libc_a-mlock.o)
 .ARM.attributes
                0x000003b8       0x2a /opt/devkitpro/devkitARM/bin/../lib/gcc/arm-none-eabi/14.2.0/../../../../arm-none-eabi/lib/thumb/libg.a(libc_a-stdio.o)
 .ARM.attributes
                0x000003e2       0x2a /opt/devkitpro/devkitARM/bin/../lib/gcc/arm-none-eabi/14.2.0/../../../../arm-none-eabi/lib/thumb/libg.a(libc_a-fclose.o)
 .ARM.attributes
                0x0000040c       0x2a /opt/devkitpro/devkitARM/bin/../lib/gcc/arm-none-eabi/14.2.0/../../../../arm-none-eabi/lib/thumb/libg.a(libc_a-fflush.o)
 .ARM.attributes
                0x00000436       0x2a /opt/devkitpro/devkitARM/bin/../lib/gcc/arm-none-eabi/14.2.0/../../../../arm-none-eabi/lib/thumb/libsysbase.a(libsysbase_libsysbase_a-handle_manager.o)
 .ARM.attributes
                0x00000460       0x2a /opt/devkitpro/devkitARM/bin/../lib/gcc/arm-none-eabi/14.2.0/../../../../arm-none-eabi/lib/thumb/libsysbase.a(libsysbase_libsysbase_a-iosupport.o)
 .ARM.attributes
                0x0000048a       0x2a /opt/devkitpro/devkitARM/bin/../lib/gcc/arm-none-eabi/14.2.0/../../../../arm-none-eabi/lib/thumb/libsysbase.a(libsysbase_libsysbase_a-lseek.o)
 .ARM.attributes
                0x000004b4       0x2a /opt/devkitpro/devkitARM/bin/../lib/gcc/arm-none-eabi/14.2.0/../../../../arm-none-eabi/lib/thumb/libsysbase.a(libsysbase_libsysbase_a-read.o)
 .ARM.attributes
                0x000004de       0x2a /opt/devkitpro/devkitARM/bin/../lib/gcc/arm-none-eabi/14.2.0/../../../../arm-none-eabi/lib/thumb/libsysbase.a(libsysbase_libsysbase_a-sbrk.o)
 .ARM.attributes
                0x00000508       0x2a /opt/devkitpro/devkitARM/bin/../lib/gcc/arm-none-eabi/14.2.0/../../../../arm-none-eabi/lib/thumb/libsysbase.a(libsysbase_libsysbase_a-syscall_support.o)
 .ARM.attributes
                0x00000532       0x2a /opt/devkitpro/devkitARM/bin/../lib/gcc/arm-none-eabi/14.2.0/../../../../arm-none-eabi/lib/thumb/libsysbase.a(libsysbase_libsysbase_a-write.o)
 .ARM.attributes
                0x0000055c       0x2a /opt/devkitpro/devkitARM/bin/../lib/gcc/arm-none-eabi/14.2.0/../../../../arm-none-eabi/lib/thumb/libsysbase.a(libsysbase_libsysbase_a-clocks.o)
 .ARM.attributes
                0x00000586       0x2a /opt/devkitpro/devkitARM/bin/../lib/gcc/arm-none-eabi/14.2.0/../../../../arm-none-eabi/lib/thumb/libg.a(libc_a-strncmp.o)
 .ARM.attributes
                0x000005b0       0x2a /opt/devkitpro/devkitARM/bin/../lib/gcc/arm-none-eabi/14.2.0/../../../../arm-none-eabi/lib/thumb/libg.a(libc_a-strchr.o)
 .ARM.attributes
                0x000005da       0x2a /opt/devkitpro/devkitARM/bin/../lib/gcc/arm-none-eabi/14.2.0/../../../../arm-none-eabi/lib/thumb/libg.a(libc_a-strlen-stub.o)
 .ARM.attributes
                0x00000604       0x2a /opt/devkitpro/devkitARM/bin/../lib/gcc/arm-none-eabi/14.2.0/../../../../arm-none-eabi/lib/thumb/libg.a(libc_a-errno.o)
 .ARM.attributes
                0x0000062e       0x2a /opt/devkitpro/devkitARM/bin/../lib/gcc/arm-none-eabi/14.2.0/../../../../arm-none-eabi/lib/thumb/libg.a(libc_a-malloc.o)
 .ARM.attributes
                0x00000658       0x2a /opt/devkitpro/devkitARM/bin/../lib/gcc/arm-none-eabi/14.2.0/../../../../arm-none-eabi/lib/thumb/libg.a(libc_a-ctype_.o)
 .ARM.attributes
                0x00000682       0x1a /opt/devkitpro/devkitARM/bin/../lib/gcc/arm-none-eabi/14.2.0/../../../../arm-none-eabi/lib/thumb/libg.a(libc_a-strcmp.o)
 .ARM.attributes
                0x0000069c       0x2a /opt/devkitpro/devkitARM/bin/../lib/gcc/arm-none-eabi/14.2.0/../../../../arm-none-eabi/lib/thumb/libg.a(libc_a-malignr.o)
 .ARM.attributes
                0x000006c6       0x1c /opt/devkitpro/devkitARM/bin/../lib/gcc/arm-none-eabi/14.2.0/thumb/libgcc.a(_udivsi3.o)
 .ARM.attributes
                0x000006e2       0x2a /opt/devkitpro/devkitARM/bin/../lib/gcc/arm-none-eabi/14.2.0/thumb/crtend.o
 .ARM.attributes
                0x0000070c       0x1c /opt/devkitpro/devkitARM/bin/../lib/gcc/arm-none-eabi/14.2.0/thumb/crtn.o

/DISCARD/
 *(.note.GNU-stack)
LOAD /opt/devkitpro/devkitARM/bin/../lib/gcc/arm-none-eabi/14.2.0/../../../../arm-none-eabi/lib/thumb/gba_crt0.o
LOAD /opt/devkitpro/devkitARM/bin/../lib/gcc/arm-none-eabi/14.2.0/thumb/crti.o
LOAD /opt/devkitpro/devkitARM/bin/../lib/gcc/arm-none-eabi/14.2.0/thumb/crtbegin.o
LOAD snake.o
LOAD /opt/devkitpro/libgba/lib/libmm.a
LOAD /opt/devkitpro/libtonc/lib/libtonc.a
START GROUP
LOAD /opt/devkitpro/devkitARM/bin/../lib/gcc/arm-none-eabi/14.2.0/thumb/libgcc.a
LOAD /opt/devkitpro/devkitARM/bin/../lib/gcc/arm-none-eabi/14.2.0/../../../../arm-none-eabi/lib/thumb/libg.a
LOAD /opt/devkitpro/devkitARM/bin/../lib/gcc/arm-none-eabi/14.2.0/../../../../arm-none-eabi/lib/thumb/libc.a
LOAD /opt/devkitpro/devkitARM/bin/../lib/gcc/arm-none-eabi/14.2.0/../../../../arm-none-eabi/lib/thumb/libsysbase.a
END GROUP
LOAD /opt/devkitpro/devkitARM/bin/../lib/gcc/arm-none-eabi/14.2.0/thumb/crtend.o
LOAD /opt/devkitpro/devkitARM/bin/../lib/gcc/arm-none-eabi/14.2.0/thumb/crtn.o
OUTPUT(/home/geconf/Nextcloud/gba-dev/projects/snake/snake.elf elf32-littlearm)
LOAD linker stubs

.debug_loclists
                0x00000000      0x159
 .debug_loclists
                0x00000000      0x159 snake.o

.debug_rnglists
                0x00000000       0x85
 .debug_rnglists
                0x00000000       0x85 snake.o
